Component: ARM Compiler 5.06 update 6 (build 750) Tool: armlink [4d35ed]

==============================================================================

Section Cross References

    startup_stm32f407xx.o(RESET) refers to startup_stm32f407xx.o(STACK) for __initial_sp
    startup_stm32f407xx.o(RESET) refers to startup_stm32f407xx.o(.text) for Reset_Handler
    startup_stm32f407xx.o(RESET) refers to stm32f4xx_it.o(i.NMI_Handler) for NMI_Handler
    startup_stm32f407xx.o(RESET) refers to stm32f4xx_it.o(i.HardFault_Handler) for HardFault_Handler
    startup_stm32f407xx.o(RESET) refers to stm32f4xx_it.o(i.MemManage_Handler) for MemManage_Handler
    startup_stm32f407xx.o(RESET) refers to stm32f4xx_it.o(i.BusFault_Handler) for BusFault_Handler
    startup_stm32f407xx.o(RESET) refers to stm32f4xx_it.o(i.UsageFault_Handler) for UsageFault_Handler
    startup_stm32f407xx.o(RESET) refers to stm32f4xx_it.o(i.SVC_Handler) for SVC_Handler
    startup_stm32f407xx.o(RESET) refers to stm32f4xx_it.o(i.DebugMon_Handler) for DebugMon_Handler
    startup_stm32f407xx.o(RESET) refers to stm32f4xx_it.o(i.PendSV_Handler) for PendSV_Handler
    startup_stm32f407xx.o(RESET) refers to stm32f4xx_it.o(i.SysTick_Handler) for SysTick_Handler
    startup_stm32f407xx.o(RESET) refers to stm32f4xx_it.o(i.DMA2_Stream1_IRQHandler) for DMA2_Stream1_IRQHandler
    startup_stm32f407xx.o(RESET) refers to stm32f4xx_it.o(i.DCMI_IRQHandler) for DCMI_IRQHandler
    startup_stm32f407xx.o(.text) refers to system_stm32f4xx.o(i.SystemInit) for SystemInit
    startup_stm32f407xx.o(.text) refers to entry.o(.ARM.Collect$$$$00000000) for __main
    ov2640.o(i.OV2640_Auto_Exposure) refers to ov2640.o(i.SCCB_WR_Reg) for SCCB_WR_Reg
    ov2640.o(i.OV2640_Auto_Exposure) refers to ov2640.o(.constdata) for OV2640_AUTOEXPOSURE_LEVEL
    ov2640.o(i.OV2640_Brightness) refers to ov2640.o(i.SCCB_WR_Reg) for SCCB_WR_Reg
    ov2640.o(i.OV2640_Color_Bar) refers to ov2640.o(i.SCCB_WR_Reg) for SCCB_WR_Reg
    ov2640.o(i.OV2640_Color_Bar) refers to ov2640.o(i.SCCB_RD_Reg) for SCCB_RD_Reg
    ov2640.o(i.OV2640_Color_Saturation) refers to ov2640.o(i.SCCB_WR_Reg) for SCCB_WR_Reg
    ov2640.o(i.OV2640_Contrast) refers to ov2640.o(i.SCCB_WR_Reg) for SCCB_WR_Reg
    ov2640.o(i.OV2640_ImageSize_Set) refers to ov2640.o(i.SCCB_WR_Reg) for SCCB_WR_Reg
    ov2640.o(i.OV2640_ImageWin_Set) refers to ov2640.o(i.SCCB_WR_Reg) for SCCB_WR_Reg
    ov2640.o(i.OV2640_Init) refers to memseta.o(.text) for __aeabi_memclr4
    ov2640.o(i.OV2640_Init) refers to stm32f4xx_hal_gpio.o(i.HAL_GPIO_Init) for HAL_GPIO_Init
    ov2640.o(i.OV2640_Init) refers to stm32f4xx_hal_gpio.o(i.HAL_GPIO_WritePin) for HAL_GPIO_WritePin
    ov2640.o(i.OV2640_Init) refers to stm32f4xx_hal.o(i.HAL_Delay) for HAL_Delay
    ov2640.o(i.OV2640_Init) refers to ov2640.o(i.SCCB_Init) for SCCB_Init
    ov2640.o(i.OV2640_Init) refers to ov2640.o(i.SCCB_WR_Reg) for SCCB_WR_Reg
    ov2640.o(i.OV2640_Init) refers to ov2640.o(i.SCCB_RD_Reg) for SCCB_RD_Reg
    ov2640.o(i.OV2640_Init) refers to printf1.o(i.__0printf$1) for __2printf
    ov2640.o(i.OV2640_Init) refers to ov2640.o(.constdata) for ov2640_sxga_init_reg_tbl
    ov2640.o(i.OV2640_JPEG_Mode) refers to ov2640.o(i.SCCB_WR_Reg) for SCCB_WR_Reg
    ov2640.o(i.OV2640_JPEG_Mode) refers to ov2640.o(.constdata) for ov2640_yuv422_reg_tbl
    ov2640.o(i.OV2640_Light_Mode) refers to ov2640.o(i.SCCB_WR_Reg) for SCCB_WR_Reg
    ov2640.o(i.OV2640_OutSize_Set) refers to ov2640.o(i.SCCB_WR_Reg) for SCCB_WR_Reg
    ov2640.o(i.OV2640_RGB565_Mode) refers to ov2640.o(i.SCCB_WR_Reg) for SCCB_WR_Reg
    ov2640.o(i.OV2640_RGB565_Mode) refers to ov2640.o(.constdata) for ov2640_rgb565_reg_tbl
    ov2640.o(i.OV2640_Special_Effects) refers to ov2640.o(i.SCCB_WR_Reg) for SCCB_WR_Reg
    ov2640.o(i.OV2640_Window_Set) refers to ov2640.o(i.SCCB_WR_Reg) for SCCB_WR_Reg
    ov2640.o(i.OV2640_Window_Set) refers to ov2640.o(i.SCCB_RD_Reg) for SCCB_RD_Reg
    ov2640.o(i.SCCB_Delay_us) refers to stm32f4xx_hal_tim.o(i.HAL_TIM_Base_Start) for HAL_TIM_Base_Start
    ov2640.o(i.SCCB_Delay_us) refers to stm32f4xx_hal_tim.o(i.HAL_TIM_Base_Stop) for HAL_TIM_Base_Stop
    ov2640.o(i.SCCB_Delay_us) refers to tim.o(.bss) for htim7
    ov2640.o(i.SCCB_Init) refers to memseta.o(.text) for __aeabi_memclr4
    ov2640.o(i.SCCB_Init) refers to stm32f4xx_hal_gpio.o(i.HAL_GPIO_Init) for HAL_GPIO_Init
    ov2640.o(i.SCCB_Init) refers to stm32f4xx_hal_gpio.o(i.HAL_GPIO_WritePin) for HAL_GPIO_WritePin
    ov2640.o(i.SCCB_No_Ack) refers to ov2640.o(i.SCCB_Delay_us) for SCCB_Delay_us
    ov2640.o(i.SCCB_No_Ack) refers to stm32f4xx_hal_gpio.o(i.HAL_GPIO_WritePin) for HAL_GPIO_WritePin
    ov2640.o(i.SCCB_RD_Byte) refers to ov2640.o(i.SCCB_Delay_us) for SCCB_Delay_us
    ov2640.o(i.SCCB_RD_Byte) refers to stm32f4xx_hal_gpio.o(i.HAL_GPIO_WritePin) for HAL_GPIO_WritePin
    ov2640.o(i.SCCB_RD_Byte) refers to stm32f4xx_hal_gpio.o(i.HAL_GPIO_ReadPin) for HAL_GPIO_ReadPin
[...]
    Removing stm32f4xx_hal_tim.o(i.HAL_TIM_OC_Start_IT), (164 bytes).
    Removing stm32f4xx_hal_tim.o(i.HAL_TIM_OC_Stop), (128 bytes).
    Removing stm32f4xx_hal_tim.o(i.HAL_TIM_OC_Stop_DMA), (236 bytes).
    Removing stm32f4xx_hal_tim.o(i.HAL_TIM_OC_Stop_IT), (204 bytes).
    Removing stm32f4xx_hal_tim.o(i.HAL_TIM_OnePulse_ConfigChannel), (286 bytes).
    Removing stm32f4xx_hal_tim.o(i.HAL_TIM_OnePulse_DeInit), (70 bytes).
    Removing stm32f4xx_hal_tim.o(i.HAL_TIM_OnePulse_GetState), (8 bytes).
    Removing stm32f4xx_hal_tim.o(i.HAL_TIM_OnePulse_Init), (76 bytes).
    Removing stm32f4xx_hal_tim.o(i.HAL_TIM_OnePulse_MspDeInit), (2 bytes).
    Removing stm32f4xx_hal_tim.o(i.HAL_TIM_OnePulse_MspInit), (2 bytes).
    Removing stm32f4xx_hal_tim.o(i.HAL_TIM_OnePulse_Start), (76 bytes).
    Removing stm32f4xx_hal_tim.o(i.HAL_TIM_OnePulse_Start_IT), (100 bytes).
    Removing stm32f4xx_hal_tim.o(i.HAL_TIM_OnePulse_Stop), (140 bytes).
    Removing stm32f4xx_hal_tim.o(i.HAL_TIM_OnePulse_Stop_IT), (164 bytes).
    Removing stm32f4xx_hal_tim.o(i.HAL_TIM_PWM_ConfigChannel), (264 bytes).
    Removing stm32f4xx_hal_tim.o(i.HAL_TIM_PWM_DeInit), (70 bytes).
    Removing stm32f4xx_hal_tim.o(i.HAL_TIM_PWM_GetState), (8 bytes).
    Removing stm32f4xx_hal_tim.o(i.HAL_TIM_PWM_Init), (52 bytes).
    Removing stm32f4xx_hal_tim.o(i.HAL_TIM_PWM_MspDeInit), (2 bytes).
    Removing stm32f4xx_hal_tim.o(i.HAL_TIM_PWM_MspInit), (2 bytes).
    Removing stm32f4xx_hal_tim.o(i.HAL_TIM_PWM_PulseFinishedCallback), (2 bytes).
    Removing stm32f4xx_hal_tim.o(i.HAL_TIM_PWM_PulseFinishedHalfCpltCallback), (2 bytes).
    Removing stm32f4xx_hal_tim.o(i.HAL_TIM_PWM_Start), (88 bytes).
    Removing stm32f4xx_hal_tim.o(i.HAL_TIM_PWM_Start_DMA), (376 bytes).
    Removing stm32f4xx_hal_tim.o(i.HAL_TIM_PWM_Start_IT), (164 bytes).
    Removing stm32f4xx_hal_tim.o(i.HAL_TIM_PWM_Stop), (136 bytes).
    Removing stm32f4xx_hal_tim.o(i.HAL_TIM_PWM_Stop_DMA), (236 bytes).
    Removing stm32f4xx_hal_tim.o(i.HAL_TIM_PWM_Stop_IT), (204 bytes).
    Removing stm32f4xx_hal_tim.o(i.HAL_TIM_PeriodElapsedCallback), (2 bytes).
    Removing stm32f4xx_hal_tim.o(i.HAL_TIM_PeriodElapsedHalfCpltCallback), (2 bytes).
    Removing stm32f4xx_hal_tim.o(i.HAL_TIM_ReadCapturedValue), (50 bytes).
    Removing stm32f4xx_hal_tim.o(i.HAL_TIM_SlaveConfigSynchro), (108 bytes).
    Removing stm32f4xx_hal_tim.o(i.HAL_TIM_SlaveConfigSynchro_IT), (108 bytes).
    Removing stm32f4xx_hal_tim.o(i.HAL_TIM_TriggerCallback), (2 bytes).
    Removing stm32f4xx_hal_tim.o(i.HAL_TIM_TriggerHalfCpltCallback), (2 bytes).
    Removing stm32f4xx_hal_tim.o(i.TIM_CCxChannelCmd), (34 bytes).
    Removing stm32f4xx_hal_tim.o(i.TIM_DMACaptureCplt), (70 bytes).
    Removing stm32f4xx_hal_tim.o(i.TIM_DMACaptureHalfCplt), (70 bytes).
    Removing stm32f4xx_hal_tim.o(i.TIM_DMADelayPulseCplt), (70 bytes).
    Removing stm32f4xx_hal_tim.o(i.TIM_DMADelayPulseHalfCplt), (70 bytes).
    Removing stm32f4xx_hal_tim.o(i.TIM_DMAError), (20 bytes).
    Removing stm32f4xx_hal_tim.o(i.TIM_DMAPeriodElapsedCplt), (20 bytes).
    Removing stm32f4xx_hal_tim.o(i.TIM_DMAPeriodElapsedHalfCplt), (20 bytes).
    Removing stm32f4xx_hal_tim.o(i.TIM_DMATriggerCplt), (20 bytes).
    Removing stm32f4xx_hal_tim.o(i.TIM_DMATriggerHalfCplt), (20 bytes).
    Removing stm32f4xx_hal_tim.o(i.TIM_ETR_SetConfig), (22 bytes).
    Removing stm32f4xx_hal_tim.o(i.TIM_ITRx_SetConfig), (18 bytes).
    Removing stm32f4xx_hal_tim.o(i.TIM_OC1_SetConfig), (112 bytes).
    Removing stm32f4xx_hal_tim.o(i.TIM_OC2_SetConfig), (124 bytes).
    Removing stm32f4xx_hal_tim.o(i.TIM_OC3_SetConfig), (120 bytes).
    Removing stm32f4xx_hal_tim.o(i.TIM_OC4_SetConfig), (84 bytes).
    Removing stm32f4xx_hal_tim.o(i.TIM_SlaveTimer_SetConfig), (170 bytes).
    Removing stm32f4xx_hal_tim.o(i.TIM_TI1_ConfigInputStage), (38 bytes).
    Removing stm32f4xx_hal_tim.o(i.TIM_TI1_SetConfig), (144 bytes).
    Removing stm32f4xx_hal_tim.o(i.TIM_TI2_ConfigInputStage), (40 bytes).
    Removing stm32f4xx_hal_tim.o(i.TIM_TI2_SetConfig), (58 bytes).
    Removing stm32f4xx_hal_tim.o(i.TIM_TI3_SetConfig), (56 bytes).
    Removing stm32f4xx_hal_tim.o(i.TIM_TI4_SetConfig), (60 bytes).
    Removing stm32f4xx_hal_tim_ex.o(.rev16_text), (4 bytes).
    Removing stm32f4xx_hal_tim_ex.o(.revsh_text), (4 bytes).
    Removing stm32f4xx_hal_tim_ex.o(.rrx_text), (6 bytes).
    Removing stm32f4xx_hal_tim_ex.o(i.HAL_TIMEx_BreakCallback), (2 bytes).
    Removing stm32f4xx_hal_tim_ex.o(i.HAL_TIMEx_CommutCallback), (2 bytes).
    Removing stm32f4xx_hal_tim_ex.o(i.HAL_TIMEx_CommutHalfCpltCallback), (2 bytes).
    Removing stm32f4xx_hal_tim_ex.o(i.HAL_TIMEx_ConfigBreakDeadTime), (116 bytes).
    Removing stm32f4xx_hal_tim_ex.o(i.HAL_TIMEx_ConfigCommutEvent), (134 bytes).
    Removing stm32f4xx_hal_tim_ex.o(i.HAL_TIMEx_ConfigCommutEvent_DMA), (164 bytes).
    Removing stm32f4xx_hal_tim_ex.o(i.HAL_TIMEx_ConfigCommutEvent_IT), (134 bytes).
    Removing stm32f4xx_hal_tim_ex.o(i.HAL_TIMEx_HallSensor_DeInit), (70 bytes).
    Removing stm32f4xx_hal_tim_ex.o(i.HAL_TIMEx_HallSensor_GetState), (8 bytes).
    Removing stm32f4xx_hal_tim_ex.o(i.HAL_TIMEx_HallSensor_Init), (208 bytes).
    Removing stm32f4xx_hal_tim_ex.o(i.HAL_TIMEx_HallSensor_MspDeInit), (2 bytes).
    Removing stm32f4xx_hal_tim_ex.o(i.HAL_TIMEx_HallSensor_MspInit), (2 bytes).
    Removing stm32f4xx_hal_tim_ex.o(i.HAL_TIMEx_HallSensor_Start), (42 bytes).
    Removing stm32f4xx_hal_tim_ex.o(i.HAL_TIMEx_HallSensor_Start_DMA), (144 bytes).
    Removing stm32f4xx_hal_tim_ex.o(i.HAL_TIMEx_HallSensor_Start_IT), (54 bytes).
    Removing stm32f4xx_hal_tim_ex.o(i.HAL_TIMEx_HallSensor_Stop), (56 bytes).
    Removing stm32f4xx_hal_tim_ex.o(i.HAL_TIMEx_HallSensor_Stop_DMA), (74 bytes).
    Removing stm32f4xx_hal_tim_ex.o(i.HAL_TIMEx_HallSensor_Stop_IT), (68 bytes).
    Removing stm32f4xx_hal_tim_ex.o(i.HAL_TIMEx_OCN_Start), (56 bytes).
    Removing stm32f4xx_hal_tim_ex.o(i.HAL_TIMEx_OCN_Start_DMA), (288 bytes).
    Removing stm32f4xx_hal_tim_ex.o(i.HAL_TIMEx_OCN_Start_IT), (126 bytes).
    Removing stm32f4xx_hal_tim_ex.o(i.HAL_TIMEx_OCN_Stop), (96 bytes).
    Removing stm32f4xx_hal_tim_ex.o(i.HAL_TIMEx_OCN_Stop_DMA), (178 bytes).
    Removing stm32f4xx_hal_tim_ex.o(i.HAL_TIMEx_OCN_Stop_IT), (178 bytes).
    Removing stm32f4xx_hal_tim_ex.o(i.HAL_TIMEx_OnePulseN_Start), (32 bytes).
    Removing stm32f4xx_hal_tim_ex.o(i.HAL_TIMEx_OnePulseN_Start_IT), (56 bytes).
    Removing stm32f4xx_hal_tim_ex.o(i.HAL_TIMEx_OnePulseN_Stop), (96 bytes).
    Removing stm32f4xx_hal_tim_ex.o(i.HAL_TIMEx_OnePulseN_Stop_IT), (120 bytes).
    Removing stm32f4xx_hal_tim_ex.o(i.HAL_TIMEx_PWMN_Start), (56 bytes).
    Removing stm32f4xx_hal_tim_ex.o(i.HAL_TIMEx_PWMN_Start_DMA), (288 bytes).
    Removing stm32f4xx_hal_tim_ex.o(i.HAL_TIMEx_PWMN_Start_IT), (126 bytes).
    Removing stm32f4xx_hal_tim_ex.o(i.HAL_TIMEx_PWMN_Stop), (96 bytes).
    Removing stm32f4xx_hal_tim_ex.o(i.HAL_TIMEx_PWMN_Stop_DMA), (178 bytes).
    Removing stm32f4xx_hal_tim_ex.o(i.HAL_TIMEx_PWMN_Stop_IT), (178 bytes).
    Removing stm32f4xx_hal_tim_ex.o(i.HAL_TIMEx_RemapConfig), (42 bytes).
    Removing stm32f4xx_hal_tim_ex.o(i.TIMEx_DMACommutationCplt), (20 bytes).
    Removing stm32f4xx_hal_tim_ex.o(i.TIMEx_DMACommutationHalfCplt), (20 bytes).
    Removing stm32f4xx_hal_tim_ex.o(i.TIM_CCxNChannelCmd), (34 bytes).
    Removing stm32f4xx_hal_uart.o(.rev16_text), (4 bytes).
    Removing stm32f4xx_hal_uart.o(.revsh_text), (4 bytes).
    Removing stm32f4xx_hal_uart.o(.rrx_text), (6 bytes).
    Removing stm32f4xx_hal_uart.o(i.HAL_HalfDuplex_EnableReceiver), (68 bytes).
    Removing stm32f4xx_hal_uart.o(i.HAL_HalfDuplex_EnableTransmitter), (68 bytes).
    Removing stm32f4xx_hal_uart.o(i.HAL_HalfDuplex_Init), (118 bytes).
    Removing stm32f4xx_hal_uart.o(i.HAL_LIN_Init), (142 bytes).
    Removing stm32f4xx_hal_uart.o(i.HAL_LIN_SendBreak), (62 bytes).
    Removing stm32f4xx_hal_uart.o(i.HAL_MultiProcessor_EnterMuteMode), (62 bytes).
    Removing stm32f4xx_hal_uart.o(i.HAL_MultiProcessor_ExitMuteMode), (62 bytes).
    Removing stm32f4xx_hal_uart.o(i.HAL_MultiProcessor_Init), (154 bytes).
    Removing stm32f4xx_hal_uart.o(i.HAL_UART_Abort), (170 bytes).
    Removing stm32f4xx_hal_uart.o(i.HAL_UART_AbortCpltCallback), (2 bytes).
    Removing stm32f4xx_hal_uart.o(i.HAL_UART_AbortReceive), (102 bytes).
    Removing stm32f4xx_hal_uart.o(i.HAL_UART_AbortReceiveCpltCallback), (2 bytes).
    Removing stm32f4xx_hal_uart.o(i.HAL_UART_AbortReceive_IT), (120 bytes).
    Removing stm32f4xx_hal_uart.o(i.HAL_UART_AbortTransmit), (90 bytes).
    Removing stm32f4xx_hal_uart.o(i.HAL_UART_AbortTransmitCpltCallback), (2 bytes).
    Removing stm32f4xx_hal_uart.o(i.HAL_UART_AbortTransmit_IT), (108 bytes).
    Removing stm32f4xx_hal_uart.o(i.HAL_UART_Abort_IT), (224 bytes).
    Removing stm32f4xx_hal_uart.o(i.HAL_UART_DMAPause), (124 bytes).
    Removing stm32f4xx_hal_uart.o(i.HAL_UART_DMAResume), (126 bytes).
    Removing stm32f4xx_hal_uart.o(i.HAL_UART_DMAStop), (102 bytes).
    Removing stm32f4xx_hal_uart.o(i.HAL_UART_DeInit), (58 bytes).
    Removing stm32f4xx_hal_uart.o(i.HAL_UART_ErrorCallback), (2 bytes).
    Removing stm32f4xx_hal_uart.o(i.HAL_UART_GetError), (6 bytes).
    Removing stm32f4xx_hal_uart.o(i.HAL_UART_GetState), (20 bytes).
    Removing stm32f4xx_hal_uart.o(i.HAL_UART_IRQHandler), (340 bytes).
    Removing stm32f4xx_hal_uart.o(i.HAL_UART_MspDeInit), (2 bytes).
    Removing stm32f4xx_hal_uart.o(i.HAL_UART_MspInit), (2 bytes).
    Removing stm32f4xx_hal_uart.o(i.HAL_UART_Receive), (224 bytes).
    Removing stm32f4xx_hal_uart.o(i.HAL_UART_Receive_DMA), (196 bytes).
    Removing stm32f4xx_hal_uart.o(i.HAL_UART_Receive_IT), (112 bytes).
    Removing stm32f4xx_hal_uart.o(i.HAL_UART_RxCpltCallback), (2 bytes).
    Removing stm32f4xx_hal_uart.o(i.HAL_UART_RxHalfCpltCallback), (2 bytes).
    Removing stm32f4xx_hal_uart.o(i.HAL_UART_Transmit_DMA), (156 bytes).
    Removing stm32f4xx_hal_uart.o(i.HAL_UART_Transmit_IT), (88 bytes).
    Removing stm32f4xx_hal_uart.o(i.HAL_UART_TxCpltCallback), (2 bytes).
    Removing stm32f4xx_hal_uart.o(i.HAL_UART_TxHalfCpltCallback), (2 bytes).
    Removing stm32f4xx_hal_uart.o(i.UART_DMAAbortOnError), (20 bytes).
    Removing stm32f4xx_hal_uart.o(i.UART_DMAError), (80 bytes).
    Removing stm32f4xx_hal_uart.o(i.UART_DMAReceiveCplt), (70 bytes).
    Removing stm32f4xx_hal_uart.o(i.UART_DMARxAbortCallback), (52 bytes).
    Removing stm32f4xx_hal_uart.o(i.UART_DMARxHalfCplt), (14 bytes).
    Removing stm32f4xx_hal_uart.o(i.UART_DMARxOnlyAbortCallback), (24 bytes).
    Removing stm32f4xx_hal_uart.o(i.UART_DMATransmitCplt), (54 bytes).
    Removing stm32f4xx_hal_uart.o(i.UART_DMATxAbortCallback), (52 bytes).
    Removing stm32f4xx_hal_uart.o(i.UART_DMATxHalfCplt), (14 bytes).
    Removing stm32f4xx_hal_uart.o(i.UART_DMATxOnlyAbortCallback), (24 bytes).
    Removing stm32f4xx_hal_uart.o(i.UART_EndRxTransfer), (32 bytes).
    Removing stm32f4xx_hal_uart.o(i.UART_EndTransmit_IT), (32 bytes).
    Removing stm32f4xx_hal_uart.o(i.UART_EndTxTransfer), (20 bytes).
    Removing stm32f4xx_hal_uart.o(i.UART_Receive_IT), (166 bytes).
    Removing stm32f4xx_hal_uart.o(i.UART_Transmit_IT), (104 bytes).
    Removing system_stm32f4xx.o(.rev16_text), (4 bytes).
    Removing system_stm32f4xx.o(.revsh_text), (4 bytes).
    Removing system_stm32f4xx.o(.rrx_text), (6 bytes).
    Removing system_stm32f4xx.o(i.SystemCoreClockUpdate), (192 bytes).
    Removing dadd.o(.text), (334 bytes).
    Removing ddiv.o(.text), (222 bytes).
    Removing dfixul.o(.text), (48 bytes).
    Removing cdrcmple.o(.text), (48 bytes).

505 unused section(s) (total 33506 bytes) removed from the image.

==============================================================================

Image Symbol Table

    Local Symbols

    Symbol Name                              Value     Ov Type        Size  Object(Section)

    ../Core/Src/dcmi.c                       0x00000000   Number         0  dcmi.o ABSOLUTE
    ../Core/Src/dma.c                        0x00000000   Number         0  dma.o ABSOLUTE
    ../Core/Src/fsmc.c                       0x00000000   Number         0  fsmc.o ABSOLUTE
    ../Core/Src/gpio.c                       0x00000000   Number         0  gpio.o ABSOLUTE
    ../Core/Src/main.c                       0x00000000   Number         0  main.o ABSOLUTE
    ../Core/Src/stm32f4xx_hal_msp.c          0x00000000   Number         0  stm32f4xx_hal_msp.o ABSOLUTE
    ../Core/Src/stm32f4xx_it.c               0x00000000   Number         0  stm32f4xx_it.o ABSOLUTE
    ../Core/Src/system_stm32f4xx.c           0x00000000   Number         0  system_stm32f4xx.o ABSOLUTE
    ../Core/Src/tim.c                        0x00000000   Number         0  tim.o ABSOLUTE
    ../Core/Src/usart.c                      0x00000000   Number         0  usart.o ABSOLUTE
    ../Drivers/STM32F4xx_HAL_Driver/Src/stm32f4xx_hal.c 0x00000000   Number         0  stm32f4xx_hal.o ABSOLUTE
    ../Drivers/STM32F4xx_HAL_Driver/Src/stm32f4xx_hal_cortex.c 0x00000000   Number         0  stm32f4xx_hal_cortex.o ABSOLUTE
    ../Drivers/STM32F4xx_HAL_Driver/Src/stm32f4xx_hal_dcmi.c 0x00000000   Number         0  stm32f4xx_hal_dcmi.o ABSOLUTE
    ../Drivers/STM32F4xx_HAL_Driver/Src/stm32f4xx_hal_dcmi_ex.c 0x00000000   Number         0  stm32f4xx_hal_dcmi_ex.o ABSOLUTE
    ../Drivers/STM32F4xx_HAL_Driver/Src/stm32f4xx_hal_dma.c 0x00000000   Number         0  stm32f4xx_hal_dma.o ABSOLUTE
    ../Drivers/STM32F4xx_HAL_Driver/Src/stm32f4xx_hal_dma_ex.c 0x00000000   Number         0  stm32f4xx_hal_dma_ex.o ABSOLUTE
    ../Drivers/STM32F4xx_HAL_Driver/Src/stm32f4xx_hal_exti.c 0x00000000   Number         0  stm32f4xx_hal_exti.o ABSOLUTE
    ../Drivers/STM32F4xx_HAL_Driver/Src/stm32f4xx_hal_flash.c 0x00000000   Number         0  stm32f4xx_hal_flash.o ABSOLUTE
    ../Drivers/STM32F4xx_HAL_Driver/Src/stm32f4xx_hal_flash_ex.c 0x00000000   Number         0  stm32f4xx_hal_flash_ex.o ABSOLUTE
    ../Drivers/STM32F4xx_HAL_Driver/Src/stm32f4xx_hal_flash_ramfunc.c 0x00000000   Number         0  stm32f4xx_hal_flash_ramfunc.o ABSOLUTE
    ../Drivers/STM32F4xx_HAL_Driver/Src/stm32f4xx_hal_gpio.c 0x00000000   Number         0  stm32f4xx_hal_gpio.o ABSOLUTE
    ../Drivers/STM32F4xx_HAL_Driver/Src/stm32f4xx_hal_pwr.c 0x00000000   Number         0  stm32f4xx_hal_pwr.o ABSOLUTE
    ../Drivers/STM32F4xx_HAL_Driver/Src/stm32f4xx_hal_pwr_ex.c 0x00000000   Number         0  stm32f4xx_hal_pwr_ex.o ABSOLUTE
    ../Drivers/STM32F4xx_HAL_Driver/Src/stm32f4xx_hal_rcc.c 0x00000000   Number         0  stm32f4xx_hal_rcc.o ABSOLUTE
    ../Drivers/STM32F4xx_HAL_Driver/Src/stm32f4xx_hal_rcc_ex.c 0x00000000   Number         0  stm32f4xx_hal_rcc_ex.o ABSOLUTE
    ../Drivers/STM32F4xx_HAL_Driver/Src/stm32f4xx_hal_sram.c 0x00000000   Number         0  stm32f4xx_hal_sram.o ABSOLUTE
    ../Drivers/STM32F4xx_HAL_Driver/Src/stm32f4xx_hal_tim.c 0x00000000   Number         0  stm32f4xx_hal_tim.o ABSOLUTE
    ../Drivers/STM32F4xx_HAL_Driver/Src/stm32f4xx_hal_tim_ex.c 0x00000000   Number         0  stm32f4xx_hal_tim_ex.o ABSOLUTE
    ../Drivers/STM32F4xx_HAL_Driver/Src/stm32f4xx_hal_uart.c 0x00000000   Number         0  stm32f4xx_hal_uart.o ABSOLUTE
    ../Drivers/STM32F4xx_HAL_Driver/Src/stm32f4xx_ll_fsmc.c 0x00000000   Number         0  stm32f4xx_ll_fsmc.o ABSOLUTE
    ../clib/microlib/division.c              0x00000000   Number         0  uidiv.o ABSOLUTE
    ../clib/microlib/division.c              0x00000000   Number         0  uldiv.o ABSOLUTE
    ../clib/microlib/init/entry.s            0x00000000   Number         0  entry9a.o ABSOLUTE
    ../clib/microlib/init/entry.s            0x00000000   Number         0  entry.o ABSOLUTE
    ../clib/microlib/init/entry.s            0x00000000   Number         0  entry8b.o ABSOLUTE
    ../clib/microlib/init/entry.s            0x00000000   Number         0  entry5.o ABSOLUTE
    ../clib/microlib/init/entry.s            0x00000000   Number         0  entry9b.o ABSOLUTE
    ../clib/microlib/init/entry.s            0x00000000   Number         0  entry11a.o ABSOLUTE
    ../clib/microlib/init/entry.s            0x00000000   Number         0  entry10a.o ABSOLUTE
    ../clib/microlib/init/entry.s            0x00000000   Number         0  entry11b.o ABSOLUTE
    ../clib/microlib/init/entry.s            0x00000000   Number         0  entry10b.o ABSOLUTE
    ../clib/microlib/init/entry.s            0x00000000   Number         0  entry2.o ABSOLUTE
    ../clib/microlib/init/entry.s            0x00000000   Number         0  entry7a.o ABSOLUTE
    ../clib/microlib/init/entry.s            0x00000000   Number         0  entry7b.o ABSOLUTE
    ../clib/microlib/init/entry.s            0x00000000   Number         0  entry8a.o ABSOLUTE
    ../clib/microlib/longlong.c              0x00000000   Number         0  llsshr.o ABSOLUTE
    ../clib/microlib/longlong.c              0x00000000   Number         0  llshl.o ABSOLUTE
    ../clib/microlib/longlong.c              0x00000000   Number         0  llushr.o ABSOLUTE
    ../clib/microlib/printf/printf.c         0x00000000   Number         0  printf4.o ABSOLUTE
    ../clib/microlib/printf/printf.c         0x00000000   Number         0  printf5.o ABSOLUTE
    ../clib/microlib/printf/printf.c         0x00000000   Number         0  printf3.o ABSOLUTE
    ../clib/microlib/printf/printf.c         0x00000000   Number         0  printf7.o ABSOLUTE
    ../clib/microlib/printf/printf.c         0x00000000   Number         0  printf6.o ABSOLUTE
    ../clib/microlib/printf/printf.c         0x00000000   Number         0  printfa.o ABSOLUTE
    ../clib/microlib/printf/printf.c         0x00000000   Number         0  printf2.o ABSOLUTE
    ../clib/microlib/printf/printf.c         0x00000000   Number         0  printf1.o ABSOLUTE
    ../clib/microlib/printf/printf.c         0x00000000   Number         0  printf0.o ABSOLUTE
    ../clib/microlib/printf/printf.c         0x00000000   Number         0  printfb.o ABSOLUTE
    ../clib/microlib/printf/printf.c         0x00000000   Number         0  printf8.o ABSOLUTE
    ../clib/microlib/printf/stubs.s          0x00000000   Number         0  stubs.o ABSOLUTE
    ../clib/microlib/stdio/streams.c         0x00000000   Number         0  stdout.o ABSOLUTE
    ../clib/microlib/string/memset.c         0x00000000   Number         0  memseta.o ABSOLUTE
    ../clib/microlib/stubs.s                 0x00000000   Number         0  iusefp.o ABSOLUTE
    ../fplib/microlib/fpadd.c                0x00000000   Number         0  dadd.o ABSOLUTE
    ../fplib/microlib/fpdiv.c                0x00000000   Number         0  ddiv.o ABSOLUTE
    ../fplib/microlib/fpepilogue.c           0x00000000   Number         0  depilogue.o ABSOLUTE
    ../fplib/microlib/fpfix.c                0x00000000   Number         0  dfixui.o ABSOLUTE
    ../fplib/microlib/fpfix.c                0x00000000   Number         0  dfixul.o ABSOLUTE
    ../fplib/microlib/fpflt.c                0x00000000   Number         0  dfltui.o ABSOLUTE
    ../fplib/microlib/fpmul.c                0x00000000   Number         0  dmul.o ABSOLUTE
    ..\Core\Src\ILI93xx.c                    0x00000000   Number         0  ili93xx.o ABSOLUTE
    ..\Core\Src\dcmi.c                       0x00000000   Number         0  dcmi.o ABSOLUTE
    ..\Core\Src\dma.c                        0x00000000   Number         0  dma.o ABSOLUTE
    ..\Core\Src\fsmc.c                       0x00000000   Number         0  fsmc.o ABSOLUTE
    ..\Core\Src\gpio.c                       0x00000000   Number         0  gpio.o ABSOLUTE
    ..\Core\Src\main.c                       0x00000000   Number         0  main.o ABSOLUTE
    ..\Core\Src\ov2640.c                     0x00000000   Number         0  ov2640.o ABSOLUTE
    ..\Core\Src\stm32f4xx_hal_msp.c          0x00000000   Number         0  stm32f4xx_hal_msp.o ABSOLUTE
    ..\Core\Src\stm32f4xx_it.c               0x00000000   Number         0  stm32f4xx_it.o ABSOLUTE
    ..\Core\Src\system_stm32f4xx.c           0x00000000   Number         0  system_stm32f4xx.o ABSOLUTE
    ..\Core\Src\tim.c                        0x00000000   Number         0  tim.o ABSOLUTE
    ..\Core\Src\usart.c                      0x00000000   Number         0  usart.o ABSOLUTE
    ..\Drivers\STM32F4xx_HAL_Driver\Src\stm32f4xx_hal.c 0x00000000   Number         0  stm32f4xx_hal.o ABSOLUTE
    ..\Drivers\STM32F4xx_HAL_Driver\Src\stm32f4xx_hal_cortex.c 0x00000000   Number         0  stm32f4xx_hal_cortex.o ABSOLUTE
    ..\Drivers\STM32F4xx_HAL_Driver\Src\stm32f4xx_hal_dcmi.c 0x00000000   Number         0  stm32f4xx_hal_dcmi.o ABSOLUTE
    ..\Drivers\STM32F4xx_HAL_Driver\Src\stm32f4xx_hal_dcmi_ex.c 0x00000000   Number         0  stm32f4xx_hal_dcmi_ex.o ABSOLUTE
    ..\Drivers\STM32F4xx_HAL_Driver\Src\stm32f4xx_hal_dma.c 0x00000000   Number         0  stm32f4xx_hal_dma.o ABSOLUTE
    ..\Drivers\STM32F4xx_HAL_Driver\Src\stm32f4xx_hal_dma_ex.c 0x00000000   Number         0  stm32f4xx_hal_dma_ex.o ABSOLUTE
    ..\Drivers\STM32F4xx_HAL_Driver\Src\stm32f4xx_hal_exti.c 0x00000000   Number         0  stm32f4xx_hal_exti.o ABSOLUTE
    ..\Drivers\STM32F4xx_HAL_Driver\Src\stm32f4xx_hal_flash.c 0x00000000   Number         0  stm32f4xx_hal_flash.o ABSOLUTE
    ..\Drivers\STM32F4xx_HAL_Driver\Src\stm32f4xx_hal_flash_ex.c 0x00000000   Number         0  stm32f4xx_hal_flash_ex.o ABSOLUTE
    ..\Drivers\STM32F4xx_HAL_Driver\Src\stm32f4xx_hal_flash_ramfunc.c 0x00000000   Number         0  stm32f4xx_hal_flash_ramfunc.o ABSOLUTE
    ..\Drivers\STM32F4xx_HAL_Driver\Src\stm32f4xx_hal_gpio.c 0x00000000   Number         0  stm32f4xx_hal_gpio.o ABSOLUTE
    ..\Drivers\STM32F4xx_HAL_Driver\Src\stm32f4xx_hal_pwr.c 0x00000000   Number         0  stm32f4xx_hal_pwr.o ABSOLUTE
    ..\Drivers\STM32F4xx_HAL_Driver\Src\stm32f4xx_hal_pwr_ex.c 0x00000000   Number         0  stm32f4xx_hal_pwr_ex.o ABSOLUTE
    ..\Drivers\STM32F4xx_HAL_Driver\Src\stm32f4xx_hal_rcc.c 0x00000000   Number         0  stm32f4xx_hal_rcc.o ABSOLUTE
    ..\Drivers\STM32F4xx_HAL_Driver\Src\stm32f4xx_hal_rcc_ex.c 0x00000000   Number         0  stm32f4xx_hal_rcc_ex.o ABSOLUTE
    ..\Drivers\STM32F4xx_HAL_Driver\Src\stm32f4xx_hal_sram.c 0x00000000   Number         0  stm32f4xx_hal_sram.o ABSOLUTE
    ..\Drivers\STM32F4xx_HAL_Driver\Src\stm32f4xx_hal_tim.c 0x00000000   Number         0  stm32f4xx_hal_tim.o ABSOLUTE
    ..\Drivers\STM32F4xx_HAL_Driver\Src\stm32f4xx_hal_tim_ex.c 0x00000000   Number         0  stm32f4xx_hal_tim_ex.o ABSOLUTE
    ..\Drivers\STM32F4xx_HAL_Driver\Src\stm32f4xx_hal_uart.c 0x00000000   Number         0  stm32f4xx_hal_uart.o ABSOLUTE
    ..\Drivers\STM32F4xx_HAL_Driver\Src\stm32f4xx_ll_fsmc.c 0x00000000   Number         0  stm32f4xx_ll_fsmc.o ABSOLUTE
    ..\\Core\\Src\\ILI93xx.c                 0x00000000   Number         0  ili93xx.o ABSOLUTE
    ..\\Core\\Src\\ov2640.c                  0x00000000   Number         0  ov2640.o ABSOLUTE
    cdrcmple.s                               0x00000000   Number         0  cdrcmple.o ABSOLUTE
    dc.s                                     0x00000000   Number         0  dc.o ABSOLUTE
    handlers.s                               0x00000000   Number         0  handlers.o ABSOLUTE
    init.s                                   0x00000000   Number         0  init.o ABSOLUTE
    startup_stm32f407xx.s                    0x00000000   Number         0  startup_stm32f407xx.o ABSOLUTE
    RESET                                    0x08000000   Section      392  startup_stm32f407xx.o(RESET)
    .ARM.Collect$$$$00000000                 0x08000188   Section        0  entry.o(.ARM.Collect$$$$00000000)
    .ARM.Collect$$$$00000001                 0x08000188   Section        4  entry2.o(.ARM.Collect$$$$00000001)
    .ARM.Collect$$$$00000004                 0x0800018c   Section        4  entry5.o(.ARM.Collect$$$$00000004)
    .ARM.Collect$$$$00000008                 0x08000190   Section        0  entry7b.o(.ARM.Collect$$$$00000008)
    .ARM.Collect$$$$0000000A                 0x08000190   Section        0  entry8b.o(.ARM.Collect$$$$0000000A)
    .ARM.Collect$$$$0000000B                 0x08000190   Section        8  entry9a.o(.ARM.Collect$$$$0000000B)
    .ARM.Collect$$$$0000000D                 0x08000198   Section        0  entry10a.o(.ARM.Collect$$$$0000000D)
    .ARM.Collect$$$$0000000F                 0x08000198   Section        0  entry11a.o(.ARM.Collect$$$$0000000F)
    .ARM.Collect$$$$00002712                 0x08000198   Section        4  entry2.o(.ARM.Collect$$$$00002712)
    __lit__00000000                          0x08000198   Data           4  entry2.o(.ARM.Collect$$$$00002712)
    .text                                    0x0800019c   Section       36  startup_stm32f407xx.o(.text)
    $v0                                      0x0800019c   Number         0  startup_stm32f407xx.o(.text)
    .text                                    0x080001c0   Section        0  uldiv.o(.text)
    .text                                    0x08000222   Section        0  memseta.o(.text)
    .text                                    0x08000246   Section        0  dmul.o(.text)
    .text                                    0x0800032a   Section        0  dfltui.o(.text)
    .text                                    0x08000344   Section        0  dfixui.o(.text)
    .text                                    0x08000376   Section        0  uidiv.o(.text)
    .text                                    0x080003a2   Section        0  llshl.o(.text)
    .text                                    0x080003c0   Section        0  llushr.o(.text)
    .text                                    0x080003e0   Section        0  iusefp.o(.text)
    .text                                    0x080003e0   Section        0  depilogue.o(.text)
    .text                                    0x0800049c   Section       36  init.o(.text)
    i.BusFault_Handler                       0x080004c0   Section        0  stm32f4xx_it.o(i.BusFault_Handler)
    i.DCMI_DMAError                          0x080004c4   Section        0  stm32f4xx_hal_dcmi.o(i.DCMI_DMAError)
    DCMI_DMAError                            0x080004c5   Thumb Code    28  stm32f4xx_hal_dcmi.o(i.DCMI_DMAError)
    i.DCMI_DMAXferCplt                       0x080004e0   Section        0  stm32f4xx_hal_dcmi.o(i.DCMI_DMAXferCplt)
    DCMI_DMAXferCplt                         0x080004e1   Thumb Code   198  stm32f4xx_hal_dcmi.o(i.DCMI_DMAXferCplt)
    i.DCMI_DMA_Init                          0x080005a8   Section        0  dcmi.o(i.DCMI_DMA_Init)
    i.DCMI_IRQHandler                        0x0800066c   Section        0  stm32f4xx_it.o(i.DCMI_IRQHandler)
    i.DCMI_Start                             0x0800067c   Section        0  dcmi.o(i.DCMI_Start)
    i.DMA2_Stream1_IRQHandler                0x080006c8   Section        0  stm32f4xx_it.o(i.DMA2_Stream1_IRQHandler)
    i.DMA_CalcBaseAndBitshift                0x080006d8   Section        0  stm32f4xx_hal_dma.o(i.DMA_CalcBaseAndBitshift)
    DMA_CalcBaseAndBitshift                  0x080006d9   Thumb Code    46  stm32f4xx_hal_dma.o(i.DMA_CalcBaseAndBitshift)
    i.DMA_CheckFifoParam                     0x0800070c   Section        0  stm32f4xx_hal_dma.o(i.DMA_CheckFifoParam)
    DMA_CheckFifoParam                       0x0800070d   Thumb Code   170  stm32f4xx_hal_dma.o(i.DMA_CheckFifoParam)
    i.DMA_MultiBufferSetConfig               0x080007b6   Section        0  stm32f4xx_hal_dma_ex.o(i.DMA_MultiBufferSetConfig)
    DMA_MultiBufferSetConfig                 0x080007b7   Thumb Code    32  stm32f4xx_hal_dma_ex.o(i.DMA_MultiBufferSetConfig)
    i.DMA_SetConfig                          0x080007d6   Section        0  stm32f4xx_hal_dma.o(i.DMA_SetConfig)
    DMA_SetConfig                            0x080007d7   Thumb Code    44  stm32f4xx_hal_dma.o(i.DMA_SetConfig)
    i.DebugMon_Handler                       0x08000802   Section        0  stm32f4xx_it.o(i.DebugMon_Handler)
    i.Error_Handler                          0x08000804   Section        0  main.o(i.Error_Handler)
    i.FSMC_NORSRAM_Extended_Timing_Init      0x08000808   Section        0  stm32f4xx_ll_fsmc.o(i.FSMC_NORSRAM_Extended_Timing_Init)
    i.FSMC_NORSRAM_Init                      0x08000850   Section        0  stm32f4xx_ll_fsmc.o(i.FSMC_NORSRAM_Init)
    i.FSMC_NORSRAM_Timing_Init               0x080008ac   Section        0  stm32f4xx_ll_fsmc.o(i.FSMC_NORSRAM_Timing_Init)
    i.HAL_DCMI_ErrorCallback                 0x080008f0   Section        0  stm32f4xx_hal_dcmi.o(i.HAL_DCMI_ErrorCallback)
    i.HAL_DCMI_FrameEventCallback            0x080008f2   Section        0  stm32f4xx_hal_dcmi.o(i.HAL_DCMI_FrameEventCallback)
    i.HAL_DCMI_IRQHandler                    0x080008f4   Section        0  stm32f4xx_hal_dcmi.o(i.HAL_DCMI_IRQHandler)
    i.HAL_DCMI_Init                          0x080009a4   Section        0  stm32f4xx_hal_dcmi_ex.o(i.HAL_DCMI_Init)
    i.HAL_DCMI_LineEventCallback             0x08000a2a   Section        0  stm32f4xx_hal_dcmi.o(i.HAL_DCMI_LineEventCallback)
    i.HAL_DCMI_MspInit                       0x08000a2c   Section        0  dcmi.o(i.HAL_DCMI_MspInit)
    i.HAL_DCMI_Start_DMA                     0x08000bd4   Section        0  stm32f4xx_hal_dcmi.o(i.HAL_DCMI_Start_DMA)
    i.HAL_DCMI_VsyncEventCallback            0x08000cc0   Section        0  stm32f4xx_hal_dcmi.o(i.HAL_DCMI_VsyncEventCallback)
    i.HAL_DMAEx_ChangeMemory                 0x08000cc2   Section        0  stm32f4xx_hal_dma_ex.o(i.HAL_DMAEx_ChangeMemory)
    i.HAL_DMAEx_MultiBufferStart_IT          0x08000cd4   Section        0  stm32f4xx_hal_dma_ex.o(i.HAL_DMAEx_MultiBufferStart_IT)
    i.HAL_DMA_Abort_IT                       0x08001cac   Section        0  stm32f4xx_hal_dma.o(i.HAL_DMA_Abort_IT)
    i.HAL_DMA_DeInit                         0x08001cd4   Section        0  stm32f4xx_hal_dma.o(i.HAL_DMA_DeInit)
    i.HAL_DMA_IRQHandler                     0x08001d44   Section        0  stm32f4xx_hal_dma.o(i.HAL_DMA_IRQHandler)
    i.HAL_DMA_Init                           0x08001f84   Section        0  stm32f4xx_hal_dma.o(i.HAL_DMA_Init)
    i.HAL_DMA_Start                          0x08002070   Section        0  stm32f4xx_hal_dma.o(i.HAL_DMA_Start)
    i.HAL_DMA_Start_IT                       0x080020d6   Section        0  stm32f4xx_hal_dma.o(i.HAL_DMA_Start_IT)
    i.HAL_Delay                              0x08002168   Section        0  stm32f4xx_hal.o(i.HAL_Delay)
    i.HAL_FSMC_MspInit                       0x08002190   Section        0  fsmc.o(i.HAL_FSMC_MspInit)
    HAL_FSMC_MspInit                         0x08002191   Thumb Code   182  fsmc.o(i.HAL_FSMC_MspInit)
    i.HAL_GPIO_Init                          0x08002260   Section        0  stm32f4xx_hal_gpio.o(i.HAL_GPIO_Init)
    i.HAL_GPIO_ReadPin                       0x08002460   Section        0  stm32f4xx_hal_gpio.o(i.HAL_GPIO_ReadPin)
    i.HAL_GPIO_WritePin                      0x08002470   Section        0  stm32f4xx_hal_gpio.o(i.HAL_GPIO_WritePin)
    i.HAL_GetTick                            0x0800247c   Section        0  stm32f4xx_hal.o(i.HAL_GetTick)
    i.HAL_IncTick                            0x08002488   Section        0  stm32f4xx_hal.o(i.HAL_IncTick)
    i.HAL_Init                               0x080024a0   Section        0  stm32f4xx_hal.o(i.HAL_Init)
    i.HAL_InitTick                           0x080024dc   Section        0  stm32f4xx_hal.o(i.HAL_InitTick)
    i.HAL_MspInit                            0x08002528   Section        0  stm32f4xx_hal_msp.o(i.HAL_MspInit)
    i.HAL_NVIC_EnableIRQ                     0x08002570   Section        0  stm32f4xx_hal_cortex.o(i.HAL_NVIC_EnableIRQ)
    i.HAL_NVIC_SetPriority                   0x08002590   Section        0  stm32f4xx_hal_cortex.o(i.HAL_NVIC_SetPriority)
    i.HAL_NVIC_SetPriorityGrouping           0x0800260c   Section        0  stm32f4xx_hal_cortex.o(i.HAL_NVIC_SetPriorityGrouping)
    i.HAL_RCC_ClockConfig                    0x08002634   Section        0  stm32f4xx_hal_rcc.o(i.HAL_RCC_ClockConfig)
    i.HAL_RCC_GetHCLKFreq                    0x080027b8   Section        0  stm32f4xx_hal_rcc.o(i.HAL_RCC_GetHCLKFreq)
    i.HAL_RCC_GetPCLK1Freq                   0x080027c4   Section        0  stm32f4xx_hal_rcc.o(i.HAL_RCC_GetPCLK1Freq)
    i.HAL_RCC_GetPCLK2Freq                   0x080027e4   Section        0  stm32f4xx_hal_rcc.o(i.HAL_RCC_GetPCLK2Freq)
    i.HAL_RCC_GetSysClockFreq                0x08002804   Section        0  stm32f4xx_hal_rcc.o(i.HAL_RCC_GetSysClockFreq)
    i.HAL_RCC_OscConfig                      0x080028b4   Section        0  stm32f4xx_hal_rcc.o(i.HAL_RCC_OscConfig)
    i.HAL_SRAM_Init                          0x08002d3c   Section        0  stm32f4xx_hal_sram.o(i.HAL_SRAM_Init)
    i.HAL_SRAM_MspInit                       0x08002d94   Section        0  fsmc.o(i.HAL_SRAM_MspInit)
    i.HAL_SYSTICK_Config                     0x08002d9e   Section        0  stm32f4xx_hal_cortex.o(i.HAL_SYSTICK_Config)
    i.HAL_TIMEx_MasterConfigSynchronization  0x08002dd4   Section        0  stm32f4xx_hal_tim_ex.o(i.HAL_TIMEx_MasterConfigSynchronization)
    i.HAL_TIM_Base_Init                      0x08002e88   Section        0  stm32f4xx_hal_tim.o(i.HAL_TIM_Base_Init)
    i.HAL_TIM_Base_MspInit                   0x08002ebc   Section        0  tim.o(i.HAL_TIM_Base_MspInit)
    i.HAL_TIM_Base_Start                     0x08002ef0   Section        0  stm32f4xx_hal_tim.o(i.HAL_TIM_Base_Start)
    i.HAL_TIM_Base_Stop                      0x08002f1a   Section        0  stm32f4xx_hal_tim.o(i.HAL_TIM_Base_Stop)
    i.HAL_UART_Init                          0x08002f52   Section        0  stm32f4xx_hal_uart.o(i.HAL_UART_Init)
    i.HAL_UART_MspInit                       0x08002fc4   Section        0  usart.o(i.HAL_UART_MspInit)
    i.HAL_UART_Transmit                      0x0800304c   Section        0  stm32f4xx_hal_uart.o(i.HAL_UART_Transmit)
    i.HardFault_Handler                      0x08003124   Section        0  stm32f4xx_it.o(i.HardFault_Handler)
    i.LCD_Clear                              0x08003128   Section        0  ili93xx.o(i.LCD_Clear)
    i.LCD_Display_Dir                        0x0800315c   Section        0  ili93xx.o(i.LCD_Display_Dir)
    i.LCD_Fast_DrawPoint                     0x080032bc   Section        0  ili93xx.o(i.LCD_Fast_DrawPoint)
    i.LCD_Fill                               0x0800343c   Section        0  ili93xx.o(i.LCD_Fill)
    i.LCD_RD_DATA                            0x08003490   Section        0  ili93xx.o(i.LCD_RD_DATA)
    i.LCD_SSD_BackLightSet                   0x080034a4   Section        0  ili93xx.o(i.LCD_SSD_BackLightSet)
    i.LCD_Scan_Dir                           0x08003504   Section        0  ili93xx.o(i.LCD_Scan_Dir)
    i.LCD_SetCursor                          0x08003778   Section        0  ili93xx.o(i.LCD_SetCursor)
    i.LCD_ShowChar                           0x080038b0   Section        0  ili93xx.o(i.LCD_ShowChar)
    i.LCD_ShowString                         0x080039ec   Section        0  ili93xx.o(i.LCD_ShowString)
    i.LCD_WR_DATA                            0x08003a54   Section        0  ili93xx.o(i.LCD_WR_DATA)
    i.LCD_WR_REG                             0x08003a6c   Section        0  ili93xx.o(i.LCD_WR_REG)
    i.LCD_WriteRAM_Prepare                   0x08003a84   Section        0  ili93xx.o(i.LCD_WriteRAM_Prepare)
    i.LCD_WriteReg                           0x08003a98   Section        0  ili93xx.o(i.LCD_WriteReg)
    i.MX_DCMI_Init                           0x08003aac   Section        0  dcmi.o(i.MX_DCMI_Init)
    i.MX_DMA_Init                            0x08003ae0   Section        0  dma.o(i.MX_DMA_Init)
    i.MX_FSMC_Init                           0x08003b18   Section        0  fsmc.o(i.MX_FSMC_Init)
    i.MX_GPIO_Init                           0x08003bbc   Section        0  gpio.o(i.MX_GPIO_Init)
    i.MX_TIM7_Init                           0x08003d38   Section        0  tim.o(i.MX_TIM7_Init)
    i.MX_USART1_UART_Init                    0x08003d80   Section        0  usart.o(i.MX_USART1_UART_Init)
    i.MemManage_Handler                      0x08003db8   Section        0  stm32f4xx_it.o(i.MemManage_Handler)
    i.NMI_Handler                            0x08003dbc   Section        0  stm32f4xx_it.o(i.NMI_Handler)
    i.OV2640_Init                            0x08003dc0   Section        0  ov2640.o(i.OV2640_Init)
    i.OV2640_OutSize_Set                     0x08003ef0   Section        0  ov2640.o(i.OV2640_OutSize_Set)
    i.OV2640_RGB565_Mode                     0x08003f74   Section        0  ov2640.o(i.OV2640_RGB565_Mode)
    i.PendSV_Handler                         0x08003f9c   Section        0  stm32f4xx_it.o(i.PendSV_Handler)
    i.SCCB_Delay_us                          0x08003fa0   Section        0  ov2640.o(i.SCCB_Delay_us)
    i.SCCB_Init                              0x08003fd8   Section        0  ov2640.o(i.SCCB_Init)
    i.SCCB_No_Ack                            0x08004050   Section        0  ov2640.o(i.SCCB_No_Ack)
    i.SCCB_RD_Byte                           0x08004098   Section        0  ov2640.o(i.SCCB_RD_Byte)
    i.SCCB_RD_Reg                            0x0800410c   Section        0  ov2640.o(i.SCCB_RD_Reg)
    i.SCCB_Start                             0x0800415c   Section        0  ov2640.o(i.SCCB_Start)
    i.SCCB_Stop                              0x08004198   Section        0  ov2640.o(i.SCCB_Stop)
    i.SCCB_WR_Byte                           0x080041d0   Section        0  ov2640.o(i.SCCB_WR_Byte)
    i.SCCB_WR_Reg                            0x08004280   Section        0  ov2640.o(i.SCCB_WR_Reg)
    i.SVC_Handler                            0x080042be   Section        0  stm32f4xx_it.o(i.SVC_Handler)
    i.SysTick_Handler                        0x080042c0   Section        0  stm32f4xx_it.o(i.SysTick_Handler)
    i.SystemClock_Config                     0x080042c8   Section        0  main.o(i.SystemClock_Config)
    i.SystemInit                             0x0800437c   Section        0  system_stm32f4xx.o(i.SystemInit)
    i.TFTLCD_Init                            0x08004398   Section        0  ili93xx.o(i.TFTLCD_Init)
    i.TIM_Base_SetConfig                     0x08006740   Section        0  stm32f4xx_hal_tim.o(i.TIM_Base_SetConfig)
    i.UART_SetConfig                         0x08006818   Section        0  stm32f4xx_hal_uart.o(i.UART_SetConfig)
    UART_SetConfig                           0x08006819   Thumb Code   992  stm32f4xx_hal_uart.o(i.UART_SetConfig)
    i.UART_WaitOnFlagUntilTimeout            0x08006c00   Section        0  stm32f4xx_hal_uart.o(i.UART_WaitOnFlagUntilTimeout)
    UART_WaitOnFlagUntilTimeout              0x08006c01   Thumb Code   108  stm32f4xx_hal_uart.o(i.UART_WaitOnFlagUntilTimeout)
    i.UsageFault_Handler                     0x08006c6c   Section        0  stm32f4xx_it.o(i.UsageFault_Handler)
    i.__0printf$1                            0x08006c70   Section        0  printf1.o(i.__0printf$1)
    i.__NVIC_GetPriorityGrouping             0x08006c90   Section        0  stm32f4xx_hal_cortex.o(i.__NVIC_GetPriorityGrouping)
    __NVIC_GetPriorityGrouping               0x08006c91   Thumb Code    10  stm32f4xx_hal_cortex.o(i.__NVIC_GetPriorityGrouping)
    i.__NVIC_SetPriority                     0x08006ca0   Section        0  stm32f4xx_hal_cortex.o(i.__NVIC_SetPriority)
    __NVIC_SetPriority                       0x08006ca1   Thumb Code    32  stm32f4xx_hal_cortex.o(i.__NVIC_SetPriority)
    i.__scatterload_copy                     0x08006cc8   Section       14  handlers.o(i.__scatterload_copy)
    i.__scatterload_null                     0x08006cd6   Section        2  handlers.o(i.__scatterload_null)
    i.__scatterload_zeroinit                 0x08006cd8   Section       14  handlers.o(i.__scatterload_zeroinit)
    i._printf_core                           0x08006ce8   Section        0  printf1.o(i._printf_core)
    _printf_core                             0x08006ce9   Thumb Code   336  printf1.o(i._printf_core)
    i.fputc                                  0x08006e3c   Section        0  main.o(i.fputc)
    i.main                                   0x08006e58   Section        0  main.o(i.main)
    i.opt_delay                              0x08006f78   Section        0  ili93xx.o(i.opt_delay)
    .constdata                               0x08006f86   Section      454  ov2640.o(.constdata)
    OV2640_AUTOEXPOSURE_LEVEL                0x08007124   Data          40  ov2640.o(.constdata)
    .constdata                               0x0800714c   Section    18240  ili93xx.o(.constdata)
    .constdata                               0x0800b88c   Section        8  stm32f4xx_hal_dma.o(.constdata)
    flagBitshiftOffset                       0x0800b88c   Data           8  stm32f4xx_hal_dma.o(.constdata)
    .constdata                               0x0800b894   Section       24  system_stm32f4xx.o(.constdata)
    .data                                    0x20000000   Section        8  fsmc.o(.data)
    FSMC_Initialized                         0x20000000   Data           4  fsmc.o(.data)
    FSMC_DeInitialized                       0x20000004   Data           4  fsmc.o(.data)
    .data                                    0x20000008   Section        8  ili93xx.o(.data)
    .data                                    0x20000010   Section        9  stm32f4xx_hal.o(.data)
    .data                                    0x2000001c   Section        4  system_stm32f4xx.o(.data)
    .data                                    0x20000020   Section        4  stdout.o(.data)
    .bss                                     0x20000024   Section      240  main.o(.bss)
    .bss                                     0x20000114   Section      160  dcmi.o(.bss)
    .bss                                     0x200001b4   Section       80  fsmc.o(.bss)
    .bss                                     0x20000204   Section       64  tim.o(.bss)
    .bss                                     0x20000244   Section       64  usart.o(.bss)
    .bss                                     0x20000284   Section       94  ili93xx.o(.bss)
    STACK                                    0x200002e8   Section     1024  startup_stm32f407xx.o(STACK)

    Global Symbols

    Symbol Name                              Value     Ov Type        Size  Object(Section)

    BuildAttributes$$THM_ISAv4$E$P$D$K$B$S$7EM$VFPi3$EXTD16$VFPS$VFMA$PE$A:L22UL41UL21$X:L11$S22US41US21$IEEE1$IW$USESV6$~STKCKD$USESV7$~SHL$OSPACE$ROPI$EBA8$MICROLIB$REQ8$PRES8$EABIv2 0x00000000   Number         0  anon$$obj.o ABSOLUTE
    __ARM_use_no_argv                        0x00000000   Number         0  main.o ABSOLUTE
    _printf_a                                0x00000000   Number         0  stubs.o ABSOLUTE
    _printf_c                                0x00000000   Number         0  stubs.o ABSOLUTE
    _printf_charcount                        0x00000000   Number         0  stubs.o ABSOLUTE
    _printf_d                                0x00000000   Number         0  stubs.o ABSOLUTE
    _printf_e                                0x00000000   Number         0  stubs.o ABSOLUTE
    _printf_f                                0x00000000   Number         0  stubs.o ABSOLUTE
    _printf_flags                            0x00000000   Number         0  stubs.o ABSOLUTE
    _printf_fp_dec                           0x00000000   Number         0  stubs.o ABSOLUTE
    _printf_fp_hex                           0x00000000   Number         0  stubs.o ABSOLUTE
    _printf_g                                0x00000000   Number         0  stubs.o ABSOLUTE
    _printf_i                                0x00000000   Number         0  stubs.o ABSOLUTE
    _printf_int_dec                          0x00000000   Number         0  stubs.o ABSOLUTE
    _printf_l                                0x00000000   Number         0  stubs.o ABSOLUTE
    _printf_lc                               0x00000000   Number         0  stubs.o ABSOLUTE
    _printf_ll                               0x00000000   Number         0  stubs.o ABSOLUTE
    _printf_lld                              0x00000000   Number         0  stubs.o ABSOLUTE
    _printf_lli                              0x00000000   Number         0  stubs.o ABSOLUTE
    _printf_llo                              0x00000000   Number         0  stubs.o ABSOLUTE
    _printf_llu                              0x00000000   Number         0  stubs.o ABSOLUTE
    _printf_llx                              0x00000000   Number         0  stubs.o ABSOLUTE
    _printf_longlong_dec                     0x00000000   Number         0  stubs.o ABSOLUTE
    _printf_longlong_hex                     0x00000000   Number         0  stubs.o ABSOLUTE
    _printf_longlong_oct                     0x00000000   Number         0  stubs.o ABSOLUTE
    _printf_ls                               0x00000000   Number         0  stubs.o ABSOLUTE
    _printf_mbtowc                           0x00000000   Number         0  stubs.o ABSOLUTE
    _printf_n                                0x00000000   Number         0  stubs.o ABSOLUTE
    _printf_o                                0x00000000   Number         0  stubs.o ABSOLUTE
    _printf_p                                0x00000000   Number         0  stubs.o ABSOLUTE
    _printf_percent                          0x00000000   Number         0  stubs.o ABSOLUTE
    _printf_pre_padding                      0x00000000   Number         0  stubs.o ABSOLUTE
    _printf_return_value                     0x00000000   Number         0  stubs.o ABSOLUTE
    _printf_s                                0x00000000   Number         0  stubs.o ABSOLUTE
    _printf_sizespec                         0x00000000   Number         0  stubs.o ABSOLUTE
    _printf_str                              0x00000000   Number         0  stubs.o ABSOLUTE
    _printf_truncate_signed                  0x00000000   Number         0  stubs.o ABSOLUTE
    _printf_truncate_unsigned                0x00000000   Number         0  stubs.o ABSOLUTE
    _printf_u                                0x00000000   Number         0  stubs.o ABSOLUTE
    _printf_wc                               0x00000000   Number         0  stubs.o ABSOLUTE
    _printf_wctomb                           0x00000000   Number         0  stubs.o ABSOLUTE
    _printf_widthprec                        0x00000000   Number         0  stubs.o ABSOLUTE
    _printf_x                                0x00000000   Number         0  stubs.o ABSOLUTE
    __cpp_initialize__aeabi_                  - Undefined Weak Reference
    __cxa_finalize                            - Undefined Weak Reference
    __decompress                              - Undefined Weak Reference
    _clock_init                               - Undefined Weak Reference
    _microlib_exit                            - Undefined Weak Reference
    __Vectors_Size                           0x00000188   Number         0  startup_stm32f407xx.o ABSOLUTE
    __Vectors                                0x08000000   Data           4  startup_stm32f407xx.o(RESET)
    __Vectors_End                            0x08000188   Data           0  startup_stm32f407xx.o(RESET)
    __main                                   0x08000189   Thumb Code     0  entry.o(.ARM.Collect$$$$00000000)
    _main_stk                                0x08000189   Thumb Code     0  entry2.o(.ARM.Collect$$$$00000001)
    _main_scatterload                        0x0800018d   Thumb Code     0  entry5.o(.ARM.Collect$$$$00000004)
    __main_after_scatterload                 0x08000191   Thumb Code     0  entry5.o(.ARM.Collect$$$$00000004)
    _main_clock                              0x08000191   Thumb Code     0  entry7b.o(.ARM.Collect$$$$00000008)
    _main_cpp_init                           0x08000191   Thumb Code     0  entry8b.o(.ARM.Collect$$$$0000000A)
    _main_init                               0x08000191   Thumb Code     0  entry9a.o(.ARM.Collect$$$$0000000B)
    __rt_final_cpp                           0x08000199   Thumb Code     0  entry10a.o(.ARM.Collect$$$$0000000D)
    __rt_final_exit                          0x08000199   Thumb Code     0  entry11a.o(.ARM.Collect$$$$0000000F)
    Reset_Handler                            0x0800019d   Thumb Code     8  startup_stm32f407xx.o(.text)
    ADC_IRQHandler                           0x080001b7   Thumb Code     0  startup_stm32f407xx.o(.text)
    CAN1_RX0_IRQHandler                      0x080001b7   Thumb Code     0  startup_stm32f407xx.o(.text)
    CAN1_RX1_IRQHandler                      0x080001b7   Thumb Code     0  startup_stm32f407xx.o(.text)
    CAN1_SCE_IRQHandler                      0x080001b7   Thumb Code     0  startup_stm32f407xx.o(.text)
    CAN1_TX_IRQHandler                       0x080001b7   Thumb Code     0  startup_stm32f407xx.o(.text)
    CAN2_RX0_IRQHandler                      0x080001b7   Thumb Code     0  startup_stm32f407xx.o(.text)
    CAN2_RX1_IRQHandler                      0x080001b7   Thumb Code     0  startup_stm32f407xx.o(.text)
    CAN2_SCE_IRQHandler                      0x080001b7   Thumb Code     0  startup_stm32f407xx.o(.text)
    CAN2_TX_IRQHandler                       0x080001b7   Thumb Code     0  startup_stm32f407xx.o(.text)
    DMA1_Stream0_IRQHandler                  0x080001b7   Thumb Code     0  startup_stm32f407xx.o(.text)
    DMA1_Stream1_IRQHandler                  0x080001b7   Thumb Code     0  startup_stm32f407xx.o(.text)
    DMA1_Stream2_IRQHandler                  0x080001b7   Thumb Code     0  startup_stm32f407xx.o(.text)
    DMA1_Stream3_IRQHandler                  0x080001b7   Thumb Code     0  startup_stm32f407xx.o(.text)
    DMA1_Stream4_IRQHandler                  0x080001b7   Thumb Code     0  startup_stm32f407xx.o(.text)
    DMA1_Stream5_IRQHandler                  0x080001b7   Thumb Code     0  startup_stm32f407xx.o(.text)
    DMA1_Stream6_IRQHandler                  0x080001b7   Thumb Code     0  startup_stm32f407xx.o(.text)
    DMA1_Stream7_IRQHandler                  0x080001b7   Thumb Code     0  startup_stm32f407xx.o(.text)
    DMA2_Stream0_IRQHandler                  0x080001b7   Thumb Code     0  startup_stm32f407xx.o(.text)
    DMA2_Stream2_IRQHandler                  0x080001b7   Thumb Code     0  startup_stm32f407xx.o(.text)
    DMA2_Stream3_IRQHandler                  0x080001b7   Thumb Code     0  startup_stm32f407xx.o(.text)
    DMA2_Stream4_IRQHandler                  0x080001b7   Thumb Code     0  startup_stm32f407xx.o(.text)
    DMA2_Stream5_IRQHandler                  0x080001b7   Thumb Code     0  startup_stm32f407xx.o(.text)
    DMA2_Stream6_IRQHandler                  0x080001b7   Thumb Code     0  startup_stm32f407xx.o(.text)
    DMA2_Stream7_IRQHandler                  0x080001b7   Thumb Code     0  startup_stm32f407xx.o(.text)
    ETH_IRQHandler                           0x080001b7   Thumb Code     0  startup_stm32f407xx.o(.text)
    ETH_WKUP_IRQHandler                      0x080001b7   Thumb Code     0  startup_stm32f407xx.o(.text)
    EXTI0_IRQHandler                         0x080001b7   Thumb Code     0  startup_stm32f407xx.o(.text)
    EXTI15_10_IRQHandler                     0x080001b7   Thumb Code     0  startup_stm32f407xx.o(.text)
    EXTI1_IRQHandler                         0x080001b7   Thumb Code     0  startup_stm32f407xx.o(.text)
    EXTI2_IRQHandler                         0x080001b7   Thumb Code     0  startup_stm32f407xx.o(.text)
    EXTI3_IRQHandler                         0x080001b7   Thumb Code     0  startup_stm32f407xx.o(.text)
    EXTI4_IRQHandler                         0x080001b7   Thumb Code     0  startup_stm32f407xx.o(.text)
    EXTI9_5_IRQHandler                       0x080001b7   Thumb Code     0  startup_stm32f407xx.o(.text)
    FLASH_IRQHandler                         0x080001b7   Thumb Code     0  startup_stm32f407xx.o(.text)
    FMC_IRQHandler                           0x080001b7   Thumb Code     0  startup_stm32f407xx.o(.text)
    FPU_IRQHandler                           0x080001b7   Thumb Code     0  startup_stm32f407xx.o(.text)
    HASH_RNG_IRQHandler                      0x080001b7   Thumb Code     0  startup_stm32f407xx.o(.text)
    I2C1_ER_IRQHandler                       0x080001b7   Thumb Code     0  startup_stm32f407xx.o(.text)
    I2C1_EV_IRQHandler                       0x080001b7   Thumb Code     0  startup_stm32f407xx.o(.text)
    I2C2_ER_IRQHandler                       0x080001b7   Thumb Code     0  startup_stm32f407xx.o(.text)
    I2C2_EV_IRQHandler                       0x080001b7   Thumb Code     0  startup_stm32f407xx.o(.text)
    I2C3_ER_IRQHandler                       0x080001b7   Thumb Code     0  startup_stm32f407xx.o(.text)
    I2C3_EV_IRQHandler                       0x080001b7   Thumb Code     0  startup_stm32f407xx.o(.text)
    OTG_FS_IRQHandler                        0x080001b7   Thumb Code     0  startup_stm32f407xx.o(.text)
    OTG_FS_WKUP_IRQHandler                   0x080001b7   Thumb Code     0  startup_stm32f407xx.o(.text)
    OTG_HS_EP1_IN_IRQHandler                 0x080001b7   Thumb Code     0  startup_stm32f407xx.o(.text)
    OTG_HS_EP1_OUT_IRQHandler                0x080001b7   Thumb Code     0  startup_stm32f407xx.o(.text)
    OTG_HS_IRQHandler                        0x080001b7   Thumb Code     0  startup_stm32f407xx.o(.text)
    OTG_HS_WKUP_IRQHandler                   0x080001b7   Thumb Code     0  startup_stm32f407xx.o(.text)
    PVD_IRQHandler                           0x080001b7   Thumb Code     0  startup_stm32f407xx.o(.text)
    RCC_IRQHandler                           0x080001b7   Thumb Code     0  startup_stm32f407xx.o(.text)
    RTC_Alarm_IRQHandler                     0x080001b7   Thumb Code     0  startup_stm32f407xx.o(.text)
    RTC_WKUP_IRQHandler                      0x080001b7   Thumb Code     0  startup_stm32f407xx.o(.text)
    SDIO_IRQHandler                          0x080001b7   Thumb Code     0  startup_stm32f407xx.o(.text)
    SPI1_IRQHandler                          0x080001b7   Thumb Code     0  startup_stm32f407xx.o(.text)
    SPI2_IRQHandler                          0x080001b7   Thumb Code     0  startup_stm32f407xx.o(.text)
    SPI3_IRQHandler                          0x080001b7   Thumb Code     0  startup_stm32f407xx.o(.text)
    TAMP_STAMP_IRQHandler                    0x080001b7   Thumb Code     0  startup_stm32f407xx.o(.text)
    TIM1_BRK_TIM9_IRQHandler                 0x080001b7   Thumb Code     0  startup_stm32f407xx.o(.text)
    TIM1_CC_IRQHandler                       0x080001b7   Thumb Code     0  startup_stm32f407xx.o(.text)
    TIM1_TRG_COM_TIM11_IRQHandler            0x080001b7   Thumb Code     0  startup_stm32f407xx.o(.text)
    TIM1_UP_TIM10_IRQHandler                 0x080001b7   Thumb Code     0  startup_stm32f407xx.o(.text)
    TIM2_IRQHandler                          0x080001b7   Thumb Code     0  startup_stm32f407xx.o(.text)
    TIM3_IRQHandler                          0x080001b7   Thumb Code     0  startup_stm32f407xx.o(.text)
    TIM4_IRQHandler                          0x080001b7   Thumb Code     0  startup_stm32f407xx.o(.text)
    TIM5_IRQHandler                          0x080001b7   Thumb Code     0  startup_stm32f407xx.o(.text)
    TIM6_DAC_IRQHandler                      0x080001b7   Thumb Code     0  startup_stm32f407xx.o(.text)
    TIM7_IRQHandler                          0x080001b7   Thumb Code     0  startup_stm32f407xx.o(.text)
    TIM8_BRK_TIM12_IRQHandler                0x080001b7   Thumb Code     0  startup_stm32f407xx.o(.text)
    TIM8_CC_IRQHandler                       0x080001b7   Thumb Code     0  startup_stm32f407xx.o(.text)
    TIM8_TRG_COM_TIM14_IRQHandler            0x080001b7   Thumb Code     0  startup_stm32f407xx.o(.text)
    TIM8_UP_TIM13_IRQHandler                 0x080001b7   Thumb Code     0  startup_stm32f407xx.o(.text)
    UART4_IRQHandler                         0x080001b7   Thumb Code     0  startup_stm32f407xx.o(.text)
    UART5_IRQHandler                         0x080001b7   Thumb Code     0  startup_stm32f407xx.o(.text)
    USART1_IRQHandler                        0x080001b7   Thumb Code     0  startup_stm32f407xx.o(.text)
    USART2_IRQHandler                        0x080001b7   Thumb Code     0  startup_stm32f407xx.o(.text)
    USART3_IRQHandler                        0x080001b7   Thumb Code     0  startup_stm32f407xx.o(.text)
    USART6_IRQHandler                        0x080001b7   Thumb Code     0  startup_stm32f407xx.o(.text)
    WWDG_IRQHandler                          0x080001b7   Thumb Code     0  startup_stm32f407xx.o(.text)
    __aeabi_uldivmod                         0x080001c1   Thumb Code    98  uldiv.o(.text)
    __aeabi_memset                           0x08000223   Thumb Code    14  memseta.o(.text)
    __aeabi_memset4                          0x08000223   Thumb Code     0  memseta.o(.text)
    __aeabi_memset8                          0x08000223   Thumb Code     0  memseta.o(.text)
    __aeabi_memclr                           0x08000231   Thumb Code     4  memseta.o(.text)
    __aeabi_memclr4                          0x08000231   Thumb Code     0  memseta.o(.text)
    __aeabi_memclr8                          0x08000231   Thumb Code     0  memseta.o(.text)
    _memset$wrapper                          0x08000235   Thumb Code    18  memseta.o(.text)
    __aeabi_dmul                             0x08000247   Thumb Code   228  dmul.o(.text)
    __aeabi_ui2d                             0x0800032b   Thumb Code    26  dfltui.o(.text)
    __aeabi_d2uiz                            0x08000345   Thumb Code    50  dfixui.o(.text)
    __aeabi_uidiv                            0x08000377   Thumb Code     0  uidiv.o(.text)
    __aeabi_uidivmod                         0x08000377   Thumb Code    44  uidiv.o(.text)
    __aeabi_llsl                             0x080003a3   Thumb Code    30  llshl.o(.text)
    _ll_shift_l                              0x080003a3   Thumb Code     0  llshl.o(.text)
    __aeabi_llsr                             0x080003c1   Thumb Code    32  llushr.o(.text)
    _ll_ushift_r                             0x080003c1   Thumb Code     0  llushr.o(.text)
    __I$use$fp                               0x080003e1   Thumb Code     0  iusefp.o(.text)
    _double_round                            0x080003e1   Thumb Code    30  depilogue.o(.text)
    _double_epilogue                         0x080003ff   Thumb Code   156  depilogue.o(.text)
    __scatterload                            0x0800049d   Thumb Code    28  init.o(.text)
    __scatterload_rt2                        0x0800049d   Thumb Code     0  init.o(.text)
    BusFault_Handler                         0x080004c1   Thumb Code     4  stm32f4xx_it.o(i.BusFault_Handler)
    DCMI_DMA_Init                            0x080005a9   Thumb Code   176  dcmi.o(i.DCMI_DMA_Init)
    DCMI_IRQHandler                          0x0800066d   Thumb Code    10  stm32f4xx_it.o(i.DCMI_IRQHandler)
    DCMI_Start                               0x0800067d   Thumb Code    50  dcmi.o(i.DCMI_Start)
    DMA2_Stream1_IRQHandler                  0x080006c9   Thumb Code    10  stm32f4xx_it.o(i.DMA2_Stream1_IRQHandler)
    DebugMon_Handler                         0x08000803   Thumb Code     2  stm32f4xx_it.o(i.DebugMon_Handler)
    Error_Handler                            0x08000805   Thumb Code     2  main.o(i.Error_Handler)
    FSMC_NORSRAM_Extended_Timing_Init        0x08000809   Thumb Code    66  stm32f4xx_ll_fsmc.o(i.FSMC_NORSRAM_Extended_Timing_Init)
    FSMC_NORSRAM_Init                        0x08000851   Thumb Code    88  stm32f4xx_ll_fsmc.o(i.FSMC_NORSRAM_Init)
    FSMC_NORSRAM_Timing_Init                 0x080008ad   Thumb Code    68  stm32f4xx_ll_fsmc.o(i.FSMC_NORSRAM_Timing_Init)
    HAL_DCMI_ErrorCallback                   0x080008f1   Thumb Code     2  stm32f4xx_hal_dcmi.o(i.HAL_DCMI_ErrorCallback)
    HAL_DCMI_FrameEventCallback              0x080008f3   Thumb Code     2  stm32f4xx_hal_dcmi.o(i.HAL_DCMI_FrameEventCallback)
    HAL_DCMI_IRQHandler                      0x080008f5   Thumb Code   170  stm32f4xx_hal_dcmi.o(i.HAL_DCMI_IRQHandler)
    HAL_DCMI_Init                            0x080009a5   Thumb Code   134  stm32f4xx_hal_dcmi_ex.o(i.HAL_DCMI_Init)
    HAL_DCMI_LineEventCallback               0x08000a2b   Thumb Code     2  stm32f4xx_hal_dcmi.o(i.HAL_DCMI_LineEventCallback)
    HAL_DCMI_MspInit                         0x08000a2d   Thumb Code   390  dcmi.o(i.HAL_DCMI_MspInit)
    HAL_DCMI_Start_DMA                       0x08000bd5   Thumb Code   226  stm32f4xx_hal_dcmi.o(i.HAL_DCMI_Start_DMA)
    HAL_DCMI_VsyncEventCallback              0x08000cc1   Thumb Code     2  stm32f4xx_hal_dcmi.o(i.HAL_DCMI_VsyncEventCallback)
    HAL_DMAEx_ChangeMemory                   0x08000cc3   Thumb Code    18  stm32f4xx_hal_dma_ex.o(i.HAL_DMAEx_ChangeMemory)
    HAL_DMAEx_MultiBufferStart_IT            0x08000cd5   Thumb Code  4048  stm32f4xx_hal_dma_ex.o(i.HAL_DMAEx_MultiBufferStart_IT)
    HAL_DMA_Abort_IT                         0x08001cad   Thumb Code    40  stm32f4xx_hal_dma.o(i.HAL_DMA_Abort_IT)
    HAL_DMA_DeInit                           0x08001cd5   Thumb Code   112  stm32f4xx_hal_dma.o(i.HAL_DMA_DeInit)
    HAL_DMA_IRQHandler                       0x08001d45   Thumb Code   570  stm32f4xx_hal_dma.o(i.HAL_DMA_IRQHandler)
    HAL_DMA_Init                             0x08001f85   Thumb Code   232  stm32f4xx_hal_dma.o(i.HAL_DMA_Init)
    HAL_DMA_Start                            0x08002071   Thumb Code   102  stm32f4xx_hal_dma.o(i.HAL_DMA_Start)
    HAL_DMA_Start_IT                         0x080020d7   Thumb Code   146  stm32f4xx_hal_dma.o(i.HAL_DMA_Start_IT)
    HAL_Delay                                0x08002169   Thumb Code    36  stm32f4xx_hal.o(i.HAL_Delay)
    HAL_GPIO_Init                            0x08002261   Thumb Code   466  stm32f4xx_hal_gpio.o(i.HAL_GPIO_Init)
    HAL_GPIO_ReadPin                         0x08002461   Thumb Code    16  stm32f4xx_hal_gpio.o(i.HAL_GPIO_ReadPin)
    HAL_GPIO_WritePin                        0x08002471   Thumb Code    12  stm32f4xx_hal_gpio.o(i.HAL_GPIO_WritePin)
    HAL_GetTick                              0x0800247d   Thumb Code     6  stm32f4xx_hal.o(i.HAL_GetTick)
    HAL_IncTick                              0x08002489   Thumb Code    16  stm32f4xx_hal.o(i.HAL_IncTick)
    HAL_Init                                 0x080024a1   Thumb Code    54  stm32f4xx_hal.o(i.HAL_Init)
    HAL_InitTick                             0x080024dd   Thumb Code    64  stm32f4xx_hal.o(i.HAL_InitTick)
    HAL_MspInit                              0x08002529   Thumb Code    68  stm32f4xx_hal_msp.o(i.HAL_MspInit)
    HAL_NVIC_EnableIRQ                       0x08002571   Thumb Code    32  stm32f4xx_hal_cortex.o(i.HAL_NVIC_EnableIRQ)
    HAL_NVIC_SetPriority                     0x08002591   Thumb Code   124  stm32f4xx_hal_cortex.o(i.HAL_NVIC_SetPriority)
    HAL_NVIC_SetPriorityGrouping             0x0800260d   Thumb Code    32  stm32f4xx_hal_cortex.o(i.HAL_NVIC_SetPriorityGrouping)
    HAL_RCC_ClockConfig                      0x08002635   Thumb Code   368  stm32f4xx_hal_rcc.o(i.HAL_RCC_ClockConfig)
    HAL_RCC_GetHCLKFreq                      0x080027b9   Thumb Code     6  stm32f4xx_hal_rcc.o(i.HAL_RCC_GetHCLKFreq)
    HAL_RCC_GetPCLK1Freq                     0x080027c5   Thumb Code    22  stm32f4xx_hal_rcc.o(i.HAL_RCC_GetPCLK1Freq)
    HAL_RCC_GetPCLK2Freq                     0x080027e5   Thumb Code    22  stm32f4xx_hal_rcc.o(i.HAL_RCC_GetPCLK2Freq)
    HAL_RCC_GetSysClockFreq                  0x08002805   Thumb Code   162  stm32f4xx_hal_rcc.o(i.HAL_RCC_GetSysClockFreq)
    HAL_RCC_OscConfig                        0x080028b5   Thumb Code  1152  stm32f4xx_hal_rcc.o(i.HAL_RCC_OscConfig)
    HAL_SRAM_Init                            0x08002d3d   Thumb Code    88  stm32f4xx_hal_sram.o(i.HAL_SRAM_Init)
    HAL_SRAM_MspInit                         0x08002d95   Thumb Code    10  fsmc.o(i.HAL_SRAM_MspInit)
    HAL_SYSTICK_Config                       0x08002d9f   Thumb Code    52  stm32f4xx_hal_cortex.o(i.HAL_SYSTICK_Config)
    HAL_TIMEx_MasterConfigSynchronization    0x08002dd5   Thumb Code   150  stm32f4xx_hal_tim_ex.o(i.HAL_TIMEx_MasterConfigSynchronization)
    HAL_TIM_Base_Init                        0x08002e89   Thumb Code    52  stm32f4xx_hal_tim.o(i.HAL_TIM_Base_Init)
    HAL_TIM_Base_MspInit                     0x08002ebd   Thumb Code    44  tim.o(i.HAL_TIM_Base_MspInit)
    HAL_TIM_Base_Start                       0x08002ef1   Thumb Code    42  stm32f4xx_hal_tim.o(i.HAL_TIM_Base_Start)
    HAL_TIM_Base_Stop                        0x08002f1b   Thumb Code    56  stm32f4xx_hal_tim.o(i.HAL_TIM_Base_Stop)
    HAL_UART_Init                            0x08002f53   Thumb Code   114  stm32f4xx_hal_uart.o(i.HAL_UART_Init)
    HAL_UART_MspInit                         0x08002fc5   Thumb Code   124  usart.o(i.HAL_UART_MspInit)
    HAL_UART_Transmit                        0x0800304d   Thumb Code   216  stm32f4xx_hal_uart.o(i.HAL_UART_Transmit)
    HardFault_Handler                        0x08003125   Thumb Code     4  stm32f4xx_it.o(i.HardFault_Handler)
    LCD_Clear                                0x08003129   Thumb Code    42  ili93xx.o(i.LCD_Clear)
    LCD_Display_Dir                          0x0800315d   Thumb Code   346  ili93xx.o(i.LCD_Display_Dir)
    LCD_Fast_DrawPoint                       0x080032bd   Thumb Code   374  ili93xx.o(i.LCD_Fast_DrawPoint)
    LCD_Fill                                 0x0800343d   Thumb Code    80  ili93xx.o(i.LCD_Fill)
    LCD_RD_DATA                              0x08003491   Thumb Code    14  ili93xx.o(i.LCD_RD_DATA)
    LCD_SSD_BackLightSet                     0x080034a5   Thumb Code    88  ili93xx.o(i.LCD_SSD_BackLightSet)
    LCD_Scan_Dir                             0x08003505   Thumb Code   624  ili93xx.o(i.LCD_Scan_Dir)
    LCD_SetCursor                            0x08003779   Thumb Code   306  ili93xx.o(i.LCD_SetCursor)
    LCD_ShowChar                             0x080038b1   Thumb Code   288  ili93xx.o(i.LCD_ShowChar)
    LCD_ShowString                           0x080039ed   Thumb Code   102  ili93xx.o(i.LCD_ShowString)
    LCD_WR_DATA                              0x08003a55   Thumb Code    18  ili93xx.o(i.LCD_WR_DATA)
    LCD_WR_REG                               0x08003a6d   Thumb Code    18  ili93xx.o(i.LCD_WR_REG)
    LCD_WriteRAM_Prepare                     0x08003a85   Thumb Code    10  ili93xx.o(i.LCD_WriteRAM_Prepare)
    LCD_WriteReg                             0x08003a99   Thumb Code    14  ili93xx.o(i.LCD_WriteReg)
    MX_DCMI_Init                             0x08003aad   Thumb Code    44  dcmi.o(i.MX_DCMI_Init)
    MX_DMA_Init                              0x08003ae1   Thumb Code    52  dma.o(i.MX_DMA_Init)
    MX_FSMC_Init                             0x08003b19   Thumb Code   156  fsmc.o(i.MX_FSMC_Init)
    MX_GPIO_Init                             0x08003bbd   Thumb Code   362  gpio.o(i.MX_GPIO_Init)
    MX_TIM7_Init                             0x08003d39   Thumb Code    64  tim.o(i.MX_TIM7_Init)
    MX_USART1_UART_Init                      0x08003d81   Thumb Code    46  usart.o(i.MX_USART1_UART_Init)
    MemManage_Handler                        0x08003db9   Thumb Code     4  stm32f4xx_it.o(i.MemManage_Handler)
    NMI_Handler                              0x08003dbd   Thumb Code     2  stm32f4xx_it.o(i.NMI_Handler)
    OV2640_Init                              0x08003dc1   Thumb Code   268  ov2640.o(i.OV2640_Init)
    OV2640_OutSize_Set                       0x08003ef1   Thumb Code   132  ov2640.o(i.OV2640_OutSize_Set)
    OV2640_RGB565_Mode                       0x08003f75   Thumb Code    36  ov2640.o(i.OV2640_RGB565_Mode)
    PendSV_Handler                           0x08003f9d   Thumb Code     2  stm32f4xx_it.o(i.PendSV_Handler)
    SCCB_Delay_us                            0x08003fa1   Thumb Code    52  ov2640.o(i.SCCB_Delay_us)
    SCCB_Init                                0x08003fd9   Thumb Code   112  ov2640.o(i.SCCB_Init)
    SCCB_No_Ack                              0x08004051   Thumb Code    68  ov2640.o(i.SCCB_No_Ack)
    SCCB_RD_Byte                             0x08004099   Thumb Code   110  ov2640.o(i.SCCB_RD_Byte)
    SCCB_RD_Reg                              0x0800410d   Thumb Code    78  ov2640.o(i.SCCB_RD_Reg)
    SCCB_Start                               0x0800415d   Thumb Code    56  ov2640.o(i.SCCB_Start)
    SCCB_Stop                                0x08004199   Thumb Code    52  ov2640.o(i.SCCB_Stop)
    SCCB_WR_Byte                             0x080041d1   Thumb Code   172  ov2640.o(i.SCCB_WR_Byte)
    SCCB_WR_Reg                              0x08004281   Thumb Code    62  ov2640.o(i.SCCB_WR_Reg)
    SVC_Handler                              0x080042bf   Thumb Code     2  stm32f4xx_it.o(i.SVC_Handler)
    SysTick_Handler                          0x080042c1   Thumb Code     8  stm32f4xx_it.o(i.SysTick_Handler)
    SystemClock_Config                       0x080042c9   Thumb Code   170  main.o(i.SystemClock_Config)
    SystemInit                               0x0800437d   Thumb Code    24  system_stm32f4xx.o(i.SystemInit)
    TFTLCD_Init                              0x08004399   Thumb Code  9114  ili93xx.o(i.TFTLCD_Init)
    TIM_Base_SetConfig                       0x08006741   Thumb Code   170  stm32f4xx_hal_tim.o(i.TIM_Base_SetConfig)
    UsageFault_Handler                       0x08006c6d   Thumb Code     4  stm32f4xx_it.o(i.UsageFault_Handler)
    __0printf$1                              0x08006c71   Thumb Code    22  printf1.o(i.__0printf$1)
    __1printf$1                              0x08006c71   Thumb Code     0  printf1.o(i.__0printf$1)
    __2printf                                0x08006c71   Thumb Code     0  printf1.o(i.__0printf$1)
    __scatterload_copy                       0x08006cc9   Thumb Code    14  handlers.o(i.__scatterload_copy)
    __scatterload_null                       0x08006cd7   Thumb Code     2  handlers.o(i.__scatterload_null)
    __scatterload_zeroinit                   0x08006cd9   Thumb Code    14  handlers.o(i.__scatterload_zeroinit)
    fputc                                    0x08006e3d   Thumb Code    22  main.o(i.fputc)
    main                                     0x08006e59   Thumb Code   214  main.o(i.main)
    opt_delay                                0x08006f79   Thumb Code    14  ili93xx.o(i.opt_delay)
    ov2640_sxga_init_reg_tbl                 0x08006f86   Data         356  ov2640.o(.constdata)
    ov2640_yuv422_reg_tbl                    0x080070ea   Data          16  ov2640.o(.constdata)
    ov2640_jpeg_reg_tbl                      0x080070fa   Data          14  ov2640.o(.constdata)
    ov2640_rgb565_reg_tbl                    0x08007108   Data          28  ov2640.o(.constdata)
    asc2_1206                                0x0800714c   Data        1140  ili93xx.o(.constdata)
    asc2_1608                                0x080075c0   Data        1520  ili93xx.o(.constdata)
    asc2_2412                                0x08007bb0   Data        3420  ili93xx.o(.constdata)
    asc2_3216                                0x0800890c   Data       12160  ili93xx.o(.constdata)
    AHBPrescTable                            0x0800b894   Data          16  system_stm32f4xx.o(.constdata)
    APBPrescTable                            0x0800b8a4   Data           8  system_stm32f4xx.o(.constdata)
    Region$$Table$$Base                      0x0800b8ac   Number         0  anon$$obj.o(Region$$Table)
    Region$$Table$$Limit                     0x0800b8cc   Number         0  anon$$obj.o(Region$$Table)
    POINT_COLOR                              0x20000008   Data           4  ili93xx.o(.data)
    BACK_COLOR                               0x2000000c   Data           4  ili93xx.o(.data)
    uwTick                                   0x20000010   Data           4  stm32f4xx_hal.o(.data)
    uwTickPrio                               0x20000014   Data           4  stm32f4xx_hal.o(.data)
    uwTickFreq                               0x20000018   Data           1  stm32f4xx_hal.o(.data)
    SystemCoreClock                          0x2000001c   Data           4  system_stm32f4xx.o(.data)
    __stdout                                 0x20000020   Data           4  stdout.o(.data)
    Show_LCDWord                             0x20000024   Data          64  main.o(.bss)
    tftlcd_data                              0x20000064   Data          14  main.o(.bss)
    hdcmi_main                               0x20000074   Data          64  main.o(.bss)
    hdma_dcmi_main                           0x200000b4   Data          96  main.o(.bss)
    hdcmi                                    0x20000114   Data          64  dcmi.o(.bss)
    hdma_dcmi                                0x20000154   Data          96  dcmi.o(.bss)
    hsram1                                   0x200001b4   Data          80  fsmc.o(.bss)
    htim7                                    0x20000204   Data          64  tim.o(.bss)
    huart1                                   0x20000244   Data          64  usart.o(.bss)
    TFTSRAM_Handler                          0x20000284   Data          80  ili93xx.o(.bss)
    lcddev                                   0x200002d4   Data          14  ili93xx.o(.bss)
    __initial_sp                             0x200006e8   Data           0  startup_stm32f407xx.o(STACK)



==============================================================================

Memory Map of the image

  Image Entry point : 0x08000189

  Load Region LR_IROM1 (Base: 0x08000000, Size: 0x0000b8f0, Max: 0x00100000, ABSOLUTE)

    Execution Region ER_IROM1 (Base: 0x08000000, Size: 0x0000b8cc, Max: 0x00100000, ABSOLUTE)

    Base Addr    Size         Type   Attr      Idx    E Section Name        Object

    0x08000000   0x00000188   Data   RO            3    RESET               startup_stm32f407xx.o
    0x08000188   0x00000000   Code   RO         3835  * .ARM.Collect$$$$00000000  mc_w.l(entry.o)
    0x08000188   0x00000004   Code   RO         4109    .ARM.Collect$$$$00000001  mc_w.l(entry2.o)
    0x0800018c   0x00000004   Code   RO         4112    .ARM.Collect$$$$00000004  mc_w.l(entry5.o)
    0x08000190   0x00000000   Code   RO         4114    .ARM.Collect$$$$00000008  mc_w.l(entry7b.o)
    0x08000190   0x00000000   Code   RO         4116    .ARM.Collect$$$$0000000A  mc_w.l(entry8b.o)
    0x08000190   0x00000008   Code   RO         4117    .ARM.Collect$$$$0000000B  mc_w.l(entry9a.o)
    0x08000198   0x00000000   Code   RO         4119    .ARM.Collect$$$$0000000D  mc_w.l(entry10a.o)
    0x08000198   0x00000000   Code   RO         4121    .ARM.Collect$$$$0000000F  mc_w.l(entry11a.o)
    0x08000198   0x00000004   Code   RO         4110    .ARM.Collect$$$$00002712  mc_w.l(entry2.o)
    0x0800019c   0x00000024   Code   RO            4    .text               startup_stm32f407xx.o
    0x080001c0   0x00000062   Code   RO         3838    .text               mc_w.l(uldiv.o)
    0x08000222   0x00000024   Code   RO         3840    .text               mc_w.l(memseta.o)
    0x08000246   0x000000e4   Code   RO         4103    .text               mf_w.l(dmul.o)
    0x0800032a   0x0000001a   Code   RO         4105    .text               mf_w.l(dfltui.o)
    0x08000344   0x00000032   Code   RO         4107    .text               mf_w.l(dfixui.o)
    0x08000376   0x0000002c   Code   RO         4124    .text               mc_w.l(uidiv.o)
    0x080003a2   0x0000001e   Code   RO         4126    .text               mc_w.l(llshl.o)
    0x080003c0   0x00000020   Code   RO         4128    .text               mc_w.l(llushr.o)
    0x080003e0   0x00000000   Code   RO         4130    .text               mc_w.l(iusefp.o)
    0x080003e0   0x000000ba   Code   RO         4131    .text               mf_w.l(depilogue.o)
    0x0800049a   0x00000002   PAD
    0x0800049c   0x00000024   Code   RO         4141    .text               mc_w.l(init.o)
    0x080004c0   0x00000004   Code   RO          610    i.BusFault_Handler  stm32f4xx_it.o
    0x080004c4   0x0000001c   Code   RO          937    i.DCMI_DMAError     stm32f4xx_hal_dcmi.o
    0x080004e0   0x000000c6   Code   RO          938    i.DCMI_DMAXferCplt  stm32f4xx_hal_dcmi.o
    0x080005a6   0x00000002   PAD
    0x080005a8   0x000000c4   Code   RO          389    i.DCMI_DMA_Init     dcmi.o
    0x0800066c   0x00000010   Code   RO          611    i.DCMI_IRQHandler   stm32f4xx_it.o
    0x0800067c   0x0000004c   Code   RO          390    i.DCMI_Start        dcmi.o
    0x080006c8   0x00000010   Code   RO          612    i.DMA2_Stream1_IRQHandler  stm32f4xx_it.o
    0x080006d8   0x00000034   Code   RO         1607    i.DMA_CalcBaseAndBitshift  stm32f4xx_hal_dma.o
    0x0800070c   0x000000aa   Code   RO         1608    i.DMA_CheckFifoParam  stm32f4xx_hal_dma.o
    0x080007b6   0x00000020   Code   RO         1566    i.DMA_MultiBufferSetConfig  stm32f4xx_hal_dma_ex.o
    0x080007d6   0x0000002c   Code   RO         1609    i.DMA_SetConfig     stm32f4xx_hal_dma.o
    0x08000802   0x00000002   Code   RO          613    i.DebugMon_Handler  stm32f4xx_it.o
    0x08000804   0x00000002   Code   RO          295    i.Error_Handler     main.o
    0x08000806   0x00000002   PAD
    0x08000808   0x00000048   Code   RO         2293    i.FSMC_NORSRAM_Extended_Timing_Init  stm32f4xx_ll_fsmc.o
    0x08000850   0x0000005c   Code   RO         2294    i.FSMC_NORSRAM_Init  stm32f4xx_ll_fsmc.o
    0x080008ac   0x00000044   Code   RO         2295    i.FSMC_NORSRAM_Timing_Init  stm32f4xx_ll_fsmc.o
    0x080008f0   0x00000002   Code   RO          944    i.HAL_DCMI_ErrorCallback  stm32f4xx_hal_dcmi.o
    0x080008f2   0x00000002   Code   RO          945    i.HAL_DCMI_FrameEventCallback  stm32f4xx_hal_dcmi.o
    0x080008f4   0x000000b0   Code   RO          948    i.HAL_DCMI_IRQHandler  stm32f4xx_hal_dcmi.o
    0x080009a4   0x00000086   Code   RO         1079    i.HAL_DCMI_Init     stm32f4xx_hal_dcmi_ex.o
    0x08000a2a   0x00000002   Code   RO          950    i.HAL_DCMI_LineEventCallback  stm32f4xx_hal_dcmi.o
    0x08000a2c   0x000001a8   Code   RO          393    i.HAL_DCMI_MspInit  dcmi.o
    0x08000bd4   0x000000ec   Code   RO          954    i.HAL_DCMI_Start_DMA  stm32f4xx_hal_dcmi.o
    0x08000cc0   0x00000002   Code   RO          957    i.HAL_DCMI_VsyncEventCallback  stm32f4xx_hal_dcmi.o
    0x08000cc2   0x00000012   Code   RO         1567    i.HAL_DMAEx_ChangeMemory  stm32f4xx_hal_dma_ex.o
    0x08000cd4   0x00000fd8   Code   RO         1569    i.HAL_DMAEx_MultiBufferStart_IT  stm32f4xx_hal_dma_ex.o
    0x08001cac   0x00000028   Code   RO         1611    i.HAL_DMA_Abort_IT  stm32f4xx_hal_dma.o
    0x08001cd4   0x00000070   Code   RO         1612    i.HAL_DMA_DeInit    stm32f4xx_hal_dma.o
    0x08001d44   0x00000240   Code   RO         1615    i.HAL_DMA_IRQHandler  stm32f4xx_hal_dma.o
    0x08001f84   0x000000ec   Code   RO         1616    i.HAL_DMA_Init      stm32f4xx_hal_dma.o
    0x08002070   0x00000066   Code   RO         1619    i.HAL_DMA_Start     stm32f4xx_hal_dma.o
    0x080020d6   0x00000092   Code   RO         1620    i.HAL_DMA_Start_IT  stm32f4xx_hal_dma.o
    0x08002168   0x00000028   Code   RO         2034    i.HAL_Delay         stm32f4xx_hal.o
    0x08002190   0x000000d0   Code   RO          474    i.HAL_FSMC_MspInit  fsmc.o
    0x08002260   0x00000200   Code   RO         1503    i.HAL_GPIO_Init     stm32f4xx_hal_gpio.o
    0x08002460   0x00000010   Code   RO         1505    i.HAL_GPIO_ReadPin  stm32f4xx_hal_gpio.o
    0x08002470   0x0000000c   Code   RO         1507    i.HAL_GPIO_WritePin  stm32f4xx_hal_gpio.o
    0x0800247c   0x0000000c   Code   RO         2040    i.HAL_GetTick       stm32f4xx_hal.o
    0x08002488   0x00000018   Code   RO         2046    i.HAL_IncTick       stm32f4xx_hal.o
    0x080024a0   0x0000003c   Code   RO         2047    i.HAL_Init          stm32f4xx_hal.o
    0x080024dc   0x0000004c   Code   RO         2048    i.HAL_InitTick      stm32f4xx_hal.o
    0x08002528   0x00000048   Code   RO          698    i.HAL_MspInit       stm32f4xx_hal_msp.o
    0x08002570   0x00000020   Code   RO         1892    i.HAL_NVIC_EnableIRQ  stm32f4xx_hal_cortex.o
    0x08002590   0x0000007c   Code   RO         1898    i.HAL_NVIC_SetPriority  stm32f4xx_hal_cortex.o
    0x0800260c   0x00000028   Code   RO         1899    i.HAL_NVIC_SetPriorityGrouping  stm32f4xx_hal_cortex.o
    0x08002634   0x00000184   Code   RO         1104    i.HAL_RCC_ClockConfig  stm32f4xx_hal_rcc.o
    0x080027b8   0x0000000c   Code   RO         1109    i.HAL_RCC_GetHCLKFreq  stm32f4xx_hal_rcc.o
    0x080027c4   0x00000020   Code   RO         1111    i.HAL_RCC_GetPCLK1Freq  stm32f4xx_hal_rcc.o
    0x080027e4   0x00000020   Code   RO         1112    i.HAL_RCC_GetPCLK2Freq  stm32f4xx_hal_rcc.o
    0x08002804   0x000000b0   Code   RO         1113    i.HAL_RCC_GetSysClockFreq  stm32f4xx_hal_rcc.o
    0x080028b4   0x00000488   Code   RO         1116    i.HAL_RCC_OscConfig  stm32f4xx_hal_rcc.o
    0x08002d3c   0x00000058   Code   RO         2415    i.HAL_SRAM_Init     stm32f4xx_hal_sram.o
    0x08002d94   0x0000000a   Code   RO          476    i.HAL_SRAM_MspInit  fsmc.o
    0x08002d9e   0x00000034   Code   RO         1903    i.HAL_SYSTICK_Config  stm32f4xx_hal_cortex.o
    0x08002dd2   0x00000002   PAD
    0x08002dd4   0x000000b4   Code   RO         3237    i.HAL_TIMEx_MasterConfigSynchronization  stm32f4xx_hal_tim_ex.o
    0x08002e88   0x00000034   Code   RO         2533    i.HAL_TIM_Base_Init  stm32f4xx_hal_tim.o
    0x08002ebc   0x00000034   Code   RO          527    i.HAL_TIM_Base_MspInit  tim.o
    0x08002ef0   0x0000002a   Code   RO         2536    i.HAL_TIM_Base_Start  stm32f4xx_hal_tim.o
    0x08002f1a   0x00000038   Code   RO         2539    i.HAL_TIM_Base_Stop  stm32f4xx_hal_tim.o
    0x08002f52   0x00000072   Code   RO         3495    i.HAL_UART_Init     stm32f4xx_hal_uart.o
    0x08002fc4   0x00000088   Code   RO          569    i.HAL_UART_MspInit  usart.o
    0x0800304c   0x000000d8   Code   RO         3503    i.HAL_UART_Transmit  stm32f4xx_hal_uart.o
    0x08003124   0x00000004   Code   RO          614    i.HardFault_Handler  stm32f4xx_it.o
    0x08003128   0x00000034   Code   RO          723    i.LCD_Clear         ili93xx.o
    0x0800315c   0x00000160   Code   RO          727    i.LCD_Display_Dir   ili93xx.o
    0x080032bc   0x00000180   Code   RO          732    i.LCD_Fast_DrawPoint  ili93xx.o
    0x0800343c   0x00000054   Code   RO          733    i.LCD_Fill          ili93xx.o
    0x08003490   0x00000014   Code   RO          735    i.LCD_RD_DATA       ili93xx.o
    0x080034a4   0x00000060   Code   RO          738    i.LCD_SSD_BackLightSet  ili93xx.o
    0x08003504   0x00000274   Code   RO          739    i.LCD_Scan_Dir      ili93xx.o
    0x08003778   0x00000138   Code   RO          740    i.LCD_SetCursor     ili93xx.o
    0x080038b0   0x0000013c   Code   RO          742    i.LCD_ShowChar      ili93xx.o
    0x080039ec   0x00000066   Code   RO          744    i.LCD_ShowString    ili93xx.o
    0x08003a52   0x00000002   PAD
    0x08003a54   0x00000018   Code   RO          746    i.LCD_WR_DATA       ili93xx.o
    0x08003a6c   0x00000018   Code   RO          747    i.LCD_WR_REG        ili93xx.o
    0x08003a84   0x00000014   Code   RO          749    i.LCD_WriteRAM_Prepare  ili93xx.o
    0x08003a98   0x00000014   Code   RO          750    i.LCD_WriteReg      ili93xx.o
    0x08003aac   0x00000034   Code   RO          394    i.MX_DCMI_Init      dcmi.o
    0x08003ae0   0x00000038   Code   RO          449    i.MX_DMA_Init       dma.o
    0x08003b18   0x000000a4   Code   RO          477    i.MX_FSMC_Init      fsmc.o
    0x08003bbc   0x0000017c   Code   RO          365    i.MX_GPIO_Init      gpio.o
    0x08003d38   0x00000048   Code   RO          528    i.MX_TIM7_Init      tim.o
    0x08003d80   0x00000038   Code   RO          570    i.MX_USART1_UART_Init  usart.o
    0x08003db8   0x00000004   Code   RO          615    i.MemManage_Handler  stm32f4xx_it.o
    0x08003dbc   0x00000002   Code   RO          616    i.NMI_Handler       stm32f4xx_it.o
    0x08003dbe   0x00000002   PAD
    0x08003dc0   0x00000130   Code   RO           20    i.OV2640_Init       ov2640.o
    0x08003ef0   0x00000084   Code   RO           23    i.OV2640_OutSize_Set  ov2640.o
    0x08003f74   0x00000028   Code   RO           24    i.OV2640_RGB565_Mode  ov2640.o
    0x08003f9c   0x00000002   Code   RO          617    i.PendSV_Handler    stm32f4xx_it.o
    0x08003f9e   0x00000002   PAD
    0x08003fa0   0x00000038   Code   RO           27    i.SCCB_Delay_us     ov2640.o
    0x08003fd8   0x00000078   Code   RO           28    i.SCCB_Init         ov2640.o
    0x08004050   0x00000048   Code   RO           29    i.SCCB_No_Ack       ov2640.o
    0x08004098   0x00000074   Code   RO           30    i.SCCB_RD_Byte      ov2640.o
    0x0800410c   0x0000004e   Code   RO           31    i.SCCB_RD_Reg       ov2640.o
    0x0800415a   0x00000002   PAD
    0x0800415c   0x0000003c   Code   RO           32    i.SCCB_Start        ov2640.o
    0x08004198   0x00000038   Code   RO           33    i.SCCB_Stop         ov2640.o
    0x080041d0   0x000000b0   Code   RO           34    i.SCCB_WR_Byte      ov2640.o
    0x08004280   0x0000003e   Code   RO           35    i.SCCB_WR_Reg       ov2640.o
    0x080042be   0x00000002   Code   RO          618    i.SVC_Handler       stm32f4xx_it.o
    0x080042c0   0x00000008   Code   RO          619    i.SysTick_Handler   stm32f4xx_it.o
    0x080042c8   0x000000b4   Code   RO          296    i.SystemClock_Config  main.o
    0x0800437c   0x0000001c   Code   RO         3802    i.SystemInit        system_stm32f4xx.o
    0x08004398   0x000023a8   Code   RO          751    i.TFTLCD_Init       ili93xx.o
    0x08006740   0x000000d8   Code   RO         2621    i.TIM_Base_SetConfig  stm32f4xx_hal_tim.o
    0x08006818   0x000003e8   Code   RO         3522    i.UART_SetConfig    stm32f4xx_hal_uart.o
    0x08006c00   0x0000006c   Code   RO         3524    i.UART_WaitOnFlagUntilTimeout  stm32f4xx_hal_uart.o
    0x08006c6c   0x00000004   Code   RO          620    i.UsageFault_Handler  stm32f4xx_it.o
    0x08006c70   0x00000020   Code   RO         3887    i.__0printf$1       mc_w.l(printf1.o)
    0x08006c90   0x00000010   Code   RO         1905    i.__NVIC_GetPriorityGrouping  stm32f4xx_hal_cortex.o
    0x08006ca0   0x00000028   Code   RO         1906    i.__NVIC_SetPriority  stm32f4xx_hal_cortex.o
    0x08006cc8   0x0000000e   Code   RO         4147    i.__scatterload_copy  mc_w.l(handlers.o)
    0x08006cd6   0x00000002   Code   RO         4148    i.__scatterload_null  mc_w.l(handlers.o)
    0x08006cd8   0x0000000e   Code   RO         4149    i.__scatterload_zeroinit  mc_w.l(handlers.o)
    0x08006ce6   0x00000002   PAD
    0x08006ce8   0x00000154   Code   RO         3894    i._printf_core      mc_w.l(printf1.o)
    0x08006e3c   0x0000001c   Code   RO          297    i.fputc             main.o
    0x08006e58   0x00000120   Code   RO          298    i.main              main.o
    0x08006f78   0x0000000e   Code   RO          752    i.opt_delay         ili93xx.o
    0x08006f86   0x000001c6   Data   RO           36    .constdata          ov2640.o
    0x0800714c   0x00004740   Data   RO          754    .constdata          ili93xx.o
    0x0800b88c   0x00000008   Data   RO         1622    .constdata          stm32f4xx_hal_dma.o
    0x0800b894   0x00000018   Data   RO         3803    .constdata          system_stm32f4xx.o
    0x0800b8ac   0x00000020   Data   RO         4145    Region$$Table       anon$$obj.o


    Execution Region RW_IRAM2 (Base: 0x10000000, Size: 0x00000000, Max: 0x00010000, ABSOLUTE)

    **** No section assigned to this execution region ****


    Execution Region RW_IRAM1 (Base: 0x20000000, Size: 0x000006e8, Max: 0x00020000, ABSOLUTE)

    Base Addr    Size         Type   Attr      Idx    E Section Name        Object

    0x20000000   0x00000008   Data   RW          479    .data               fsmc.o
    0x20000008   0x00000008   Data   RW          755    .data               ili93xx.o
    0x20000010   0x00000009   Data   RW         2054    .data               stm32f4xx_hal.o
    0x20000019   0x00000003   PAD
    0x2000001c   0x00000004   Data   RW         3804    .data               system_stm32f4xx.o
    0x20000020   0x00000004   Data   RW         4123    .data               mc_w.l(stdout.o)
    0x20000024   0x000000f0   Zero   RW          299    .bss                main.o
    0x20000114   0x000000a0   Zero   RW          395    .bss                dcmi.o
    0x200001b4   0x00000050   Zero   RW          478    .bss                fsmc.o
    0x20000204   0x00000040   Zero   RW          529    .bss                tim.o
    0x20000244   0x00000040   Zero   RW          571    .bss                usart.o
    0x20000284   0x0000005e   Zero   RW          753    .bss                ili93xx.o
    0x200002e2   0x00000006   PAD
    0x200002e8   0x00000400   Zero   RW            1    STACK               startup_stm32f407xx.o


==============================================================================

Image component sizes


      Code (inc. data)   RO Data    RW Data    ZI Data      Debug   Object Name

       748         88          0          0        160       3533   dcmi.o
        56          4          0          0          0        842   dma.o
       382         34          0          8         80       2583   fsmc.o
       380         18          0          0          0       1251   gpio.o
     11576        148      18240          8         94      19145   ili93xx.o
       498         90          0          0        240       4985   main.o
      1272         74        454          0          0     716444   ov2640.o
        36          8        392          0       1024        876   startup_stm32f407xx.o
       212         36          0          9          0       9705   stm32f4xx_hal.o
       304         22          0          0          0      34719   stm32f4xx_hal_cortex.o
       646         16          0          0          0       6173   stm32f4xx_hal_dcmi.o
       134          0          0          0          0       1164   stm32f4xx_hal_dcmi_ex.o
      1478         16          8          0          0       8231   stm32f4xx_hal_dma.o
      4106         34          0          0          0       5101   stm32f4xx_hal_dma_ex.o
       540         46          0          0          0       3139   stm32f4xx_hal_gpio.o
        72          4          0          0          0        934   stm32f4xx_hal_msp.o
      1800         84          0          0          0       5880   stm32f4xx_hal_rcc.o
        88          0          0          0          0       1280   stm32f4xx_hal_sram.o
       366         46          0          0          0       3362   stm32f4xx_hal_tim.o
       180         30          0          0          0       1408   stm32f4xx_hal_tim_ex.o
      1438          8          0          0          0       3980   stm32f4xx_hal_uart.o
        64         12          0          0          0       5634   stm32f4xx_it.o
       232         10          0          0          0       2875   stm32f4xx_ll_fsmc.o
        28          4         24          4          0       1271   system_stm32f4xx.o
       124         16          0          0         64       1726   tim.o
       192         22          0          0         64       1842   usart.o

    ----------------------------------------------------------------------
     26966        870      19150         32       1732     848083   Object Totals
         0          0         32          0          0          0   (incl. Generated)
        14          0          0          3          6          0   (incl. Padding)

    ----------------------------------------------------------------------

      Code (inc. data)   RO Data    RW Data    ZI Data      Debug   Library Member Name

         0          0          0          0          0          0   entry.o
         0          0          0          0          0          0   entry10a.o
         0          0          0          0          0          0   entry11a.o
         8          4          0          0          0          0   entry2.o
         4          0          0          0          0          0   entry5.o
         0          0          0          0          0          0   entry7b.o
         0          0          0          0          0          0   entry8b.o
         8          4          0          0          0          0   entry9a.o
        30          0          0          0          0          0   handlers.o
        36          8          0          0          0         68   init.o
         0          0          0          0          0          0   iusefp.o
        30          0          0          0          0         68   llshl.o
        32          0          0          0          0         68   llushr.o
        36          0          0          0          0        108   memseta.o
       372         14          0          0          0        184   printf1.o
         0          0          0          4          0          0   stdout.o
        44          0          0          0          0         80   uidiv.o
        98          0          0          0          0         92   uldiv.o
       186          0          0          0          0        176   depilogue.o
        50          0          0          0          0         76   dfixui.o
        26          0          0          0          0         76   dfltui.o
       228          0          0          0          0         96   dmul.o

    ----------------------------------------------------------------------
      1192         30          0          4          0       1092   Library Totals
         4          0          0          0          0          0   (incl. Padding)

    ----------------------------------------------------------------------

      Code (inc. data)   RO Data    RW Data    ZI Data      Debug   Library Name

       698         30          0          4          0        668   mc_w.l
       490          0          0          0          0        424   mf_w.l

    ----------------------------------------------------------------------
      1192         30          0          4          0       1092   Library Totals

    ----------------------------------------------------------------------

==============================================================================


      Code (inc. data)   RO Data    RW Data    ZI Data      Debug   

     28158        900      19150         36       1732     838459   Grand Totals
     28158        900      19150         36       1732     838459   ELF Image Totals
     28158        900      19150         36          0          0   ROM Totals

==============================================================================

    Total RO  Size (Code + RO Data)                47308 (  46.20kB)
    Total RW  Size (RW Data + ZI Data)              1768 (   1.73kB)
    Total ROM Size (Code + RO Data + RW Data)      47344 (  46.23kB)

==============================================================================

