Component: ARM Compiler 5.06 update 6 (build 750) Tool: armlink [4d35ed]

==============================================================================

Section Cross References

    main.o(i.MX_DCMI_Init) refers to stm32f4xx_hal_dcmi_ex.o(i.HAL_DCMI_Init) for HAL_DCMI_Init
    main.o(i.MX_DCMI_Init) refers to main.o(i.Error_Handler) for Error_Handler
    main.o(i.MX_DCMI_Init) refers to main.o(.bss) for hdcmi
    main.o(i.MX_DMA_Init) refers to stm32f4xx_hal_cortex.o(i.HAL_NVIC_SetPriority) for HAL_NVIC_SetPriority
    main.o(i.MX_DMA_Init) refers to stm32f4xx_hal_cortex.o(i.HAL_NVIC_EnableIRQ) for HAL_NVIC_EnableIRQ
    main.o(i.MX_FSMC_Init) refers to memseta.o(.text) for __aeabi_memclr4
    main.o(i.MX_FSMC_Init) refers to stm32f4xx_hal_sram.o(i.HAL_SRAM_Init) for HAL_SRAM_Init
    main.o(i.MX_FSMC_Init) refers to main.o(i.Error_Handler) for Error_Handler
    main.o(i.MX_FSMC_Init) refers to main.o(.bss) for hsram1
    main.o(i.MX_GPIO_Init) refers to memseta.o(.text) for __aeabi_memclr4
    main.o(i.MX_GPIO_Init) refers to stm32f4xx_hal_gpio.o(i.HAL_GPIO_WritePin) for HAL_GPIO_WritePin
    main.o(i.MX_GPIO_Init) refers to stm32f4xx_hal_gpio.o(i.HAL_GPIO_Init) for HAL_GPIO_Init
    main.o(i.MX_TIM7_Init) refers to stm32f4xx_hal_tim.o(i.HAL_TIM_Base_Init) for HAL_TIM_Base_Init
    main.o(i.MX_TIM7_Init) refers to main.o(i.Error_Handler) for Error_Handler
    main.o(i.MX_TIM7_Init) refers to stm32f4xx_hal_tim_ex.o(i.HAL_TIMEx_MasterConfigSynchronization) for HAL_TIMEx_MasterConfigSynchronization
    main.o(i.MX_TIM7_Init) refers to main.o(.bss) for htim7
    main.o(i.MX_USART1_UART_Init) refers to stm32f4xx_hal_uart.o(i.HAL_UART_Init) for HAL_UART_Init
    main.o(i.MX_USART1_UART_Init) refers to main.o(i.Error_Handler) for Error_Handler
    main.o(i.MX_USART1_UART_Init) refers to main.o(.bss) for huart1
    main.o(i.SystemClock_Config) refers to memseta.o(.text) for __aeabi_memclr4
    main.o(i.SystemClock_Config) refers to stm32f4xx_hal_rcc.o(i.HAL_RCC_OscConfig) for HAL_RCC_OscConfig
    main.o(i.SystemClock_Config) refers to main.o(i.Error_Handler) for Error_Handler
    main.o(i.SystemClock_Config) refers to stm32f4xx_hal_rcc.o(i.HAL_RCC_ClockConfig) for HAL_RCC_ClockConfig
    main.o(i.SystemClock_Config) refers to stm32f4xx_hal_rcc.o(i.HAL_RCC_MCOConfig) for HAL_RCC_MCOConfig
    main.o(i.main) refers to stm32f4xx_hal.o(i.HAL_Init) for HAL_Init
    main.o(i.main) refers to main.o(i.SystemClock_Config) for SystemClock_Config
    main.o(i.main) refers to main.o(i.MX_GPIO_Init) for MX_GPIO_Init
    main.o(i.main) refers to main.o(i.MX_USART1_UART_Init) for MX_USART1_UART_Init
    main.o(i.main) refers to main.o(i.MX_FSMC_Init) for MX_FSMC_Init
    main.o(i.main) refers to main.o(i.MX_DMA_Init) for MX_DMA_Init
    main.o(i.main) refers to main.o(i.MX_DCMI_Init) for MX_DCMI_Init
    main.o(i.main) refers to main.o(i.MX_TIM7_Init) for MX_TIM7_Init
    main.o(i.main) refers to board.o(i.startManage) for startManage
    main.o(i.main) refers to board.o(i.board_quick) for board_quick
    stm32f4xx_it.o(i.DCMI_IRQHandler) refers to stm32f4xx_hal_dcmi.o(i.HAL_DCMI_IRQHandler) for HAL_DCMI_IRQHandler
    stm32f4xx_it.o(i.DCMI_IRQHandler) refers to main.o(.bss) for hdcmi
    stm32f4xx_it.o(i.DMA2_Stream1_IRQHandler) refers to stm32f4xx_hal_dma.o(i.HAL_DMA_IRQHandler) for HAL_DMA_IRQHandler
    stm32f4xx_it.o(i.DMA2_Stream1_IRQHandler) refers to main.o(.bss) for hdma_dcmi
    stm32f4xx_it.o(i.DMA2_Stream7_IRQHandler) refers to stm32f4xx_hal_dma.o(i.HAL_DMA_IRQHandler) for HAL_DMA_IRQHandler
    stm32f4xx_it.o(i.DMA2_Stream7_IRQHandler) refers to main.o(.bss) for hdma_usart1_tx
    stm32f4xx_it.o(i.SysTick_Handler) refers to stm32f4xx_hal.o(i.HAL_IncTick) for HAL_IncTick
    stm32f4xx_it.o(i.TIM7_IRQHandler) refers to stm32f4xx_hal_tim.o(i.HAL_TIM_IRQHandler) for HAL_TIM_IRQHandler
    stm32f4xx_it.o(i.TIM7_IRQHandler) refers to main.o(.bss) for htim7
    stm32f4xx_it.o(i.USART1_IRQHandler) refers to stm32f4xx_hal_uart.o(i.HAL_UART_IRQHandler) for HAL_UART_IRQHandler
    stm32f4xx_it.o(i.USART1_IRQHandler) refers to main.o(.bss) for huart1
    stm32f4xx_hal_msp.o(i.HAL_DCMI_MspDeInit) refers to stm32f4xx_hal_gpio.o(i.HAL_GPIO_DeInit) for HAL_GPIO_DeInit
    stm32f4xx_hal_msp.o(i.HAL_DCMI_MspDeInit) refers to stm32f4xx_hal_dma.o(i.HAL_DMA_DeInit) for HAL_DMA_DeInit
    stm32f4xx_hal_msp.o(i.HAL_DCMI_MspDeInit) refers to stm32f4xx_hal_cortex.o(i.HAL_NVIC_DisableIRQ) for HAL_NVIC_DisableIRQ
    stm32f4xx_hal_msp.o(i.HAL_DCMI_MspInit) refers to memseta.o(.text) for __aeabi_memclr4
    stm32f4xx_hal_msp.o(i.HAL_DCMI_MspInit) refers to stm32f4xx_hal_gpio.o(i.HAL_GPIO_Init) for HAL_GPIO_Init
    stm32f4xx_hal_msp.o(i.HAL_DCMI_MspInit) refers to stm32f4xx_hal_dma.o(i.HAL_DMA_Init) for HAL_DMA_Init
    stm32f4xx_hal_msp.o(i.HAL_DCMI_MspInit) refers to main.o(i.Error_Handler) for Error_Handler
    stm32f4xx_hal_msp.o(i.HAL_DCMI_MspInit) refers to stm32f4xx_hal_cortex.o(i.HAL_NVIC_SetPriority) for HAL_NVIC_SetPriority
[...]
    Removing stm32f4xx_hal_uart.o(i.HAL_UART_Abort), (170 bytes).
    Removing stm32f4xx_hal_uart.o(i.HAL_UART_AbortCpltCallback), (2 bytes).
    Removing stm32f4xx_hal_uart.o(i.HAL_UART_AbortReceive), (102 bytes).
    Removing stm32f4xx_hal_uart.o(i.HAL_UART_AbortReceiveCpltCallback), (2 bytes).
    Removing stm32f4xx_hal_uart.o(i.HAL_UART_AbortReceive_IT), (120 bytes).
    Removing stm32f4xx_hal_uart.o(i.HAL_UART_AbortTransmit), (90 bytes).
    Removing stm32f4xx_hal_uart.o(i.HAL_UART_AbortTransmitCpltCallback), (2 bytes).
    Removing stm32f4xx_hal_uart.o(i.HAL_UART_AbortTransmit_IT), (108 bytes).
    Removing stm32f4xx_hal_uart.o(i.HAL_UART_Abort_IT), (224 bytes).
    Removing stm32f4xx_hal_uart.o(i.HAL_UART_DMAPause), (124 bytes).
    Removing stm32f4xx_hal_uart.o(i.HAL_UART_DMAResume), (126 bytes).
    Removing stm32f4xx_hal_uart.o(i.HAL_UART_DMAStop), (102 bytes).
    Removing stm32f4xx_hal_uart.o(i.HAL_UART_DeInit), (58 bytes).
    Removing stm32f4xx_hal_uart.o(i.HAL_UART_GetError), (6 bytes).
    Removing stm32f4xx_hal_uart.o(i.HAL_UART_GetState), (20 bytes).
    Removing stm32f4xx_hal_uart.o(i.HAL_UART_MspDeInit), (2 bytes).
    Removing stm32f4xx_hal_uart.o(i.HAL_UART_MspInit), (2 bytes).
    Removing stm32f4xx_hal_uart.o(i.HAL_UART_Receive), (222 bytes).
    Removing stm32f4xx_hal_uart.o(i.HAL_UART_Receive_DMA), (196 bytes).
    Removing stm32f4xx_hal_uart.o(i.HAL_UART_Receive_IT), (112 bytes).
    Removing stm32f4xx_hal_uart.o(i.HAL_UART_RxHalfCpltCallback), (2 bytes).
    Removing stm32f4xx_hal_uart.o(i.HAL_UART_Transmit_DMA), (156 bytes).
    Removing stm32f4xx_hal_uart.o(i.HAL_UART_Transmit_IT), (88 bytes).
    Removing stm32f4xx_hal_uart.o(i.HAL_UART_TxHalfCpltCallback), (2 bytes).
    Removing stm32f4xx_hal_uart.o(i.UART_DMAError), (80 bytes).
    Removing stm32f4xx_hal_uart.o(i.UART_DMAReceiveCplt), (70 bytes).
    Removing stm32f4xx_hal_uart.o(i.UART_DMARxAbortCallback), (52 bytes).
    Removing stm32f4xx_hal_uart.o(i.UART_DMARxHalfCplt), (14 bytes).
    Removing stm32f4xx_hal_uart.o(i.UART_DMARxOnlyAbortCallback), (24 bytes).
    Removing stm32f4xx_hal_uart.o(i.UART_DMATransmitCplt), (54 bytes).
    Removing stm32f4xx_hal_uart.o(i.UART_DMATxAbortCallback), (52 bytes).
    Removing stm32f4xx_hal_uart.o(i.UART_DMATxHalfCplt), (14 bytes).
    Removing stm32f4xx_hal_uart.o(i.UART_DMATxOnlyAbortCallback), (24 bytes).
    Removing stm32f4xx_hal_uart.o(i.UART_EndTxTransfer), (20 bytes).
    Removing system_stm32f4xx.o(.rev16_text), (4 bytes).
    Removing system_stm32f4xx.o(.revsh_text), (4 bytes).
    Removing system_stm32f4xx.o(.rrx_text), (6 bytes).
    Removing system_stm32f4xx.o(i.SystemCoreClockUpdate), (192 bytes).
    Removing startup_stm32f407xx.o(HEAP), (512 bytes).
    Removing systick.o(.rev16_text), (4 bytes).
    Removing systick.o(.revsh_text), (4 bytes).
    Removing systick.o(.rrx_text), (6 bytes).
    Removing board.o(.rev16_text), (4 bytes).
    Removing board.o(.revsh_text), (4 bytes).
    Removing board.o(.rrx_text), (6 bytes).
    Removing uart.o(.rev16_text), (4 bytes).
    Removing uart.o(.revsh_text), (4 bytes).
    Removing uart.o(.rrx_text), (6 bytes).
    Removing key.o(.rev16_text), (4 bytes).
    Removing key.o(.revsh_text), (4 bytes).
    Removing key.o(.rrx_text), (6 bytes).
    Removing tim.o(.rev16_text), (4 bytes).
    Removing tim.o(.revsh_text), (4 bytes).
    Removing tim.o(.rrx_text), (6 bytes).
    Removing str.o(.rev16_text), (4 bytes).
    Removing str.o(.revsh_text), (4 bytes).
    Removing str.o(.rrx_text), (6 bytes).
    Removing str.o(.bss), (64 bytes).
    Removing gui.o(.rev16_text), (4 bytes).
    Removing gui.o(.revsh_text), (4 bytes).
    Removing gui.o(.rrx_text), (6 bytes).
    Removing gui.o(i.gui_DrawFRONT_COLOR), (28 bytes).
    Removing gui.o(i.gui_DrawLine), (176 bytes).
    Removing gui.o(i.gui_DrawLine_Color), (172 bytes).
    Removing gui.o(i.gui_DrawPoint), (32 bytes).
    Removing gui.o(i.gui_DrawRectangle), (64 bytes).
    Removing gui.o(i.gui_Draw_Circle), (152 bytes).
    Removing gui.o(i.gui_fill_Clear), (78 bytes).
    Removing lcd.o(.rev16_text), (4 bytes).
    Removing lcd.o(.revsh_text), (4 bytes).
    Removing lcd.o(.rrx_text), (6 bytes).
    Removing lcd.o(i.LCD_WriteCmdData), (20 bytes).
    Removing lcd.o(i.LCD_WriteData_Color), (12 bytes).
    Removing lcd.o(i.opt_delay), (14 bytes).
    Removing gt5663.o(.rev16_text), (4 bytes).
    Removing gt5663.o(.revsh_text), (4 bytes).
    Removing gt5663.o(.rrx_text), (6 bytes).
    Removing gt5663.o(i.GT5663_Init), (284 bytes).
    Removing gt5663.o(i.GT5663_RD_Reg), (98 bytes).
    Removing gt5663.o(i.GT5663_Scan), (448 bytes).
    Removing gt5663.o(i.GT5663_Send_Cfg), (92 bytes).
    Removing gt5663.o(i.GT5663_WR_Reg), (92 bytes).
    Removing gt5663.o(.constdata), (194 bytes).
    Removing gt5663.o(.data), (1 bytes).
    Removing touch.o(.rev16_text), (4 bytes).
    Removing touch.o(.revsh_text), (4 bytes).
    Removing touch.o(.rrx_text), (6 bytes).
    Removing touch.o(i.Get_Test_Val), (68 bytes).
    Removing touch.o(i.ReadCTP), (260 bytes).
    Removing touch.o(i.TOUCH_Init), (8 bytes).
    Removing touch.o(i.TOUCH_ReadData), (148 bytes).
    Removing touch.o(i.TOUCH_ReadXY), (158 bytes).
    Removing touch.o(i.TOUCH_Read_AD), (184 bytes).
    Removing touch.o(i.TOUCH_Scan), (10 bytes).
    Removing touch.o(i.TOUCH_Write_Byte), (88 bytes).
    Removing touch.o(.bss), (74 bytes).
    Removing ctiic.o(.rev16_text), (4 bytes).
    Removing ctiic.o(.revsh_text), (4 bytes).
    Removing ctiic.o(.rrx_text), (6 bytes).
    Removing ctiic.o(i.CT_Delay), (10 bytes).
    Removing ctiic.o(i.CT_IIC_Ack), (72 bytes).
    Removing ctiic.o(i.CT_IIC_Init), (116 bytes).
    Removing ctiic.o(i.CT_IIC_NAck), (68 bytes).
    Removing ctiic.o(i.CT_IIC_Read_Byte), (96 bytes).
    Removing ctiic.o(i.CT_IIC_Send_Byte), (108 bytes).
    Removing ctiic.o(i.CT_IIC_Start), (68 bytes).
    Removing ctiic.o(i.CT_IIC_Stop), (60 bytes).
    Removing ctiic.o(i.CT_IIC_Wait_Ack), (92 bytes).
    Removing ctiic.o(i.CT_SDA_IN), (36 bytes).
    Removing ctiic.o(i.CT_SDA_OUT), (36 bytes).
    Removing dcmi.o(.rev16_text), (4 bytes).
    Removing dcmi.o(.revsh_text), (4 bytes).
    Removing dcmi.o(.rrx_text), (6 bytes).
    Removing ov7670.o(.rev16_text), (4 bytes).
    Removing ov7670.o(.revsh_text), (4 bytes).
    Removing ov7670.o(.rrx_text), (6 bytes).
    Removing ov7670.o(i.MCLK_OFF), (2 bytes).
    Removing ov7670.o(i.MCLK_ON), (2 bytes).
    Removing ov7670.o(i.OV7670_Brightness), (50 bytes).
    Removing ov7670.o(i.OV7670_Color_Saturation), (122 bytes).
    Removing ov7670.o(i.OV7670_Contrast), (50 bytes).
    Removing ov7670.o(i.OV7670_Light_Mode), (92 bytes).
    Removing ov7670.o(i.OV7670_Special_Effects), (106 bytes).
    Removing sccb.o(.rev16_text), (4 bytes).
    Removing sccb.o(.revsh_text), (4 bytes).
    Removing sccb.o(.rrx_text), (6 bytes).

520 unused section(s) (total 32533 bytes) removed from the image.

==============================================================================

Image Symbol Table

    Local Symbols

    Symbol Name                              Value     Ov Type        Size  Object(Section)

    ../Drivers/STM32F4xx_HAL_Driver/Src/stm32f4xx_hal.c 0x00000000   Number         0  stm32f4xx_hal.o ABSOLUTE
    ../Drivers/STM32F4xx_HAL_Driver/Src/stm32f4xx_hal_cortex.c 0x00000000   Number         0  stm32f4xx_hal_cortex.o ABSOLUTE
    ../Drivers/STM32F4xx_HAL_Driver/Src/stm32f4xx_hal_dcmi.c 0x00000000   Number         0  stm32f4xx_hal_dcmi.o ABSOLUTE
    ../Drivers/STM32F4xx_HAL_Driver/Src/stm32f4xx_hal_dcmi_ex.c 0x00000000   Number         0  stm32f4xx_hal_dcmi_ex.o ABSOLUTE
    ../Drivers/STM32F4xx_HAL_Driver/Src/stm32f4xx_hal_dma.c 0x00000000   Number         0  stm32f4xx_hal_dma.o ABSOLUTE
    ../Drivers/STM32F4xx_HAL_Driver/Src/stm32f4xx_hal_dma_ex.c 0x00000000   Number         0  stm32f4xx_hal_dma_ex.o ABSOLUTE
    ../Drivers/STM32F4xx_HAL_Driver/Src/stm32f4xx_hal_exti.c 0x00000000   Number         0  stm32f4xx_hal_exti.o ABSOLUTE
    ../Drivers/STM32F4xx_HAL_Driver/Src/stm32f4xx_hal_flash.c 0x00000000   Number         0  stm32f4xx_hal_flash.o ABSOLUTE
    ../Drivers/STM32F4xx_HAL_Driver/Src/stm32f4xx_hal_flash_ex.c 0x00000000   Number         0  stm32f4xx_hal_flash_ex.o ABSOLUTE
    ../Drivers/STM32F4xx_HAL_Driver/Src/stm32f4xx_hal_flash_ramfunc.c 0x00000000   Number         0  stm32f4xx_hal_flash_ramfunc.o ABSOLUTE
    ../Drivers/STM32F4xx_HAL_Driver/Src/stm32f4xx_hal_gpio.c 0x00000000   Number         0  stm32f4xx_hal_gpio.o ABSOLUTE
    ../Drivers/STM32F4xx_HAL_Driver/Src/stm32f4xx_hal_pwr.c 0x00000000   Number         0  stm32f4xx_hal_pwr.o ABSOLUTE
    ../Drivers/STM32F4xx_HAL_Driver/Src/stm32f4xx_hal_pwr_ex.c 0x00000000   Number         0  stm32f4xx_hal_pwr_ex.o ABSOLUTE
    ../Drivers/STM32F4xx_HAL_Driver/Src/stm32f4xx_hal_rcc.c 0x00000000   Number         0  stm32f4xx_hal_rcc.o ABSOLUTE
    ../Drivers/STM32F4xx_HAL_Driver/Src/stm32f4xx_hal_rcc_ex.c 0x00000000   Number         0  stm32f4xx_hal_rcc_ex.o ABSOLUTE
    ../Drivers/STM32F4xx_HAL_Driver/Src/stm32f4xx_hal_sram.c 0x00000000   Number         0  stm32f4xx_hal_sram.o ABSOLUTE
    ../Drivers/STM32F4xx_HAL_Driver/Src/stm32f4xx_hal_tim.c 0x00000000   Number         0  stm32f4xx_hal_tim.o ABSOLUTE
    ../Drivers/STM32F4xx_HAL_Driver/Src/stm32f4xx_hal_tim_ex.c 0x00000000   Number         0  stm32f4xx_hal_tim_ex.o ABSOLUTE
    ../Drivers/STM32F4xx_HAL_Driver/Src/stm32f4xx_hal_uart.c 0x00000000   Number         0  stm32f4xx_hal_uart.o ABSOLUTE
    ../Drivers/STM32F4xx_HAL_Driver/Src/stm32f4xx_ll_fsmc.c 0x00000000   Number         0  stm32f4xx_ll_fsmc.o ABSOLUTE
    ../Src/main.c                            0x00000000   Number         0  main.o ABSOLUTE
    ../Src/stm32f4xx_hal_msp.c               0x00000000   Number         0  stm32f4xx_hal_msp.o ABSOLUTE
    ../Src/stm32f4xx_it.c                    0x00000000   Number         0  stm32f4xx_it.o ABSOLUTE
    ../Src/system_stm32f4xx.c                0x00000000   Number         0  system_stm32f4xx.o ABSOLUTE
    ../clib/microlib/division.c              0x00000000   Number         0  uldiv.o ABSOLUTE
    ../clib/microlib/init/entry.s            0x00000000   Number         0  entry7b.o ABSOLUTE
    ../clib/microlib/init/entry.s            0x00000000   Number         0  entry8a.o ABSOLUTE
    ../clib/microlib/init/entry.s            0x00000000   Number         0  entry2.o ABSOLUTE
    ../clib/microlib/init/entry.s            0x00000000   Number         0  entry9a.o ABSOLUTE
    ../clib/microlib/init/entry.s            0x00000000   Number         0  entry9b.o ABSOLUTE
    ../clib/microlib/init/entry.s            0x00000000   Number         0  entry5.o ABSOLUTE
    ../clib/microlib/init/entry.s            0x00000000   Number         0  entry8b.o ABSOLUTE
    ../clib/microlib/init/entry.s            0x00000000   Number         0  entry7a.o ABSOLUTE
    ../clib/microlib/init/entry.s            0x00000000   Number         0  entry.o ABSOLUTE
    ../clib/microlib/init/entry.s            0x00000000   Number         0  entry10a.o ABSOLUTE
    ../clib/microlib/init/entry.s            0x00000000   Number         0  entry10b.o ABSOLUTE
    ../clib/microlib/init/entry.s            0x00000000   Number         0  entry11a.o ABSOLUTE
    ../clib/microlib/init/entry.s            0x00000000   Number         0  entry11b.o ABSOLUTE
    ../clib/microlib/longlong.c              0x00000000   Number         0  llushr.o ABSOLUTE
    ../clib/microlib/longlong.c              0x00000000   Number         0  llshl.o ABSOLUTE
    ../clib/microlib/string/memset.c         0x00000000   Number         0  memseta.o ABSOLUTE
    ../clib/microlib/string/strcmp.c         0x00000000   Number         0  strcmp.o ABSOLUTE
    ..\APP\LCD\LCD.c                         0x00000000   Number         0  lcd.o ABSOLUTE
    ..\APP\LCD\ctiic.c                       0x00000000   Number         0  ctiic.o ABSOLUTE
    ..\APP\LCD\gt5663.c                      0x00000000   Number         0  gt5663.o ABSOLUTE
    ..\APP\LCD\touch.c                       0x00000000   Number         0  touch.o ABSOLUTE
    ..\APP\Str_Inchip_Asc\str.c              0x00000000   Number         0  str.o ABSOLUTE
    ..\APP\board.c                           0x00000000   Number         0  board.o ABSOLUTE
    ..\APP\gui.c                             0x00000000   Number         0  gui.o ABSOLUTE
    ..\APP\key.c                             0x00000000   Number         0  key.o ABSOLUTE
    ..\APP\tim.c                             0x00000000   Number         0  tim.o ABSOLUTE
    ..\APP\uart.c                            0x00000000   Number         0  uart.o ABSOLUTE
    ..\Drivers\CMSIS\Device\ST\STM32F4xx\Source\Templates\arm\startup_stm32f407xx.s 0x00000000   Number         0  startup_stm32f407xx.o ABSOLUTE
    ..\Drivers\STM32F4xx_HAL_Driver\Src\stm32f4xx_hal.c 0x00000000   Number         0  stm32f4xx_hal.o ABSOLUTE
    ..\Drivers\STM32F4xx_HAL_Driver\Src\stm32f4xx_hal_cortex.c 0x00000000   Number         0  stm32f4xx_hal_cortex.o ABSOLUTE
    ..\Drivers\STM32F4xx_HAL_Driver\Src\stm32f4xx_hal_dcmi.c 0x00000000   Number         0  stm32f4xx_hal_dcmi.o ABSOLUTE
    ..\Drivers\STM32F4xx_HAL_Driver\Src\stm32f4xx_hal_dcmi_ex.c 0x00000000   Number         0  stm32f4xx_hal_dcmi_ex.o ABSOLUTE
    ..\Drivers\STM32F4xx_HAL_Driver\Src\stm32f4xx_hal_dma.c 0x00000000   Number         0  stm32f4xx_hal_dma.o ABSOLUTE
    ..\Drivers\STM32F4xx_HAL_Driver\Src\stm32f4xx_hal_dma_ex.c 0x00000000   Number         0  stm32f4xx_hal_dma_ex.o ABSOLUTE
    ..\Drivers\STM32F4xx_HAL_Driver\Src\stm32f4xx_hal_exti.c 0x00000000   Number         0  stm32f4xx_hal_exti.o ABSOLUTE
    ..\Drivers\STM32F4xx_HAL_Driver\Src\stm32f4xx_hal_flash.c 0x00000000   Number         0  stm32f4xx_hal_flash.o ABSOLUTE
    ..\Drivers\STM32F4xx_HAL_Driver\Src\stm32f4xx_hal_flash_ex.c 0x00000000   Number         0  stm32f4xx_hal_flash_ex.o ABSOLUTE
    ..\Drivers\STM32F4xx_HAL_Driver\Src\stm32f4xx_hal_flash_ramfunc.c 0x00000000   Number         0  stm32f4xx_hal_flash_ramfunc.o ABSOLUTE
    ..\Drivers\STM32F4xx_HAL_Driver\Src\stm32f4xx_hal_gpio.c 0x00000000   Number         0  stm32f4xx_hal_gpio.o ABSOLUTE
    ..\Drivers\STM32F4xx_HAL_Driver\Src\stm32f4xx_hal_pwr.c 0x00000000   Number         0  stm32f4xx_hal_pwr.o ABSOLUTE
    ..\Drivers\STM32F4xx_HAL_Driver\Src\stm32f4xx_hal_pwr_ex.c 0x00000000   Number         0  stm32f4xx_hal_pwr_ex.o ABSOLUTE
    ..\Drivers\STM32F4xx_HAL_Driver\Src\stm32f4xx_hal_rcc.c 0x00000000   Number         0  stm32f4xx_hal_rcc.o ABSOLUTE
    ..\Drivers\STM32F4xx_HAL_Driver\Src\stm32f4xx_hal_rcc_ex.c 0x00000000   Number         0  stm32f4xx_hal_rcc_ex.o ABSOLUTE
    ..\Drivers\STM32F4xx_HAL_Driver\Src\stm32f4xx_hal_sram.c 0x00000000   Number         0  stm32f4xx_hal_sram.o ABSOLUTE
    ..\Drivers\STM32F4xx_HAL_Driver\Src\stm32f4xx_hal_tim.c 0x00000000   Number         0  stm32f4xx_hal_tim.o ABSOLUTE
    ..\Drivers\STM32F4xx_HAL_Driver\Src\stm32f4xx_hal_tim_ex.c 0x00000000   Number         0  stm32f4xx_hal_tim_ex.o ABSOLUTE
    ..\Drivers\STM32F4xx_HAL_Driver\Src\stm32f4xx_hal_uart.c 0x00000000   Number         0  stm32f4xx_hal_uart.o ABSOLUTE
    ..\Drivers\STM32F4xx_HAL_Driver\Src\stm32f4xx_ll_fsmc.c 0x00000000   Number         0  stm32f4xx_ll_fsmc.o ABSOLUTE
    ..\OV7670\dcmi.c                         0x00000000   Number         0  dcmi.o ABSOLUTE
    ..\OV7670\ov7670.c                       0x00000000   Number         0  ov7670.o ABSOLUTE
    ..\OV7670\sccb.c                         0x00000000   Number         0  sccb.o ABSOLUTE
    ..\Public\SysTick.c                      0x00000000   Number         0  systick.o ABSOLUTE
    ..\Src\main.c                            0x00000000   Number         0  main.o ABSOLUTE
    ..\Src\stm32f4xx_hal_msp.c               0x00000000   Number         0  stm32f4xx_hal_msp.o ABSOLUTE
    ..\Src\stm32f4xx_it.c                    0x00000000   Number         0  stm32f4xx_it.o ABSOLUTE
    ..\Src\system_stm32f4xx.c                0x00000000   Number         0  system_stm32f4xx.o ABSOLUTE
    ..\\APP\\LCD\\LCD.c                      0x00000000   Number         0  lcd.o ABSOLUTE
    ..\\APP\\LCD\\ctiic.c                    0x00000000   Number         0  ctiic.o ABSOLUTE
    ..\\APP\\LCD\\gt5663.c                   0x00000000   Number         0  gt5663.o ABSOLUTE
    ..\\APP\\LCD\\touch.c                    0x00000000   Number         0  touch.o ABSOLUTE
    ..\\APP\\Str_Inchip_Asc\\str.c           0x00000000   Number         0  str.o ABSOLUTE
    ..\\APP\\board.c                         0x00000000   Number         0  board.o ABSOLUTE
    ..\\APP\\gui.c                           0x00000000   Number         0  gui.o ABSOLUTE
    ..\\APP\\key.c                           0x00000000   Number         0  key.o ABSOLUTE
    ..\\APP\\tim.c                           0x00000000   Number         0  tim.o ABSOLUTE
    ..\\APP\\uart.c                          0x00000000   Number         0  uart.o ABSOLUTE
    ..\\OV7670\\dcmi.c                       0x00000000   Number         0  dcmi.o ABSOLUTE
    ..\\OV7670\\ov7670.c                     0x00000000   Number         0  ov7670.o ABSOLUTE
    ..\\OV7670\\sccb.c                       0x00000000   Number         0  sccb.o ABSOLUTE
    ..\\Public\\SysTick.c                    0x00000000   Number         0  systick.o ABSOLUTE
    dc.s                                     0x00000000   Number         0  dc.o ABSOLUTE
    handlers.s                               0x00000000   Number         0  handlers.o ABSOLUTE
    init.s                                   0x00000000   Number         0  init.o ABSOLUTE
    RESET                                    0x08000000   Section      392  startup_stm32f407xx.o(RESET)
    .ARM.Collect$$$$00000000                 0x08000188   Section        0  entry.o(.ARM.Collect$$$$00000000)
    .ARM.Collect$$$$00000001                 0x08000188   Section        4  entry2.o(.ARM.Collect$$$$00000001)
    .ARM.Collect$$$$00000004                 0x0800018c   Section        4  entry5.o(.ARM.Collect$$$$00000004)
    .ARM.Collect$$$$00000008                 0x08000190   Section        0  entry7b.o(.ARM.Collect$$$$00000008)
    .ARM.Collect$$$$0000000A                 0x08000190   Section        0  entry8b.o(.ARM.Collect$$$$0000000A)
    .ARM.Collect$$$$0000000B                 0x08000190   Section        8  entry9a.o(.ARM.Collect$$$$0000000B)
    .ARM.Collect$$$$0000000D                 0x08000198   Section        0  entry10a.o(.ARM.Collect$$$$0000000D)
    .ARM.Collect$$$$0000000F                 0x08000198   Section        0  entry11a.o(.ARM.Collect$$$$0000000F)
    .ARM.Collect$$$$00002712                 0x08000198   Section        4  entry2.o(.ARM.Collect$$$$00002712)
    __lit__00000000                          0x08000198   Data           4  entry2.o(.ARM.Collect$$$$00002712)
    .text                                    0x0800019c   Section       36  startup_stm32f407xx.o(.text)
    $v0                                      0x0800019c   Number         0  startup_stm32f407xx.o(.text)
    .text                                    0x080001c0   Section        0  uldiv.o(.text)
    .text                                    0x08000222   Section        0  memseta.o(.text)
    .text                                    0x08000246   Section        0  llshl.o(.text)
    .text                                    0x08000264   Section        0  llushr.o(.text)
    .text                                    0x08000284   Section       36  init.o(.text)
    i.BusFault_Handler                       0x080002a8   Section        0  stm32f4xx_it.o(i.BusFault_Handler)
    i.DCMI_DMAError                          0x080002ac   Section        0  stm32f4xx_hal_dcmi.o(i.DCMI_DMAError)
    DCMI_DMAError                            0x080002ad   Thumb Code    28  stm32f4xx_hal_dcmi.o(i.DCMI_DMAError)
    i.DCMI_DMAXferCplt                       0x080002c8   Section        0  stm32f4xx_hal_dcmi.o(i.DCMI_DMAXferCplt)
    DCMI_DMAXferCplt                         0x080002c9   Thumb Code   198  stm32f4xx_hal_dcmi.o(i.DCMI_DMAXferCplt)
    i.DCMI_IRQHandler                        0x08000390   Section        0  stm32f4xx_it.o(i.DCMI_IRQHandler)
    i.DMA2_Stream1_IRQHandler                0x080003a0   Section        0  stm32f4xx_it.o(i.DMA2_Stream1_IRQHandler)
    i.DMA2_Stream7_IRQHandler                0x080003b0   Section        0  stm32f4xx_it.o(i.DMA2_Stream7_IRQHandler)
    i.DMA_CalcBaseAndBitshift                0x080003c0   Section        0  stm32f4xx_hal_dma.o(i.DMA_CalcBaseAndBitshift)
    DMA_CalcBaseAndBitshift                  0x080003c1   Thumb Code    46  stm32f4xx_hal_dma.o(i.DMA_CalcBaseAndBitshift)
    i.DMA_CheckFifoParam                     0x080003f4   Section        0  stm32f4xx_hal_dma.o(i.DMA_CheckFifoParam)
    DMA_CheckFifoParam                       0x080003f5   Thumb Code   170  stm32f4xx_hal_dma.o(i.DMA_CheckFifoParam)
    i.DMA_MultiBufferSetConfig               0x0800049e   Section        0  stm32f4xx_hal_dma_ex.o(i.DMA_MultiBufferSetConfig)
    DMA_MultiBufferSetConfig                 0x0800049f   Thumb Code    32  stm32f4xx_hal_dma_ex.o(i.DMA_MultiBufferSetConfig)
    i.DMA_SetConfig                          0x080004be   Section        0  stm32f4xx_hal_dma.o(i.DMA_SetConfig)
    DMA_SetConfig                            0x080004bf   Thumb Code    44  stm32f4xx_hal_dma.o(i.DMA_SetConfig)
    i.DebugMon_Handler                       0x080004ea   Section        0  stm32f4xx_it.o(i.DebugMon_Handler)
    i.Error_Handler                          0x080004ec   Section        0  main.o(i.Error_Handler)
    i.FSMC_NORSRAM_Extended_Timing_Init      0x080004f0   Section        0  stm32f4xx_ll_fsmc.o(i.FSMC_NORSRAM_Extended_Timing_Init)
    i.FSMC_NORSRAM_Init                      0x08000538   Section        0  stm32f4xx_ll_fsmc.o(i.FSMC_NORSRAM_Init)
    i.FSMC_NORSRAM_Timing_Init               0x08000594   Section        0  stm32f4xx_ll_fsmc.o(i.FSMC_NORSRAM_Timing_Init)
    i.Get_Key_Status                         0x080005d8   Section        0  key.o(i.Get_Key_Status)
    i.HAL_DCMI_ErrorCallback                 0x0800061a   Section        0  stm32f4xx_hal_dcmi.o(i.HAL_DCMI_ErrorCallback)
    i.HAL_DCMI_FrameEventCallback            0x0800061c   Section        0  stm32f4xx_hal_dcmi.o(i.HAL_DCMI_FrameEventCallback)
    i.HAL_DCMI_IRQHandler                    0x08000620   Section        0  stm32f4xx_hal_dcmi.o(i.HAL_DCMI_IRQHandler)
    i.HAL_DCMI_Init                          0x080006d0   Section        0  stm32f4xx_hal_dcmi_ex.o(i.HAL_DCMI_Init)
    i.HAL_DCMI_LineEventCallback             0x08000756   Section        0  stm32f4xx_hal_dcmi.o(i.HAL_DCMI_LineEventCallback)
    i.HAL_DCMI_MspInit                       0x08000758   Section        0  stm32f4xx_hal_msp.o(i.HAL_DCMI_MspInit)
    i.HAL_DCMI_Start_DMA                     0x080008f8   Section        0  stm32f4xx_hal_dcmi.o(i.HAL_DCMI_Start_DMA)
    i.HAL_DCMI_Stop                          0x080009e4   Section        0  stm32f4xx_hal_dcmi.o(i.HAL_DCMI_Stop)
    i.HAL_DCMI_VsyncEventCallback            0x08000a70   Section        0  stm32f4xx_hal_dcmi.o(i.HAL_DCMI_VsyncEventCallback)
    i.HAL_DMAEx_ChangeMemory                 0x08000a72   Section        0  stm32f4xx_hal_dma_ex.o(i.HAL_DMAEx_ChangeMemory)
    i.HAL_DMAEx_MultiBufferStart_IT          0x08000a84   Section        0  stm32f4xx_hal_dma_ex.o(i.HAL_DMAEx_MultiBufferStart_IT)
    i.HAL_DMA_Abort                          0x08001a5c   Section        0  stm32f4xx_hal_dma.o(i.HAL_DMA_Abort)
    i.HAL_DMA_Abort_IT                       0x08001b06   Section        0  stm32f4xx_hal_dma.o(i.HAL_DMA_Abort_IT)
    i.HAL_DMA_IRQHandler                     0x08001b30   Section        0  stm32f4xx_hal_dma.o(i.HAL_DMA_IRQHandler)
    i.HAL_DMA_Init                           0x08001d70   Section        0  stm32f4xx_hal_dma.o(i.HAL_DMA_Init)
    i.HAL_DMA_Start_IT                       0x08001e5c   Section        0  stm32f4xx_hal_dma.o(i.HAL_DMA_Start_IT)
    i.HAL_FSMC_MspInit                       0x08001efc   Section        0  stm32f4xx_hal_msp.o(i.HAL_FSMC_MspInit)
    HAL_FSMC_MspInit                         0x08001efd   Thumb Code   182  stm32f4xx_hal_msp.o(i.HAL_FSMC_MspInit)
    i.HAL_GPIO_Init                          0x08001fcc   Section        0  stm32f4xx_hal_gpio.o(i.HAL_GPIO_Init)
    i.HAL_GPIO_ReadPin                       0x080021cc   Section        0  stm32f4xx_hal_gpio.o(i.HAL_GPIO_ReadPin)
    i.HAL_GPIO_WritePin                      0x080021dc   Section        0  stm32f4xx_hal_gpio.o(i.HAL_GPIO_WritePin)
    i.HAL_GetTick                            0x080021e8   Section        0  stm32f4xx_hal.o(i.HAL_GetTick)
    i.HAL_IncTick                            0x080021f4   Section        0  stm32f4xx_hal.o(i.HAL_IncTick)
    i.HAL_Init                               0x0800220c   Section        0  stm32f4xx_hal.o(i.HAL_Init)
    i.HAL_InitTick                           0x08002248   Section        0  stm32f4xx_hal.o(i.HAL_InitTick)
    i.HAL_MspInit                            0x08002294   Section        0  stm32f4xx_hal_msp.o(i.HAL_MspInit)
    i.HAL_NVIC_EnableIRQ                     0x080022dc   Section        0  stm32f4xx_hal_cortex.o(i.HAL_NVIC_EnableIRQ)
    i.HAL_NVIC_SetPriority                   0x080022fc   Section        0  stm32f4xx_hal_cortex.o(i.HAL_NVIC_SetPriority)
    i.HAL_NVIC_SetPriorityGrouping           0x08002378   Section        0  stm32f4xx_hal_cortex.o(i.HAL_NVIC_SetPriorityGrouping)
    i.HAL_RCC_ClockConfig                    0x080023a0   Section        0  stm32f4xx_hal_rcc.o(i.HAL_RCC_ClockConfig)
    i.HAL_RCC_GetHCLKFreq                    0x08002520   Section        0  stm32f4xx_hal_rcc.o(i.HAL_RCC_GetHCLKFreq)
    i.HAL_RCC_GetPCLK1Freq                   0x0800252c   Section        0  stm32f4xx_hal_rcc.o(i.HAL_RCC_GetPCLK1Freq)
    i.HAL_RCC_GetPCLK2Freq                   0x0800254c   Section        0  stm32f4xx_hal_rcc.o(i.HAL_RCC_GetPCLK2Freq)
    i.HAL_RCC_GetSysClockFreq                0x0800256c   Section        0  stm32f4xx_hal_rcc.o(i.HAL_RCC_GetSysClockFreq)
    i.HAL_RCC_MCOConfig                      0x0800261c   Section        0  stm32f4xx_hal_rcc.o(i.HAL_RCC_MCOConfig)
    i.HAL_RCC_OscConfig                      0x080026dc   Section        0  stm32f4xx_hal_rcc.o(i.HAL_RCC_OscConfig)
    i.HAL_SRAM_Init                          0x08002b24   Section        0  stm32f4xx_hal_sram.o(i.HAL_SRAM_Init)
    i.HAL_SRAM_MspInit                       0x08002b7c   Section        0  stm32f4xx_hal_msp.o(i.HAL_SRAM_MspInit)
    i.HAL_SYSTICK_CLKSourceConfig            0x08002b86   Section        0  stm32f4xx_hal_cortex.o(i.HAL_SYSTICK_CLKSourceConfig)
    i.HAL_SYSTICK_Config                     0x08002bae   Section        0  stm32f4xx_hal_cortex.o(i.HAL_SYSTICK_Config)
    i.HAL_TIMEx_BreakCallback                0x08002be2   Section        0  stm32f4xx_hal_tim_ex.o(i.HAL_TIMEx_BreakCallback)
    i.HAL_TIMEx_CommutCallback               0x08002be4   Section        0  stm32f4xx_hal_tim_ex.o(i.HAL_TIMEx_CommutCallback)
    i.HAL_TIMEx_MasterConfigSynchronization  0x08002be6   Section        0  stm32f4xx_hal_tim_ex.o(i.HAL_TIMEx_MasterConfigSynchronization)
    i.HAL_TIM_Base_Init                      0x08002c3a   Section        0  stm32f4xx_hal_tim.o(i.HAL_TIM_Base_Init)
    i.HAL_TIM_Base_MspInit                   0x08002c70   Section        0  stm32f4xx_hal_msp.o(i.HAL_TIM_Base_MspInit)
    i.HAL_TIM_Base_Start_IT                  0x08002cb8   Section        0  stm32f4xx_hal_tim.o(i.HAL_TIM_Base_Start_IT)
    i.HAL_TIM_IC_CaptureCallback             0x08002ce2   Section        0  stm32f4xx_hal_tim.o(i.HAL_TIM_IC_CaptureCallback)
    i.HAL_TIM_IRQHandler                     0x08002ce4   Section        0  stm32f4xx_hal_tim.o(i.HAL_TIM_IRQHandler)
    i.HAL_TIM_OC_DelayElapsedCallback        0x08002e7a   Section        0  stm32f4xx_hal_tim.o(i.HAL_TIM_OC_DelayElapsedCallback)
    i.HAL_TIM_PWM_PulseFinishedCallback      0x08002e7c   Section        0  stm32f4xx_hal_tim.o(i.HAL_TIM_PWM_PulseFinishedCallback)
    i.HAL_TIM_PeriodElapsedCallback          0x08002e80   Section        0  tim.o(i.HAL_TIM_PeriodElapsedCallback)
    i.HAL_TIM_TriggerCallback                0x08002e98   Section        0  stm32f4xx_hal_tim.o(i.HAL_TIM_TriggerCallback)
    i.HAL_UART_ErrorCallback                 0x08002e9a   Section        0  stm32f4xx_hal_uart.o(i.HAL_UART_ErrorCallback)
    i.HAL_UART_IRQHandler                    0x08002e9c   Section        0  stm32f4xx_hal_uart.o(i.HAL_UART_IRQHandler)
    i.HAL_UART_Init                          0x08002fe8   Section        0  stm32f4xx_hal_uart.o(i.HAL_UART_Init)
    i.HAL_UART_MspInit                       0x0800305c   Section        0  stm32f4xx_hal_msp.o(i.HAL_UART_MspInit)
    i.HAL_UART_RxCpltCallback                0x08003138   Section        0  stm32f4xx_hal_uart.o(i.HAL_UART_RxCpltCallback)
    i.HAL_UART_Transmit                      0x0800313a   Section        0  stm32f4xx_hal_uart.o(i.HAL_UART_Transmit)
    i.HAL_UART_TxCpltCallback                0x08003210   Section        0  stm32f4xx_hal_uart.o(i.HAL_UART_TxCpltCallback)
    i.HardFault_Handler                      0x08003212   Section        0  stm32f4xx_it.o(i.HardFault_Handler)
    i.KEY_Param_Init                         0x08003216   Section        0  key.o(i.KEY_Param_Init)
    i.Key_Process                            0x0800322c   Section        0  board.o(i.Key_Process)
    i.Key_Read                               0x080032b0   Section        0  key.o(i.Key_Read)
    i.LCD_Clear                              0x08003320   Section        0  lcd.o(i.LCD_Clear)
    i.LCD_Display_Dir                        0x08003354   Section        0  lcd.o(i.LCD_Display_Dir)
    i.LCD_FSMCInit                           0x080033c8   Section        0  lcd.o(i.LCD_FSMCInit)
    i.LCD_GPIOInit                           0x0800345c   Section        0  lcd.o(i.LCD_GPIOInit)
    i.LCD_ReadData                           0x08003518   Section        0  lcd.o(i.LCD_ReadData)
    i.LCD_ReadPoint                          0x08003524   Section        0  lcd.o(i.LCD_ReadPoint)
    i.LCD_Scan_Dir                           0x08003588   Section        0  lcd.o(i.LCD_Scan_Dir)
    i.LCD_SetCursor                          0x080036c4   Section        0  lcd.o(i.LCD_SetCursor)
    i.LCD_Set_Window                         0x08003710   Section        0  lcd.o(i.LCD_Set_Window)
    i.LCD_WR_DATA                            0x080037bc   Section        0  lcd.o(i.LCD_WR_DATA)
    i.LCD_WR_REG                             0x080037cc   Section        0  lcd.o(i.LCD_WR_REG)
    i.LCD_WriteCmd                           0x080037dc   Section        0  lcd.o(i.LCD_WriteCmd)
    i.LCD_WriteData                          0x080037e8   Section        0  lcd.o(i.LCD_WriteData)
    i.LCD_WriteRAM_Prepare                   0x080037f4   Section        0  lcd.o(i.LCD_WriteRAM_Prepare)
    i.LCD_WriteReg                           0x08003808   Section        0  lcd.o(i.LCD_WriteReg)
    i.MX_DCMI_Init                           0x0800381c   Section        0  main.o(i.MX_DCMI_Init)
    MX_DCMI_Init                             0x0800381d   Thumb Code    44  main.o(i.MX_DCMI_Init)
    i.MX_DMA_Init                            0x08003850   Section        0  main.o(i.MX_DMA_Init)
    MX_DMA_Init                              0x08003851   Thumb Code    68  main.o(i.MX_DMA_Init)
    i.MX_FSMC_Init                           0x08003898   Section        0  main.o(i.MX_FSMC_Init)
    MX_FSMC_Init                             0x08003899   Thumb Code   150  main.o(i.MX_FSMC_Init)
    i.MX_GPIO_Init                           0x08003938   Section        0  main.o(i.MX_GPIO_Init)
    MX_GPIO_Init                             0x08003939   Thumb Code   536  main.o(i.MX_GPIO_Init)
    i.MX_TIM7_Init                           0x08003b70   Section        0  main.o(i.MX_TIM7_Init)
    MX_TIM7_Init                             0x08003b71   Thumb Code    60  main.o(i.MX_TIM7_Init)
    i.MX_USART1_UART_Init                    0x08003bb4   Section        0  main.o(i.MX_USART1_UART_Init)
    MX_USART1_UART_Init                      0x08003bb5   Thumb Code    46  main.o(i.MX_USART1_UART_Init)
    i.MemManage_Handler                      0x08003bec   Section        0  stm32f4xx_it.o(i.MemManage_Handler)
    i.My_DCMI_START                          0x08003bf0   Section        0  dcmi.o(i.My_DCMI_START)
    i.My_OV7670_Init                         0x08003c14   Section        0  dcmi.o(i.My_OV7670_Init)
    i.My_TAKE_A_PICTURE                      0x08003c9c   Section        0  dcmi.o(i.My_TAKE_A_PICTURE)
    i.NMI_Handler                            0x08003d44   Section        0  stm32f4xx_it.o(i.NMI_Handler)
    i.OV7670_Init                            0x08003d48   Section        0  ov7670.o(i.OV7670_Init)
    i.OV7670_Window_Set                      0x08003dfc   Section        0  ov7670.o(i.OV7670_Window_Set)
    i.PendSV_Handler                         0x08003e8e   Section        0  stm32f4xx_it.o(i.PendSV_Handler)
    i.SCCB_Init                              0x08003e90   Section        0  sccb.o(i.SCCB_Init)
    i.SCCB_No_Ack                            0x08003f08   Section        0  sccb.o(i.SCCB_No_Ack)
    i.SCCB_RD_Byte                           0x08003f60   Section        0  sccb.o(i.SCCB_RD_Byte)
    i.SCCB_RD_Reg                            0x08003fd8   Section        0  sccb.o(i.SCCB_RD_Reg)
    i.SCCB_Start                             0x0800404c   Section        0  sccb.o(i.SCCB_Start)
    i.SCCB_Stop                              0x0800409c   Section        0  sccb.o(i.SCCB_Stop)
    i.SCCB_WR_Byte                           0x080040dc   Section        0  sccb.o(i.SCCB_WR_Byte)
    i.SCCB_WR_Reg                            0x08004194   Section        0  sccb.o(i.SCCB_WR_Reg)
    i.SVC_Handler                            0x080041d2   Section        0  stm32f4xx_it.o(i.SVC_Handler)
    i.SysTick_Handler                        0x080041d4   Section        0  stm32f4xx_it.o(i.SysTick_Handler)
    i.SysTick_Init                           0x080041dc   Section        0  systick.o(i.SysTick_Init)
    i.SystemClock_Config                     0x08004218   Section        0  main.o(i.SystemClock_Config)
    i.SystemInit                             0x080042e0   Section        0  system_stm32f4xx.o(i.SystemInit)
    i.TFTLCD_Init                            0x08004344   Section        0  lcd.o(i.TFTLCD_Init)
    i.TIM7_IRQHandler                        0x080058e8   Section        0  stm32f4xx_it.o(i.TIM7_IRQHandler)
    i.TIM7_PROCESS                           0x080058f8   Section        0  board.o(i.TIM7_PROCESS)
    i.TIM_Base_SetConfig                     0x08005920   Section        0  stm32f4xx_hal_tim.o(i.TIM_Base_SetConfig)
    i.UART_DMAAbortOnError                   0x080059f8   Section        0  stm32f4xx_hal_uart.o(i.UART_DMAAbortOnError)
    UART_DMAAbortOnError                     0x080059f9   Thumb Code    20  stm32f4xx_hal_uart.o(i.UART_DMAAbortOnError)
    i.UART_EndRxTransfer                     0x08005a0c   Section        0  stm32f4xx_hal_uart.o(i.UART_EndRxTransfer)
    UART_EndRxTransfer                       0x08005a0d   Thumb Code    32  stm32f4xx_hal_uart.o(i.UART_EndRxTransfer)
    i.UART_EndTransmit_IT                    0x08005a2c   Section        0  stm32f4xx_hal_uart.o(i.UART_EndTransmit_IT)
    UART_EndTransmit_IT                      0x08005a2d   Thumb Code    32  stm32f4xx_hal_uart.o(i.UART_EndTransmit_IT)
    i.UART_Receive_IT                        0x08005a4c   Section        0  stm32f4xx_hal_uart.o(i.UART_Receive_IT)
    UART_Receive_IT                          0x08005a4d   Thumb Code   166  stm32f4xx_hal_uart.o(i.UART_Receive_IT)
    i.UART_SetConfig                         0x08005af4   Section        0  stm32f4xx_hal_uart.o(i.UART_SetConfig)
    UART_SetConfig                           0x08005af5   Thumb Code   864  stm32f4xx_hal_uart.o(i.UART_SetConfig)
    i.UART_Transmit_IT                       0x08005e5c   Section        0  stm32f4xx_hal_uart.o(i.UART_Transmit_IT)
    UART_Transmit_IT                         0x08005e5d   Thumb Code   104  stm32f4xx_hal_uart.o(i.UART_Transmit_IT)
    i.UART_WaitOnFlagUntilTimeout            0x08005ec4   Section        0  stm32f4xx_hal_uart.o(i.UART_WaitOnFlagUntilTimeout)
    UART_WaitOnFlagUntilTimeout              0x08005ec5   Thumb Code   108  stm32f4xx_hal_uart.o(i.UART_WaitOnFlagUntilTimeout)
    i.USART1_IRQHandler                      0x08005f30   Section        0  stm32f4xx_it.o(i.USART1_IRQHandler)
    i.USER_TIM7_Init                         0x08005f40   Section        0  tim.o(i.USER_TIM7_Init)
    i.UsageFault_Handler                     0x08005f68   Section        0  stm32f4xx_it.o(i.UsageFault_Handler)
    i.__NVIC_GetPriorityGrouping             0x08005f6c   Section        0  stm32f4xx_hal_cortex.o(i.__NVIC_GetPriorityGrouping)
    __NVIC_GetPriorityGrouping               0x08005f6d   Thumb Code    10  stm32f4xx_hal_cortex.o(i.__NVIC_GetPriorityGrouping)
    i.__NVIC_SetPriority                     0x08005f7c   Section        0  stm32f4xx_hal_cortex.o(i.__NVIC_SetPriority)
    __NVIC_SetPriority                       0x08005f7d   Thumb Code    32  stm32f4xx_hal_cortex.o(i.__NVIC_SetPriority)
    i.__scatterload_copy                     0x08005fa4   Section       14  handlers.o(i.__scatterload_copy)
    i.__scatterload_null                     0x08005fb2   Section        2  handlers.o(i.__scatterload_null)
    i.__scatterload_zeroinit                 0x08005fb4   Section       14  handlers.o(i.__scatterload_zeroinit)
    i.board_quick                            0x08005fc2   Section        0  board.o(i.board_quick)
    i.delay_ms                               0x08005fce   Section        0  systick.o(i.delay_ms)
    i.delay_nms                              0x08006008   Section        0  systick.o(i.delay_nms)
    i.delay_us                               0x08006054   Section        0  systick.o(i.delay_us)
    i.main                                   0x080060a0   Section        0  main.o(i.main)
    i.startManage                            0x080060cc   Section        0  board.o(i.startManage)
    i.str_DrawFRONT_COLOR                    0x08006100   Section        0  str.o(i.str_DrawFRONT_COLOR)
    i.str_ShowChar                           0x08006164   Section        0  str.o(i.str_ShowChar)
    i.str_ShowString                         0x0800628c   Section        0  str.o(i.str_ShowString)
    .constdata                               0x080062f2   Section        8  stm32f4xx_hal_dma.o(.constdata)
    flagBitshiftOffset                       0x080062f2   Data           8  stm32f4xx_hal_dma.o(.constdata)
    .constdata                               0x080062fa   Section       24  system_stm32f4xx.o(.constdata)
    .constdata                               0x08006312   Section     6080  str.o(.constdata)
    .constdata                               0x08007ad2   Section      668  ov7670.o(.constdata)
    .data                                    0x20000000   Section        8  stm32f4xx_hal_msp.o(.data)
    FSMC_Initialized                         0x20000000   Data           4  stm32f4xx_hal_msp.o(.data)
    FSMC_DeInitialized                       0x20000004   Data           4  stm32f4xx_hal_msp.o(.data)
    .data                                    0x20000008   Section        9  stm32f4xx_hal.o(.data)
    .data                                    0x20000014   Section        4  system_stm32f4xx.o(.data)
    .data                                    0x20000018   Section        4  systick.o(.data)
    fac_us                                   0x20000018   Data           1  systick.o(.data)
    fac_ms                                   0x2000001a   Data           2  systick.o(.data)
    .data                                    0x2000001c   Section        1  board.o(.data)
    .data                                    0x2000001d   Section        1  tim.o(.data)
    .data                                    0x2000001e   Section        4  lcd.o(.data)
    .data                                    0x20000022   Section       36  dcmi.o(.data)
    .bss                                     0x20000048   Section      464  main.o(.bss)
    .bss                                     0x20000218   Section       12  key.o(.bss)
    .bss                                     0x20000224   Section       14  lcd.o(.bss)
    STACK                                    0x20000238   Section     1024  startup_stm32f407xx.o(STACK)

    Global Symbols

    Symbol Name                              Value     Ov Type        Size  Object(Section)

    BuildAttributes$$THM_ISAv4$E$P$D$K$B$S$7EM$VFPi3$EXTD16$VFPS$VFMA$PE$A:L22UL41UL21$X:L11$S22US41US21$IEEE1$IW$USESV6$~STKCKD$USESV7$~SHL$OSPACE$EBA8$MICROLIB$REQ8$PRES8$EABIv2 0x00000000   Number         0  anon$$obj.o ABSOLUTE
    __ARM_use_no_argv                        0x00000000   Number         0  main.o ABSOLUTE
    __cpp_initialize__aeabi_                  - Undefined Weak Reference
    __cxa_finalize                            - Undefined Weak Reference
    __decompress                              - Undefined Weak Reference
    _clock_init                               - Undefined Weak Reference
    _microlib_exit                            - Undefined Weak Reference
    __Vectors_Size                           0x00000188   Number         0  startup_stm32f407xx.o ABSOLUTE
    __Vectors                                0x08000000   Data           4  startup_stm32f407xx.o(RESET)
    __Vectors_End                            0x08000188   Data           0  startup_stm32f407xx.o(RESET)
    __main                                   0x08000189   Thumb Code     0  entry.o(.ARM.Collect$$$$00000000)
    _main_stk                                0x08000189   Thumb Code     0  entry2.o(.ARM.Collect$$$$00000001)
    _main_scatterload                        0x0800018d   Thumb Code     0  entry5.o(.ARM.Collect$$$$00000004)
    __main_after_scatterload                 0x08000191   Thumb Code     0  entry5.o(.ARM.Collect$$$$00000004)
    _main_clock                              0x08000191   Thumb Code     0  entry7b.o(.ARM.Collect$$$$00000008)
    _main_cpp_init                           0x08000191   Thumb Code     0  entry8b.o(.ARM.Collect$$$$0000000A)
    _main_init                               0x08000191   Thumb Code     0  entry9a.o(.ARM.Collect$$$$0000000B)
    __rt_final_cpp                           0x08000199   Thumb Code     0  entry10a.o(.ARM.Collect$$$$0000000D)
    __rt_final_exit                          0x08000199   Thumb Code     0  entry11a.o(.ARM.Collect$$$$0000000F)
    Reset_Handler                            0x0800019d   Thumb Code     8  startup_stm32f407xx.o(.text)
    ADC_IRQHandler                           0x080001b7   Thumb Code     0  startup_stm32f407xx.o(.text)
    CAN1_RX0_IRQHandler                      0x080001b7   Thumb Code     0  startup_stm32f407xx.o(.text)
    CAN1_RX1_IRQHandler                      0x080001b7   Thumb Code     0  startup_stm32f407xx.o(.text)
    CAN1_SCE_IRQHandler                      0x080001b7   Thumb Code     0  startup_stm32f407xx.o(.text)
    CAN1_TX_IRQHandler                       0x080001b7   Thumb Code     0  startup_stm32f407xx.o(.text)
    CAN2_RX0_IRQHandler                      0x080001b7   Thumb Code     0  startup_stm32f407xx.o(.text)
    CAN2_RX1_IRQHandler                      0x080001b7   Thumb Code     0  startup_stm32f407xx.o(.text)
    CAN2_SCE_IRQHandler                      0x080001b7   Thumb Code     0  startup_stm32f407xx.o(.text)
    CAN2_TX_IRQHandler                       0x080001b7   Thumb Code     0  startup_stm32f407xx.o(.text)
    DMA1_Stream0_IRQHandler                  0x080001b7   Thumb Code     0  startup_stm32f407xx.o(.text)
    DMA1_Stream1_IRQHandler                  0x080001b7   Thumb Code     0  startup_stm32f407xx.o(.text)
    DMA1_Stream2_IRQHandler                  0x080001b7   Thumb Code     0  startup_stm32f407xx.o(.text)
    DMA1_Stream3_IRQHandler                  0x080001b7   Thumb Code     0  startup_stm32f407xx.o(.text)
    DMA1_Stream4_IRQHandler                  0x080001b7   Thumb Code     0  startup_stm32f407xx.o(.text)
    DMA1_Stream5_IRQHandler                  0x080001b7   Thumb Code     0  startup_stm32f407xx.o(.text)
    DMA1_Stream6_IRQHandler                  0x080001b7   Thumb Code     0  startup_stm32f407xx.o(.text)
    DMA1_Stream7_IRQHandler                  0x080001b7   Thumb Code     0  startup_stm32f407xx.o(.text)
    DMA2_Stream0_IRQHandler                  0x080001b7   Thumb Code     0  startup_stm32f407xx.o(.text)
    DMA2_Stream2_IRQHandler                  0x080001b7   Thumb Code     0  startup_stm32f407xx.o(.text)
    DMA2_Stream3_IRQHandler                  0x080001b7   Thumb Code     0  startup_stm32f407xx.o(.text)
    DMA2_Stream4_IRQHandler                  0x080001b7   Thumb Code     0  startup_stm32f407xx.o(.text)
    DMA2_Stream5_IRQHandler                  0x080001b7   Thumb Code     0  startup_stm32f407xx.o(.text)
    DMA2_Stream6_IRQHandler                  0x080001b7   Thumb Code     0  startup_stm32f407xx.o(.text)
    ETH_IRQHandler                           0x080001b7   Thumb Code     0  startup_stm32f407xx.o(.text)
    ETH_WKUP_IRQHandler                      0x080001b7   Thumb Code     0  startup_stm32f407xx.o(.text)
    EXTI0_IRQHandler                         0x080001b7   Thumb Code     0  startup_stm32f407xx.o(.text)
    EXTI15_10_IRQHandler                     0x080001b7   Thumb Code     0  startup_stm32f407xx.o(.text)
    EXTI1_IRQHandler                         0x080001b7   Thumb Code     0  startup_stm32f407xx.o(.text)
    EXTI2_IRQHandler                         0x080001b7   Thumb Code     0  startup_stm32f407xx.o(.text)
    EXTI3_IRQHandler                         0x080001b7   Thumb Code     0  startup_stm32f407xx.o(.text)
    EXTI4_IRQHandler                         0x080001b7   Thumb Code     0  startup_stm32f407xx.o(.text)
    EXTI9_5_IRQHandler                       0x080001b7   Thumb Code     0  startup_stm32f407xx.o(.text)
    FLASH_IRQHandler                         0x080001b7   Thumb Code     0  startup_stm32f407xx.o(.text)
    FMC_IRQHandler                           0x080001b7   Thumb Code     0  startup_stm32f407xx.o(.text)
    FPU_IRQHandler                           0x080001b7   Thumb Code     0  startup_stm32f407xx.o(.text)
    HASH_RNG_IRQHandler                      0x080001b7   Thumb Code     0  startup_stm32f407xx.o(.text)
    I2C1_ER_IRQHandler                       0x080001b7   Thumb Code     0  startup_stm32f407xx.o(.text)
    I2C1_EV_IRQHandler                       0x080001b7   Thumb Code     0  startup_stm32f407xx.o(.text)
    I2C2_ER_IRQHandler                       0x080001b7   Thumb Code     0  startup_stm32f407xx.o(.text)
    I2C2_EV_IRQHandler                       0x080001b7   Thumb Code     0  startup_stm32f407xx.o(.text)
    I2C3_ER_IRQHandler                       0x080001b7   Thumb Code     0  startup_stm32f407xx.o(.text)
    I2C3_EV_IRQHandler                       0x080001b7   Thumb Code     0  startup_stm32f407xx.o(.text)
    OTG_FS_IRQHandler                        0x080001b7   Thumb Code     0  startup_stm32f407xx.o(.text)
    OTG_FS_WKUP_IRQHandler                   0x080001b7   Thumb Code     0  startup_stm32f407xx.o(.text)
    OTG_HS_EP1_IN_IRQHandler                 0x080001b7   Thumb Code     0  startup_stm32f407xx.o(.text)
    OTG_HS_EP1_OUT_IRQHandler                0x080001b7   Thumb Code     0  startup_stm32f407xx.o(.text)
    OTG_HS_IRQHandler                        0x080001b7   Thumb Code     0  startup_stm32f407xx.o(.text)
    OTG_HS_WKUP_IRQHandler                   0x080001b7   Thumb Code     0  startup_stm32f407xx.o(.text)
    PVD_IRQHandler                           0x080001b7   Thumb Code     0  startup_stm32f407xx.o(.text)
    RCC_IRQHandler                           0x080001b7   Thumb Code     0  startup_stm32f407xx.o(.text)
    RTC_Alarm_IRQHandler                     0x080001b7   Thumb Code     0  startup_stm32f407xx.o(.text)
    RTC_WKUP_IRQHandler                      0x080001b7   Thumb Code     0  startup_stm32f407xx.o(.text)
    SDIO_IRQHandler                          0x080001b7   Thumb Code     0  startup_stm32f407xx.o(.text)
    SPI1_IRQHandler                          0x080001b7   Thumb Code     0  startup_stm32f407xx.o(.text)
    SPI2_IRQHandler                          0x080001b7   Thumb Code     0  startup_stm32f407xx.o(.text)
    SPI3_IRQHandler                          0x080001b7   Thumb Code     0  startup_stm32f407xx.o(.text)
    TAMP_STAMP_IRQHandler                    0x080001b7   Thumb Code     0  startup_stm32f407xx.o(.text)
    TIM1_BRK_TIM9_IRQHandler                 0x080001b7   Thumb Code     0  startup_stm32f407xx.o(.text)
    TIM1_CC_IRQHandler                       0x080001b7   Thumb Code     0  startup_stm32f407xx.o(.text)
    TIM1_TRG_COM_TIM11_IRQHandler            0x080001b7   Thumb Code     0  startup_stm32f407xx.o(.text)
    TIM1_UP_TIM10_IRQHandler                 0x080001b7   Thumb Code     0  startup_stm32f407xx.o(.text)
    TIM2_IRQHandler                          0x080001b7   Thumb Code     0  startup_stm32f407xx.o(.text)
    TIM3_IRQHandler                          0x080001b7   Thumb Code     0  startup_stm32f407xx.o(.text)
    TIM4_IRQHandler                          0x080001b7   Thumb Code     0  startup_stm32f407xx.o(.text)
    TIM5_IRQHandler                          0x080001b7   Thumb Code     0  startup_stm32f407xx.o(.text)
    TIM6_DAC_IRQHandler                      0x080001b7   Thumb Code     0  startup_stm32f407xx.o(.text)
    TIM8_BRK_TIM12_IRQHandler                0x080001b7   Thumb Code     0  startup_stm32f407xx.o(.text)
    TIM8_CC_IRQHandler                       0x080001b7   Thumb Code     0  startup_stm32f407xx.o(.text)
    TIM8_TRG_COM_TIM14_IRQHandler            0x080001b7   Thumb Code     0  startup_stm32f407xx.o(.text)
    TIM8_UP_TIM13_IRQHandler                 0x080001b7   Thumb Code     0  startup_stm32f407xx.o(.text)
    UART4_IRQHandler                         0x080001b7   Thumb Code     0  startup_stm32f407xx.o(.text)
    UART5_IRQHandler                         0x080001b7   Thumb Code     0  startup_stm32f407xx.o(.text)
    USART2_IRQHandler                        0x080001b7   Thumb Code     0  startup_stm32f407xx.o(.text)
    USART3_IRQHandler                        0x080001b7   Thumb Code     0  startup_stm32f407xx.o(.text)
    USART6_IRQHandler                        0x080001b7   Thumb Code     0  startup_stm32f407xx.o(.text)
    WWDG_IRQHandler                          0x080001b7   Thumb Code     0  startup_stm32f407xx.o(.text)
    __aeabi_uldivmod                         0x080001c1   Thumb Code    98  uldiv.o(.text)
    __aeabi_memset                           0x08000223   Thumb Code    14  memseta.o(.text)
    __aeabi_memset4                          0x08000223   Thumb Code     0  memseta.o(.text)
    __aeabi_memset8                          0x08000223   Thumb Code     0  memseta.o(.text)
    __aeabi_memclr                           0x08000231   Thumb Code     4  memseta.o(.text)
    __aeabi_memclr4                          0x08000231   Thumb Code     0  memseta.o(.text)
    __aeabi_memclr8                          0x08000231   Thumb Code     0  memseta.o(.text)
    _memset$wrapper                          0x08000235   Thumb Code    18  memseta.o(.text)
    __aeabi_llsl                             0x08000247   Thumb Code    30  llshl.o(.text)
    _ll_shift_l                              0x08000247   Thumb Code     0  llshl.o(.text)
    __aeabi_llsr                             0x08000265   Thumb Code    32  llushr.o(.text)
    _ll_ushift_r                             0x08000265   Thumb Code     0  llushr.o(.text)
    __scatterload                            0x08000285   Thumb Code    28  init.o(.text)
    __scatterload_rt2                        0x08000285   Thumb Code     0  init.o(.text)
    BusFault_Handler                         0x080002a9   Thumb Code     4  stm32f4xx_it.o(i.BusFault_Handler)
    DCMI_IRQHandler                          0x08000391   Thumb Code    10  stm32f4xx_it.o(i.DCMI_IRQHandler)
    DMA2_Stream1_IRQHandler                  0x080003a1   Thumb Code    10  stm32f4xx_it.o(i.DMA2_Stream1_IRQHandler)
    DMA2_Stream7_IRQHandler                  0x080003b1   Thumb Code    10  stm32f4xx_it.o(i.DMA2_Stream7_IRQHandler)
    DebugMon_Handler                         0x080004eb   Thumb Code     2  stm32f4xx_it.o(i.DebugMon_Handler)
    Error_Handler                            0x080004ed   Thumb Code     2  main.o(i.Error_Handler)
    FSMC_NORSRAM_Extended_Timing_Init        0x080004f1   Thumb Code    66  stm32f4xx_ll_fsmc.o(i.FSMC_NORSRAM_Extended_Timing_Init)
    FSMC_NORSRAM_Init                        0x08000539   Thumb Code    88  stm32f4xx_ll_fsmc.o(i.FSMC_NORSRAM_Init)
    FSMC_NORSRAM_Timing_Init                 0x08000595   Thumb Code    68  stm32f4xx_ll_fsmc.o(i.FSMC_NORSRAM_Timing_Init)
    Get_Key_Status                           0x080005d9   Thumb Code    66  key.o(i.Get_Key_Status)
    HAL_DCMI_ErrorCallback                   0x0800061b   Thumb Code     2  stm32f4xx_hal_dcmi.o(i.HAL_DCMI_ErrorCallback)
    HAL_DCMI_FrameEventCallback              0x0800061d   Thumb Code     2  stm32f4xx_hal_dcmi.o(i.HAL_DCMI_FrameEventCallback)
    HAL_DCMI_IRQHandler                      0x08000621   Thumb Code   170  stm32f4xx_hal_dcmi.o(i.HAL_DCMI_IRQHandler)
    HAL_DCMI_Init                            0x080006d1   Thumb Code   134  stm32f4xx_hal_dcmi_ex.o(i.HAL_DCMI_Init)
    HAL_DCMI_LineEventCallback               0x08000757   Thumb Code     2  stm32f4xx_hal_dcmi.o(i.HAL_DCMI_LineEventCallback)
    HAL_DCMI_MspInit                         0x08000759   Thumb Code   382  stm32f4xx_hal_msp.o(i.HAL_DCMI_MspInit)
    HAL_DCMI_Start_DMA                       0x080008f9   Thumb Code   226  stm32f4xx_hal_dcmi.o(i.HAL_DCMI_Start_DMA)
    HAL_DCMI_Stop                            0x080009e5   Thumb Code   136  stm32f4xx_hal_dcmi.o(i.HAL_DCMI_Stop)
    HAL_DCMI_VsyncEventCallback              0x08000a71   Thumb Code     2  stm32f4xx_hal_dcmi.o(i.HAL_DCMI_VsyncEventCallback)
    HAL_DMAEx_ChangeMemory                   0x08000a73   Thumb Code    18  stm32f4xx_hal_dma_ex.o(i.HAL_DMAEx_ChangeMemory)
    HAL_DMAEx_MultiBufferStart_IT            0x08000a85   Thumb Code  4048  stm32f4xx_hal_dma_ex.o(i.HAL_DMAEx_MultiBufferStart_IT)
    HAL_DMA_Abort                            0x08001a5d   Thumb Code   170  stm32f4xx_hal_dma.o(i.HAL_DMA_Abort)
    HAL_DMA_Abort_IT                         0x08001b07   Thumb Code    40  stm32f4xx_hal_dma.o(i.HAL_DMA_Abort_IT)
    HAL_DMA_IRQHandler                       0x08001b31   Thumb Code   570  stm32f4xx_hal_dma.o(i.HAL_DMA_IRQHandler)
    HAL_DMA_Init                             0x08001d71   Thumb Code   232  stm32f4xx_hal_dma.o(i.HAL_DMA_Init)
    HAL_DMA_Start_IT                         0x08001e5d   Thumb Code   158  stm32f4xx_hal_dma.o(i.HAL_DMA_Start_IT)
    HAL_GPIO_Init                            0x08001fcd   Thumb Code   466  stm32f4xx_hal_gpio.o(i.HAL_GPIO_Init)
    HAL_GPIO_ReadPin                         0x080021cd   Thumb Code    16  stm32f4xx_hal_gpio.o(i.HAL_GPIO_ReadPin)
    HAL_GPIO_WritePin                        0x080021dd   Thumb Code    12  stm32f4xx_hal_gpio.o(i.HAL_GPIO_WritePin)
    HAL_GetTick                              0x080021e9   Thumb Code     6  stm32f4xx_hal.o(i.HAL_GetTick)
    HAL_IncTick                              0x080021f5   Thumb Code    16  stm32f4xx_hal.o(i.HAL_IncTick)
    HAL_Init                                 0x0800220d   Thumb Code    54  stm32f4xx_hal.o(i.HAL_Init)
    HAL_InitTick                             0x08002249   Thumb Code    64  stm32f4xx_hal.o(i.HAL_InitTick)
    HAL_MspInit                              0x08002295   Thumb Code    68  stm32f4xx_hal_msp.o(i.HAL_MspInit)
    HAL_NVIC_EnableIRQ                       0x080022dd   Thumb Code    32  stm32f4xx_hal_cortex.o(i.HAL_NVIC_EnableIRQ)
    HAL_NVIC_SetPriority                     0x080022fd   Thumb Code   124  stm32f4xx_hal_cortex.o(i.HAL_NVIC_SetPriority)
    HAL_NVIC_SetPriorityGrouping             0x08002379   Thumb Code    32  stm32f4xx_hal_cortex.o(i.HAL_NVIC_SetPriorityGrouping)
    HAL_RCC_ClockConfig                      0x080023a1   Thumb Code   366  stm32f4xx_hal_rcc.o(i.HAL_RCC_ClockConfig)
    HAL_RCC_GetHCLKFreq                      0x08002521   Thumb Code     6  stm32f4xx_hal_rcc.o(i.HAL_RCC_GetHCLKFreq)
    HAL_RCC_GetPCLK1Freq                     0x0800252d   Thumb Code    22  stm32f4xx_hal_rcc.o(i.HAL_RCC_GetPCLK1Freq)
    HAL_RCC_GetPCLK2Freq                     0x0800254d   Thumb Code    22  stm32f4xx_hal_rcc.o(i.HAL_RCC_GetPCLK2Freq)
    HAL_RCC_GetSysClockFreq                  0x0800256d   Thumb Code   162  stm32f4xx_hal_rcc.o(i.HAL_RCC_GetSysClockFreq)
    HAL_RCC_MCOConfig                        0x0800261d   Thumb Code   178  stm32f4xx_hal_rcc.o(i.HAL_RCC_MCOConfig)
    HAL_RCC_OscConfig                        0x080026dd   Thumb Code  1086  stm32f4xx_hal_rcc.o(i.HAL_RCC_OscConfig)
    HAL_SRAM_Init                            0x08002b25   Thumb Code    88  stm32f4xx_hal_sram.o(i.HAL_SRAM_Init)
    HAL_SRAM_MspInit                         0x08002b7d   Thumb Code    10  stm32f4xx_hal_msp.o(i.HAL_SRAM_MspInit)
    HAL_SYSTICK_CLKSourceConfig              0x08002b87   Thumb Code    40  stm32f4xx_hal_cortex.o(i.HAL_SYSTICK_CLKSourceConfig)
    HAL_SYSTICK_Config                       0x08002baf   Thumb Code    52  stm32f4xx_hal_cortex.o(i.HAL_SYSTICK_Config)
    HAL_TIMEx_BreakCallback                  0x08002be3   Thumb Code     2  stm32f4xx_hal_tim_ex.o(i.HAL_TIMEx_BreakCallback)
    HAL_TIMEx_CommutCallback                 0x08002be5   Thumb Code     2  stm32f4xx_hal_tim_ex.o(i.HAL_TIMEx_CommutCallback)
    HAL_TIMEx_MasterConfigSynchronization    0x08002be7   Thumb Code    84  stm32f4xx_hal_tim_ex.o(i.HAL_TIMEx_MasterConfigSynchronization)
    HAL_TIM_Base_Init                        0x08002c3b   Thumb Code    52  stm32f4xx_hal_tim.o(i.HAL_TIM_Base_Init)
    HAL_TIM_Base_MspInit                     0x08002c71   Thumb Code    62  stm32f4xx_hal_msp.o(i.HAL_TIM_Base_MspInit)
    HAL_TIM_Base_Start_IT                    0x08002cb9   Thumb Code    42  stm32f4xx_hal_tim.o(i.HAL_TIM_Base_Start_IT)
    HAL_TIM_IC_CaptureCallback               0x08002ce3   Thumb Code     2  stm32f4xx_hal_tim.o(i.HAL_TIM_IC_CaptureCallback)
    HAL_TIM_IRQHandler                       0x08002ce5   Thumb Code   406  stm32f4xx_hal_tim.o(i.HAL_TIM_IRQHandler)
    HAL_TIM_OC_DelayElapsedCallback          0x08002e7b   Thumb Code     2  stm32f4xx_hal_tim.o(i.HAL_TIM_OC_DelayElapsedCallback)
    HAL_TIM_PWM_PulseFinishedCallback        0x08002e7d   Thumb Code     2  stm32f4xx_hal_tim.o(i.HAL_TIM_PWM_PulseFinishedCallback)
    HAL_TIM_PeriodElapsedCallback            0x08002e81   Thumb Code    16  tim.o(i.HAL_TIM_PeriodElapsedCallback)
    HAL_TIM_TriggerCallback                  0x08002e99   Thumb Code     2  stm32f4xx_hal_tim.o(i.HAL_TIM_TriggerCallback)
    HAL_UART_ErrorCallback                   0x08002e9b   Thumb Code     2  stm32f4xx_hal_uart.o(i.HAL_UART_ErrorCallback)
    HAL_UART_IRQHandler                      0x08002e9d   Thumb Code   328  stm32f4xx_hal_uart.o(i.HAL_UART_IRQHandler)
    HAL_UART_Init                            0x08002fe9   Thumb Code   114  stm32f4xx_hal_uart.o(i.HAL_UART_Init)
    HAL_UART_MspInit                         0x0800305d   Thumb Code   200  stm32f4xx_hal_msp.o(i.HAL_UART_MspInit)
    HAL_UART_RxCpltCallback                  0x08003139   Thumb Code     2  stm32f4xx_hal_uart.o(i.HAL_UART_RxCpltCallback)
    HAL_UART_Transmit                        0x0800313b   Thumb Code   214  stm32f4xx_hal_uart.o(i.HAL_UART_Transmit)
    HAL_UART_TxCpltCallback                  0x08003211   Thumb Code     2  stm32f4xx_hal_uart.o(i.HAL_UART_TxCpltCallback)
    HardFault_Handler                        0x08003213   Thumb Code     4  stm32f4xx_it.o(i.HardFault_Handler)
    KEY_Param_Init                           0x08003217   Thumb Code    20  key.o(i.KEY_Param_Init)
    Key_Process                              0x0800322d   Thumb Code   116  board.o(i.Key_Process)
    Key_Read                                 0x080032b1   Thumb Code   102  key.o(i.Key_Read)
    LCD_Clear                                0x08003321   Thumb Code    42  lcd.o(i.LCD_Clear)
    LCD_Display_Dir                          0x08003355   Thumb Code   110  lcd.o(i.LCD_Display_Dir)
    LCD_FSMCInit                             0x080033c9   Thumb Code   140  lcd.o(i.LCD_FSMCInit)
    LCD_GPIOInit                             0x0800345d   Thumb Code   166  lcd.o(i.LCD_GPIOInit)
    LCD_ReadData                             0x08003519   Thumb Code     6  lcd.o(i.LCD_ReadData)
    LCD_ReadPoint                            0x08003525   Thumb Code    96  lcd.o(i.LCD_ReadPoint)
    LCD_Scan_Dir                             0x08003589   Thumb Code   310  lcd.o(i.LCD_Scan_Dir)
    LCD_SetCursor                            0x080036c5   Thumb Code    72  lcd.o(i.LCD_SetCursor)
    LCD_Set_Window                           0x08003711   Thumb Code   168  lcd.o(i.LCD_Set_Window)
    LCD_WR_DATA                              0x080037bd   Thumb Code    12  lcd.o(i.LCD_WR_DATA)
    LCD_WR_REG                               0x080037cd   Thumb Code    12  lcd.o(i.LCD_WR_REG)
    LCD_WriteCmd                             0x080037dd   Thumb Code     6  lcd.o(i.LCD_WriteCmd)
    LCD_WriteData                            0x080037e9   Thumb Code     6  lcd.o(i.LCD_WriteData)
    LCD_WriteRAM_Prepare                     0x080037f5   Thumb Code    10  lcd.o(i.LCD_WriteRAM_Prepare)
    LCD_WriteReg                             0x08003809   Thumb Code    14  lcd.o(i.LCD_WriteReg)
    MemManage_Handler                        0x08003bed   Thumb Code     4  stm32f4xx_it.o(i.MemManage_Handler)
    My_DCMI_START                            0x08003bf1   Thumb Code    28  dcmi.o(i.My_DCMI_START)
    My_OV7670_Init                           0x08003c15   Thumb Code    96  dcmi.o(i.My_OV7670_Init)
    My_TAKE_A_PICTURE                        0x08003c9d   Thumb Code   152  dcmi.o(i.My_TAKE_A_PICTURE)
    NMI_Handler                              0x08003d45   Thumb Code     2  stm32f4xx_it.o(i.NMI_Handler)
    OV7670_Init                              0x08003d49   Thumb Code   166  ov7670.o(i.OV7670_Init)
    OV7670_Window_Set                        0x08003dfd   Thumb Code   146  ov7670.o(i.OV7670_Window_Set)
    PendSV_Handler                           0x08003e8f   Thumb Code     2  stm32f4xx_it.o(i.PendSV_Handler)
    SCCB_Init                                0x08003e91   Thumb Code   112  sccb.o(i.SCCB_Init)
    SCCB_No_Ack                              0x08003f09   Thumb Code    84  sccb.o(i.SCCB_No_Ack)
    SCCB_RD_Byte                             0x08003f61   Thumb Code   114  sccb.o(i.SCCB_RD_Byte)
    SCCB_RD_Reg                              0x08003fd9   Thumb Code   116  sccb.o(i.SCCB_RD_Reg)
    SCCB_Start                               0x0800404d   Thumb Code    76  sccb.o(i.SCCB_Start)
    SCCB_Stop                                0x0800409d   Thumb Code    58  sccb.o(i.SCCB_Stop)
    SCCB_WR_Byte                             0x080040dd   Thumb Code   180  sccb.o(i.SCCB_WR_Byte)
    SCCB_WR_Reg                              0x08004195   Thumb Code    62  sccb.o(i.SCCB_WR_Reg)
    SVC_Handler                              0x080041d3   Thumb Code     2  stm32f4xx_it.o(i.SVC_Handler)
    SysTick_Handler                          0x080041d5   Thumb Code     8  stm32f4xx_it.o(i.SysTick_Handler)
    SysTick_Init                             0x080041dd   Thumb Code    50  systick.o(i.SysTick_Init)
    SystemClock_Config                       0x08004219   Thumb Code   190  main.o(i.SystemClock_Config)
    SystemInit                               0x080042e1   Thumb Code    82  system_stm32f4xx.o(i.SystemInit)
    TFTLCD_Init                              0x08004345   Thumb Code  5540  lcd.o(i.TFTLCD_Init)
    TIM7_IRQHandler                          0x080058e9   Thumb Code    10  stm32f4xx_it.o(i.TIM7_IRQHandler)
    TIM7_PROCESS                             0x080058f9   Thumb Code    30  board.o(i.TIM7_PROCESS)
    TIM_Base_SetConfig                       0x08005921   Thumb Code   170  stm32f4xx_hal_tim.o(i.TIM_Base_SetConfig)
    USART1_IRQHandler                        0x08005f31   Thumb Code    10  stm32f4xx_it.o(i.USART1_IRQHandler)
    USER_TIM7_Init                           0x08005f41   Thumb Code    30  tim.o(i.USER_TIM7_Init)
    UsageFault_Handler                       0x08005f69   Thumb Code     4  stm32f4xx_it.o(i.UsageFault_Handler)
    __scatterload_copy                       0x08005fa5   Thumb Code    14  handlers.o(i.__scatterload_copy)
    __scatterload_null                       0x08005fb3   Thumb Code     2  handlers.o(i.__scatterload_null)
    __scatterload_zeroinit                   0x08005fb5   Thumb Code    14  handlers.o(i.__scatterload_zeroinit)
    board_quick                              0x08005fc3   Thumb Code    12  board.o(i.board_quick)
    delay_ms                                 0x08005fcf   Thumb Code    56  systick.o(i.delay_ms)
    delay_nms                                0x08006009   Thumb Code    72  systick.o(i.delay_nms)
    delay_us                                 0x08006055   Thumb Code    72  systick.o(i.delay_us)
    main                                     0x080060a1   Thumb Code    44  main.o(i.main)
    startManage                              0x080060cd   Thumb Code    44  board.o(i.startManage)
    str_DrawFRONT_COLOR                      0x08006101   Thumb Code    90  str.o(i.str_DrawFRONT_COLOR)
    str_ShowChar                             0x08006165   Thumb Code   272  str.o(i.str_ShowChar)
    str_ShowString                           0x0800628d   Thumb Code   102  str.o(i.str_ShowString)
    AHBPrescTable                            0x080062fa   Data          16  system_stm32f4xx.o(.constdata)
    APBPrescTable                            0x0800630a   Data           8  system_stm32f4xx.o(.constdata)
    ascii_1206                               0x08006312   Data        1140  str.o(.constdata)
    ascii_1608                               0x08006786   Data        1520  str.o(.constdata)
    ascii_2412                               0x08006d76   Data        3420  str.o(.constdata)
    ov7670_init_reg_tbl                      0x08007ad2   Data         332  ov7670.o(.constdata)
    ov7670_init_reg_tb2                      0x08007c1e   Data         336  ov7670.o(.constdata)
    Region$$Table$$Base                      0x08007d70   Number         0  anon$$obj.o(Region$$Table)
    Region$$Table$$Limit                     0x08007d90   Number         0  anon$$obj.o(Region$$Table)
    uwTick                                   0x20000008   Data           4  stm32f4xx_hal.o(.data)
    uwTickPrio                               0x2000000c   Data           4  stm32f4xx_hal.o(.data)
    uwTickFreq                               0x20000010   Data           1  stm32f4xx_hal.o(.data)
    SystemCoreClock                          0x20000014   Data           4  system_stm32f4xx.o(.data)
    rx_buffer                                0x2000001c   Data           1  board.o(.data)
    TIM7_EN                                  0x2000001d   Data           1  tim.o(.data)
    FRONT_COLOR                              0x2000001e   Data           2  lcd.o(.data)
    BACK_COLOR                               0x20000020   Data           2  lcd.o(.data)
    pic                                      0x20000022   Data          32  dcmi.o(.data)
    flag_photo                               0x20000042   Data           1  dcmi.o(.data)
    LCD_RAM_FATA_BUFF                        0x20000044   Data           2  dcmi.o(.data)
    hdcmi                                    0x20000048   Data          64  main.o(.bss)
    hdma_dcmi                                0x20000088   Data          96  main.o(.bss)
    htim7                                    0x200000e8   Data          64  main.o(.bss)
    huart1                                   0x20000128   Data          64  main.o(.bss)
    hdma_usart1_tx                           0x20000168   Data          96  main.o(.bss)
    hsram1                                   0x200001c8   Data          80  main.o(.bss)
    key                                      0x20000218   Data          12  key.o(.bss)
    tftlcd_data                              0x20000224   Data          14  lcd.o(.bss)
    __initial_sp                             0x20000638   Data           0  startup_stm32f407xx.o(STACK)



==============================================================================

Memory Map of the image

  Image Entry point : 0x08000189

  Load Region LR_IROM1 (Base: 0x08000000, Size: 0x00007dd8, Max: 0x00100000, ABSOLUTE)

    Execution Region ER_IROM1 (Exec base: 0x08000000, Load base: 0x08000000, Size: 0x00007d90, Max: 0x00100000, ABSOLUTE)

    Exec Addr    Load Addr    Size         Type   Attr      Idx    E Section Name        Object

    0x08000000   0x08000000   0x00000188   Data   RO         3295    RESET               startup_stm32f407xx.o
    0x08000188   0x08000188   0x00000000   Code   RO         4152  * .ARM.Collect$$$$00000000  mc_w.l(entry.o)
    0x08000188   0x08000188   0x00000004   Code   RO         4161    .ARM.Collect$$$$00000001  mc_w.l(entry2.o)
    0x0800018c   0x0800018c   0x00000004   Code   RO         4164    .ARM.Collect$$$$00000004  mc_w.l(entry5.o)
    0x08000190   0x08000190   0x00000000   Code   RO         4166    .ARM.Collect$$$$00000008  mc_w.l(entry7b.o)
    0x08000190   0x08000190   0x00000000   Code   RO         4168    .ARM.Collect$$$$0000000A  mc_w.l(entry8b.o)
    0x08000190   0x08000190   0x00000008   Code   RO         4169    .ARM.Collect$$$$0000000B  mc_w.l(entry9a.o)
    0x08000198   0x08000198   0x00000000   Code   RO         4171    .ARM.Collect$$$$0000000D  mc_w.l(entry10a.o)
    0x08000198   0x08000198   0x00000000   Code   RO         4173    .ARM.Collect$$$$0000000F  mc_w.l(entry11a.o)
    0x08000198   0x08000198   0x00000004   Code   RO         4162    .ARM.Collect$$$$00002712  mc_w.l(entry2.o)
    0x0800019c   0x0800019c   0x00000024   Code   RO         3296    .text               startup_stm32f407xx.o
    0x080001c0   0x080001c0   0x00000062   Code   RO         4155    .text               mc_w.l(uldiv.o)
    0x08000222   0x08000222   0x00000024   Code   RO         4157    .text               mc_w.l(memseta.o)
    0x08000246   0x08000246   0x0000001e   Code   RO         4175    .text               mc_w.l(llshl.o)
    0x08000264   0x08000264   0x00000020   Code   RO         4177    .text               mc_w.l(llushr.o)
    0x08000284   0x08000284   0x00000024   Code   RO         4179    .text               mc_w.l(init.o)
    0x080002a8   0x080002a8   0x00000004   Code   RO          210    i.BusFault_Handler  stm32f4xx_it.o
    0x080002ac   0x080002ac   0x0000001c   Code   RO          404    i.DCMI_DMAError     stm32f4xx_hal_dcmi.o
    0x080002c8   0x080002c8   0x000000c6   Code   RO          405    i.DCMI_DMAXferCplt  stm32f4xx_hal_dcmi.o
    0x0800038e   0x0800038e   0x00000002   PAD
    0x08000390   0x08000390   0x00000010   Code   RO          211    i.DCMI_IRQHandler   stm32f4xx_it.o
    0x080003a0   0x080003a0   0x00000010   Code   RO          212    i.DMA2_Stream1_IRQHandler  stm32f4xx_it.o
    0x080003b0   0x080003b0   0x00000010   Code   RO          213    i.DMA2_Stream7_IRQHandler  stm32f4xx_it.o
    0x080003c0   0x080003c0   0x00000034   Code   RO         1068    i.DMA_CalcBaseAndBitshift  stm32f4xx_hal_dma.o
    0x080003f4   0x080003f4   0x000000aa   Code   RO         1069    i.DMA_CheckFifoParam  stm32f4xx_hal_dma.o
    0x0800049e   0x0800049e   0x00000020   Code   RO         1027    i.DMA_MultiBufferSetConfig  stm32f4xx_hal_dma_ex.o
    0x080004be   0x080004be   0x0000002c   Code   RO         1070    i.DMA_SetConfig     stm32f4xx_hal_dma.o
    0x080004ea   0x080004ea   0x00000002   Code   RO          214    i.DebugMon_Handler  stm32f4xx_it.o
    0x080004ec   0x080004ec   0x00000002   Code   RO            4    i.Error_Handler     main.o
    0x080004ee   0x080004ee   0x00000002   PAD
    0x080004f0   0x080004f0   0x00000048   Code   RO         1751    i.FSMC_NORSRAM_Extended_Timing_Init  stm32f4xx_ll_fsmc.o
    0x08000538   0x08000538   0x0000005c   Code   RO         1752    i.FSMC_NORSRAM_Init  stm32f4xx_ll_fsmc.o
    0x08000594   0x08000594   0x00000044   Code   RO         1753    i.FSMC_NORSRAM_Timing_Init  stm32f4xx_ll_fsmc.o
    0x080005d8   0x080005d8   0x00000042   Code   RO         3424    i.Get_Key_Status    key.o
    0x0800061a   0x0800061a   0x00000002   Code   RO          410    i.HAL_DCMI_ErrorCallback  stm32f4xx_hal_dcmi.o
    0x0800061c   0x0800061c   0x00000002   Code   RO          411    i.HAL_DCMI_FrameEventCallback  stm32f4xx_hal_dcmi.o
    0x0800061e   0x0800061e   0x00000002   PAD
    0x08000620   0x08000620   0x000000b0   Code   RO          414    i.HAL_DCMI_IRQHandler  stm32f4xx_hal_dcmi.o
    0x080006d0   0x080006d0   0x00000086   Code   RO          540    i.HAL_DCMI_Init     stm32f4xx_hal_dcmi_ex.o
    0x08000756   0x08000756   0x00000002   Code   RO          416    i.HAL_DCMI_LineEventCallback  stm32f4xx_hal_dcmi.o
    0x08000758   0x08000758   0x000001a0   Code   RO          320    i.HAL_DCMI_MspInit  stm32f4xx_hal_msp.o
    0x080008f8   0x080008f8   0x000000ec   Code   RO          420    i.HAL_DCMI_Start_DMA  stm32f4xx_hal_dcmi.o
    0x080009e4   0x080009e4   0x0000008c   Code   RO          421    i.HAL_DCMI_Stop     stm32f4xx_hal_dcmi.o
    0x08000a70   0x08000a70   0x00000002   Code   RO          423    i.HAL_DCMI_VsyncEventCallback  stm32f4xx_hal_dcmi.o
    0x08000a72   0x08000a72   0x00000012   Code   RO         1028    i.HAL_DMAEx_ChangeMemory  stm32f4xx_hal_dma_ex.o
    0x08000a84   0x08000a84   0x00000fd8   Code   RO         1030    i.HAL_DMAEx_MultiBufferStart_IT  stm32f4xx_hal_dma_ex.o
    0x08001a5c   0x08001a5c   0x000000aa   Code   RO         1071    i.HAL_DMA_Abort     stm32f4xx_hal_dma.o
    0x08001b06   0x08001b06   0x00000028   Code   RO         1072    i.HAL_DMA_Abort_IT  stm32f4xx_hal_dma.o
    0x08001b2e   0x08001b2e   0x00000002   PAD
    0x08001b30   0x08001b30   0x00000240   Code   RO         1076    i.HAL_DMA_IRQHandler  stm32f4xx_hal_dma.o
    0x08001d70   0x08001d70   0x000000ec   Code   RO         1077    i.HAL_DMA_Init      stm32f4xx_hal_dma.o
    0x08001e5c   0x08001e5c   0x0000009e   Code   RO         1081    i.HAL_DMA_Start_IT  stm32f4xx_hal_dma.o
    0x08001efa   0x08001efa   0x00000002   PAD
    0x08001efc   0x08001efc   0x000000d0   Code   RO          322    i.HAL_FSMC_MspInit  stm32f4xx_hal_msp.o
    0x08001fcc   0x08001fcc   0x00000200   Code   RO          964    i.HAL_GPIO_Init     stm32f4xx_hal_gpio.o
    0x080021cc   0x080021cc   0x00000010   Code   RO          966    i.HAL_GPIO_ReadPin  stm32f4xx_hal_gpio.o
    0x080021dc   0x080021dc   0x0000000c   Code   RO          968    i.HAL_GPIO_WritePin  stm32f4xx_hal_gpio.o
    0x080021e8   0x080021e8   0x0000000c   Code   RO         1501    i.HAL_GetTick       stm32f4xx_hal.o
    0x080021f4   0x080021f4   0x00000018   Code   RO         1507    i.HAL_IncTick       stm32f4xx_hal.o
    0x0800220c   0x0800220c   0x0000003c   Code   RO         1508    i.HAL_Init          stm32f4xx_hal.o
    0x08002248   0x08002248   0x0000004c   Code   RO         1509    i.HAL_InitTick      stm32f4xx_hal.o
    0x08002294   0x08002294   0x00000048   Code   RO          323    i.HAL_MspInit       stm32f4xx_hal_msp.o
    0x080022dc   0x080022dc   0x00000020   Code   RO         1353    i.HAL_NVIC_EnableIRQ  stm32f4xx_hal_cortex.o
    0x080022fc   0x080022fc   0x0000007c   Code   RO         1359    i.HAL_NVIC_SetPriority  stm32f4xx_hal_cortex.o
    0x08002378   0x08002378   0x00000028   Code   RO         1360    i.HAL_NVIC_SetPriorityGrouping  stm32f4xx_hal_cortex.o
    0x080023a0   0x080023a0   0x00000180   Code   RO          565    i.HAL_RCC_ClockConfig  stm32f4xx_hal_rcc.o
    0x08002520   0x08002520   0x0000000c   Code   RO          570    i.HAL_RCC_GetHCLKFreq  stm32f4xx_hal_rcc.o
    0x0800252c   0x0800252c   0x00000020   Code   RO          572    i.HAL_RCC_GetPCLK1Freq  stm32f4xx_hal_rcc.o
    0x0800254c   0x0800254c   0x00000020   Code   RO          573    i.HAL_RCC_GetPCLK2Freq  stm32f4xx_hal_rcc.o
    0x0800256c   0x0800256c   0x000000b0   Code   RO          574    i.HAL_RCC_GetSysClockFreq  stm32f4xx_hal_rcc.o
    0x0800261c   0x0800261c   0x000000c0   Code   RO          575    i.HAL_RCC_MCOConfig  stm32f4xx_hal_rcc.o
    0x080026dc   0x080026dc   0x00000448   Code   RO          577    i.HAL_RCC_OscConfig  stm32f4xx_hal_rcc.o
    0x08002b24   0x08002b24   0x00000058   Code   RO         1873    i.HAL_SRAM_Init     stm32f4xx_hal_sram.o
    0x08002b7c   0x08002b7c   0x0000000a   Code   RO          325    i.HAL_SRAM_MspInit  stm32f4xx_hal_msp.o
    0x08002b86   0x08002b86   0x00000028   Code   RO         1362    i.HAL_SYSTICK_CLKSourceConfig  stm32f4xx_hal_cortex.o
    0x08002bae   0x08002bae   0x00000034   Code   RO         1364    i.HAL_SYSTICK_Config  stm32f4xx_hal_cortex.o
    0x08002be2   0x08002be2   0x00000002   Code   RO         2677    i.HAL_TIMEx_BreakCallback  stm32f4xx_hal_tim_ex.o
    0x08002be4   0x08002be4   0x00000002   Code   RO         2678    i.HAL_TIMEx_CommutCallback  stm32f4xx_hal_tim_ex.o
    0x08002be6   0x08002be6   0x00000054   Code   RO         2695    i.HAL_TIMEx_MasterConfigSynchronization  stm32f4xx_hal_tim_ex.o
    0x08002c3a   0x08002c3a   0x00000034   Code   RO         1991    i.HAL_TIM_Base_Init  stm32f4xx_hal_tim.o
    0x08002c6e   0x08002c6e   0x00000002   PAD
    0x08002c70   0x08002c70   0x00000048   Code   RO          327    i.HAL_TIM_Base_MspInit  stm32f4xx_hal_msp.o
    0x08002cb8   0x08002cb8   0x0000002a   Code   RO         1996    i.HAL_TIM_Base_Start_IT  stm32f4xx_hal_tim.o
    0x08002ce2   0x08002ce2   0x00000002   Code   RO         2020    i.HAL_TIM_IC_CaptureCallback  stm32f4xx_hal_tim.o
    0x08002ce4   0x08002ce4   0x00000196   Code   RO         2034    i.HAL_TIM_IRQHandler  stm32f4xx_hal_tim.o
    0x08002e7a   0x08002e7a   0x00000002   Code   RO         2037    i.HAL_TIM_OC_DelayElapsedCallback  stm32f4xx_hal_tim.o
    0x08002e7c   0x08002e7c   0x00000002   Code   RO         2064    i.HAL_TIM_PWM_PulseFinishedCallback  stm32f4xx_hal_tim.o
    0x08002e7e   0x08002e7e   0x00000002   PAD
    0x08002e80   0x08002e80   0x00000018   Code   RO         3463    i.HAL_TIM_PeriodElapsedCallback  tim.o
    0x08002e98   0x08002e98   0x00000002   Code   RO         2077    i.HAL_TIM_TriggerCallback  stm32f4xx_hal_tim.o
    0x08002e9a   0x08002e9a   0x00000002   Code   RO         2949    i.HAL_UART_ErrorCallback  stm32f4xx_hal_uart.o
    0x08002e9c   0x08002e9c   0x0000014c   Code   RO         2952    i.HAL_UART_IRQHandler  stm32f4xx_hal_uart.o
    0x08002fe8   0x08002fe8   0x00000072   Code   RO         2953    i.HAL_UART_Init     stm32f4xx_hal_uart.o
    0x0800305a   0x0800305a   0x00000002   PAD
    0x0800305c   0x0800305c   0x000000dc   Code   RO          329    i.HAL_UART_MspInit  stm32f4xx_hal_msp.o
    0x08003138   0x08003138   0x00000002   Code   RO         2959    i.HAL_UART_RxCpltCallback  stm32f4xx_hal_uart.o
    0x0800313a   0x0800313a   0x000000d6   Code   RO         2961    i.HAL_UART_Transmit  stm32f4xx_hal_uart.o
    0x08003210   0x08003210   0x00000002   Code   RO         2964    i.HAL_UART_TxCpltCallback  stm32f4xx_hal_uart.o
    0x08003212   0x08003212   0x00000004   Code   RO          215    i.HardFault_Handler  stm32f4xx_it.o
    0x08003216   0x08003216   0x00000014   Code   RO         3425    i.KEY_Param_Init    key.o
    0x0800322a   0x0800322a   0x00000002   PAD
    0x0800322c   0x0800322c   0x00000084   Code   RO         3347    i.Key_Process       board.o
    0x080032b0   0x080032b0   0x00000070   Code   RO         3426    i.Key_Read          key.o
    0x08003320   0x08003320   0x00000034   Code   RO         3600    i.LCD_Clear         lcd.o
    0x08003354   0x08003354   0x00000074   Code   RO         3601    i.LCD_Display_Dir   lcd.o
    0x080033c8   0x080033c8   0x00000094   Code   RO         3602    i.LCD_FSMCInit      lcd.o
    0x0800345c   0x0800345c   0x000000bc   Code   RO         3603    i.LCD_GPIOInit      lcd.o
    0x08003518   0x08003518   0x0000000c   Code   RO         3604    i.LCD_ReadData      lcd.o
    0x08003524   0x08003524   0x00000064   Code   RO         3605    i.LCD_ReadPoint     lcd.o
    0x08003588   0x08003588   0x0000013c   Code   RO         3606    i.LCD_Scan_Dir      lcd.o
    0x080036c4   0x080036c4   0x0000004c   Code   RO         3607    i.LCD_SetCursor     lcd.o
    0x08003710   0x08003710   0x000000ac   Code   RO         3608    i.LCD_Set_Window    lcd.o
    0x080037bc   0x080037bc   0x00000010   Code   RO         3609    i.LCD_WR_DATA       lcd.o
    0x080037cc   0x080037cc   0x00000010   Code   RO         3610    i.LCD_WR_REG        lcd.o
    0x080037dc   0x080037dc   0x0000000c   Code   RO         3611    i.LCD_WriteCmd      lcd.o
    0x080037e8   0x080037e8   0x0000000c   Code   RO         3613    i.LCD_WriteData     lcd.o
    0x080037f4   0x080037f4   0x00000014   Code   RO         3615    i.LCD_WriteRAM_Prepare  lcd.o
    0x08003808   0x08003808   0x00000014   Code   RO         3616    i.LCD_WriteReg      lcd.o
    0x0800381c   0x0800381c   0x00000034   Code   RO            5    i.MX_DCMI_Init      main.o
    0x08003850   0x08003850   0x00000048   Code   RO            6    i.MX_DMA_Init       main.o
    0x08003898   0x08003898   0x000000a0   Code   RO            7    i.MX_FSMC_Init      main.o
    0x08003938   0x08003938   0x00000238   Code   RO            8    i.MX_GPIO_Init      main.o
    0x08003b70   0x08003b70   0x00000044   Code   RO            9    i.MX_TIM7_Init      main.o
    0x08003bb4   0x08003bb4   0x00000038   Code   RO           10    i.MX_USART1_UART_Init  main.o
    0x08003bec   0x08003bec   0x00000004   Code   RO          216    i.MemManage_Handler  stm32f4xx_it.o
    0x08003bf0   0x08003bf0   0x00000024   Code   RO         3958    i.My_DCMI_START     dcmi.o
    0x08003c14   0x08003c14   0x00000088   Code   RO         3959    i.My_OV7670_Init    dcmi.o
    0x08003c9c   0x08003c9c   0x000000a8   Code   RO         3960    i.My_TAKE_A_PICTURE  dcmi.o
    0x08003d44   0x08003d44   0x00000002   Code   RO          217    i.NMI_Handler       stm32f4xx_it.o
    0x08003d46   0x08003d46   0x00000002   PAD
    0x08003d48   0x08003d48   0x000000b4   Code   RO         4013    i.OV7670_Init       ov7670.o
    0x08003dfc   0x08003dfc   0x00000092   Code   RO         4016    i.OV7670_Window_Set  ov7670.o
    0x08003e8e   0x08003e8e   0x00000002   Code   RO          218    i.PendSV_Handler    stm32f4xx_it.o
    0x08003e90   0x08003e90   0x00000078   Code   RO         4089    i.SCCB_Init         sccb.o
    0x08003f08   0x08003f08   0x00000058   Code   RO         4090    i.SCCB_No_Ack       sccb.o
    0x08003f60   0x08003f60   0x00000078   Code   RO         4091    i.SCCB_RD_Byte      sccb.o
    0x08003fd8   0x08003fd8   0x00000074   Code   RO         4092    i.SCCB_RD_Reg       sccb.o
    0x0800404c   0x0800404c   0x00000050   Code   RO         4093    i.SCCB_Start        sccb.o
    0x0800409c   0x0800409c   0x00000040   Code   RO         4094    i.SCCB_Stop         sccb.o
    0x080040dc   0x080040dc   0x000000b8   Code   RO         4095    i.SCCB_WR_Byte      sccb.o
    0x08004194   0x08004194   0x0000003e   Code   RO         4096    i.SCCB_WR_Reg       sccb.o
    0x080041d2   0x080041d2   0x00000002   Code   RO          219    i.SVC_Handler       stm32f4xx_it.o
    0x080041d4   0x080041d4   0x00000008   Code   RO          220    i.SysTick_Handler   stm32f4xx_it.o
    0x080041dc   0x080041dc   0x0000003c   Code   RO         3303    i.SysTick_Init      systick.o
    0x08004218   0x08004218   0x000000c8   Code   RO           11    i.SystemClock_Config  main.o
    0x080042e0   0x080042e0   0x00000064   Code   RO         3260    i.SystemInit        system_stm32f4xx.o
    0x08004344   0x08004344   0x000015a4   Code   RO         3617    i.TFTLCD_Init       lcd.o
    0x080058e8   0x080058e8   0x00000010   Code   RO          221    i.TIM7_IRQHandler   stm32f4xx_it.o
    0x080058f8   0x080058f8   0x00000028   Code   RO         3348    i.TIM7_PROCESS      board.o
    0x08005920   0x08005920   0x000000d8   Code   RO         2079    i.TIM_Base_SetConfig  stm32f4xx_hal_tim.o
    0x080059f8   0x080059f8   0x00000014   Code   RO         2966    i.UART_DMAAbortOnError  stm32f4xx_hal_uart.o
    0x08005a0c   0x08005a0c   0x00000020   Code   RO         2976    i.UART_EndRxTransfer  stm32f4xx_hal_uart.o
    0x08005a2c   0x08005a2c   0x00000020   Code   RO         2977    i.UART_EndTransmit_IT  stm32f4xx_hal_uart.o
    0x08005a4c   0x08005a4c   0x000000a6   Code   RO         2979    i.UART_Receive_IT   stm32f4xx_hal_uart.o
    0x08005af2   0x08005af2   0x00000002   PAD
    0x08005af4   0x08005af4   0x00000368   Code   RO         2980    i.UART_SetConfig    stm32f4xx_hal_uart.o
    0x08005e5c   0x08005e5c   0x00000068   Code   RO         2981    i.UART_Transmit_IT  stm32f4xx_hal_uart.o
    0x08005ec4   0x08005ec4   0x0000006c   Code   RO         2982    i.UART_WaitOnFlagUntilTimeout  stm32f4xx_hal_uart.o
    0x08005f30   0x08005f30   0x00000010   Code   RO          222    i.USART1_IRQHandler  stm32f4xx_it.o
    0x08005f40   0x08005f40   0x00000028   Code   RO         3464    i.USER_TIM7_Init    tim.o
    0x08005f68   0x08005f68   0x00000004   Code   RO          223    i.UsageFault_Handler  stm32f4xx_it.o
    0x08005f6c   0x08005f6c   0x00000010   Code   RO         1366    i.__NVIC_GetPriorityGrouping  stm32f4xx_hal_cortex.o
    0x08005f7c   0x08005f7c   0x00000028   Code   RO         1367    i.__NVIC_SetPriority  stm32f4xx_hal_cortex.o
    0x08005fa4   0x08005fa4   0x0000000e   Code   RO         4183    i.__scatterload_copy  mc_w.l(handlers.o)
    0x08005fb2   0x08005fb2   0x00000002   Code   RO         4184    i.__scatterload_null  mc_w.l(handlers.o)
    0x08005fb4   0x08005fb4   0x0000000e   Code   RO         4185    i.__scatterload_zeroinit  mc_w.l(handlers.o)
    0x08005fc2   0x08005fc2   0x0000000c   Code   RO         3349    i.board_quick       board.o
    0x08005fce   0x08005fce   0x00000038   Code   RO         3304    i.delay_ms          systick.o
    0x08006006   0x08006006   0x00000002   PAD
    0x08006008   0x08006008   0x0000004c   Code   RO         3305    i.delay_nms         systick.o
    0x08006054   0x08006054   0x0000004c   Code   RO         3306    i.delay_us          systick.o
    0x080060a0   0x080060a0   0x0000002c   Code   RO           12    i.main              main.o
    0x080060cc   0x080060cc   0x00000034   Code   RO         3350    i.startManage       board.o
    0x08006100   0x08006100   0x00000064   Code   RO         3497    i.str_DrawFRONT_COLOR  str.o
    0x08006164   0x08006164   0x00000128   Code   RO         3498    i.str_ShowChar      str.o
    0x0800628c   0x0800628c   0x00000066   Code   RO         3499    i.str_ShowString    str.o
    0x080062f2   0x080062f2   0x00000008   Data   RO         1083    .constdata          stm32f4xx_hal_dma.o
    0x080062fa   0x080062fa   0x00000018   Data   RO         3261    .constdata          system_stm32f4xx.o
    0x08006312   0x08006312   0x000017c0   Data   RO         3501    .constdata          str.o
    0x08007ad2   0x08007ad2   0x0000029c   Data   RO         4017    .constdata          ov7670.o
    0x08007d6e   0x08007d6e   0x00000002   PAD
    0x08007d70   0x08007d70   0x00000020   Data   RO         4181    Region$$Table       anon$$obj.o


    Execution Region RW_IRAM1 (Exec base: 0x20000000, Load base: 0x08007d90, Size: 0x00000638, Max: 0x00020000, ABSOLUTE)

    Exec Addr    Load Addr    Size         Type   Attr      Idx    E Section Name        Object

    0x20000000   0x08007d90   0x00000008   Data   RW          330    .data               stm32f4xx_hal_msp.o
    0x20000008   0x08007d98   0x00000009   Data   RW         1515    .data               stm32f4xx_hal.o
    0x20000011   0x08007da1   0x00000003   PAD
    0x20000014   0x08007da4   0x00000004   Data   RW         3262    .data               system_stm32f4xx.o
    0x20000018   0x08007da8   0x00000004   Data   RW         3307    .data               systick.o
    0x2000001c   0x08007dac   0x00000001   Data   RW         3351    .data               board.o
    0x2000001d   0x08007dad   0x00000001   Data   RW         3465    .data               tim.o
    0x2000001e   0x08007dae   0x00000004   Data   RW         3620    .data               lcd.o
    0x20000022   0x08007db2   0x00000024   Data   RW         3961    .data               dcmi.o
    0x20000046   0x08007dd6   0x00000002   PAD
    0x20000048        -       0x000001d0   Zero   RW           13    .bss                main.o
    0x20000218        -       0x0000000c   Zero   RW         3427    .bss                key.o
    0x20000224        -       0x0000000e   Zero   RW         3619    .bss                lcd.o
    0x20000232   0x08007dd6   0x00000006   PAD
    0x20000238        -       0x00000400   Zero   RW         3293    STACK               startup_stm32f407xx.o


==============================================================================

Image component sizes


      Code (inc. data)   RO Data    RW Data    ZI Data      Debug   Object Name

       236         34          0          1          0       2949   board.o
       340         64          0         36          0       2252   dcmi.o
       198         10          0          0         12       2235   key.o
      6816        118          0          4         14      15615   lcd.o
      1222         82          0          0        464     717897   main.o
       326         14        668          0          0       2484   ov7670.o
       834         32          0          0          0       5009   sccb.o
        36          8        392          0       1024        920   startup_stm32f407xx.o
       172         32          0          9          0       3989   stm32f4xx_hal.o
       344         22          0          0          0      35173   stm32f4xx_hal_cortex.o
       786         20          0          0          0       6717   stm32f4xx_hal_dcmi.o
       134          0          0          0          0       1108   stm32f4xx_hal_dcmi_ex.o
      1446         16          8          0          0       7138   stm32f4xx_hal_dma.o
      4106         34          0          0          0       5001   stm32f4xx_hal_dma_ex.o
       540         46          0          0          0       3031   stm32f4xx_hal_gpio.o
       998         94          0          8          0       4865   stm32f4xx_hal_msp.o
      1924         98          0          0          0       6532   stm32f4xx_hal_rcc.o
        88          0          0          0          0       1228   stm32f4xx_hal_sram.o
       724         46          0          0          0       5855   stm32f4xx_hal_tim.o
        88          0          0          0          0       2485   stm32f4xx_hal_tim_ex.o
      2000         12          0          0          0       9851   stm32f4xx_hal_uart.o
       112         30          0          0          0       6726   stm32f4xx_it.o
       232         10          0          0          0       2775   stm32f4xx_ll_fsmc.o
       498         34       6080          0          0       3726   str.o
       100         18         24          4          0       1191   system_stm32f4xx.o
       268         18          0          4          0       2497   systick.o
        64         18          0          1          0       1619   tim.o

    ----------------------------------------------------------------------
     24656        910       7206         72       1520     860868   Object Totals
         0          0         32          0          0          0   (incl. Generated)
        24          0          2          5          6          0   (incl. Padding)

    ----------------------------------------------------------------------

      Code (inc. data)   RO Data    RW Data    ZI Data      Debug   Library Member Name

         0          0          0          0          0          0   entry.o
         0          0          0          0          0          0   entry10a.o
         0          0          0          0          0          0   entry11a.o
         8          4          0          0          0          0   entry2.o
         4          0          0          0          0          0   entry5.o
         0          0          0          0          0          0   entry7b.o
         0          0          0          0          0          0   entry8b.o
         8          4          0          0          0          0   entry9a.o
        30          0          0          0          0          0   handlers.o
        36          8          0          0          0         68   init.o
        30          0          0          0          0         68   llshl.o
        32          0          0          0          0         68   llushr.o
        36          0          0          0          0        108   memseta.o
        98          0          0          0          0         92   uldiv.o

    ----------------------------------------------------------------------
       282         16          0          0          0        404   Library Totals
         0          0          0          0          0          0   (incl. Padding)

    ----------------------------------------------------------------------

      Code (inc. data)   RO Data    RW Data    ZI Data      Debug   Library Name

       282         16          0          0          0        404   mc_w.l

    ----------------------------------------------------------------------
       282         16          0          0          0        404   Library Totals

    ----------------------------------------------------------------------

==============================================================================


      Code (inc. data)   RO Data    RW Data    ZI Data      Debug   

     24938        926       7206         72       1520     847572   Grand Totals
     24938        926       7206         72       1520     847572   ELF Image Totals
     24938        926       7206         72          0          0   ROM Totals

==============================================================================

    Total RO  Size (Code + RO Data)                32144 (  31.39kB)
    Total RW  Size (RW Data + ZI Data)              1592 (   1.55kB)
    Total ROM Size (Code + RO Data + RW Data)      32216 (  31.46kB)

==============================================================================

